Component: ARM Compiler 5.05 update 1 (build 106) Tool: armlink [4d0efa]

==============================================================================

Section Cross References

    main.o(i.Start_Tast) refers to port.o(i.vPortEnterCritical) for vPortEnterCritical
    main.o(i.Start_Tast) refers to query_task.o(i.CreateQueryTask) for CreateQueryTask
    main.o(i.Start_Tast) refers to binarysemaphore.o(i.Create_BIN_Task) for Create_BIN_Task
    main.o(i.Start_Tast) refers to heat_task.o(i.CreateHeatTask) for CreateHeatTask
    main.o(i.Start_Tast) refers to tasks.o(i.vTaskDelete) for vTaskDelete
    main.o(i.Start_Tast) refers to port.o(i.vPortExitCritical) for vPortExitCritical
    main.o(i.Start_Tast) refers to main.o(.data) for Start_Task_Handler
    main.o(i.main) refers to usart.o(i.USART1_INIT) for USART1_INIT
    main.o(i.main) refers to misc.o(i.NVIC_PriorityGroupConfig) for NVIC_PriorityGroupConfig
    main.o(i.main) refers to delay.o(i.delay_init) for delay_init
    main.o(i.main) refers to timer.o(i.TIME_INIT) for TIME_INIT
    main.o(i.main) refers to tasks.o(i.xTaskCreate) for xTaskCreate
    main.o(i.main) refers to tasks.o(i.vTaskStartScheduler) for vTaskStartScheduler
    main.o(i.main) refers to main.o(.data) for Start_Task_Handler
    main.o(i.main) refers to main.o(i.Start_Tast) for Start_Tast
    system_stm32f10x.o(i.SetSysClock) refers to system_stm32f10x.o(i.SetSysClockTo72) for SetSysClockTo72
    system_stm32f10x.o(i.SystemCoreClockUpdate) refers to system_stm32f10x.o(.data) for SystemCoreClock
    system_stm32f10x.o(i.SystemInit) refers to system_stm32f10x.o(i.SetSysClock) for SetSysClock
    usart.o(i.DMA1_Channel4_IRQHandler_RUN) refers to stm32f10x_dma.o(i.DMA_GetITStatus) for DMA_GetITStatus
    usart.o(i.DMA1_Channel4_IRQHandler_RUN) refers to stm32f10x_dma.o(i.DMA_ClearITPendingBit) for DMA_ClearITPendingBit
    usart.o(i.DMA1_Channel4_IRQHandler_RUN) refers to stm32f10x_usart.o(i.USART_DMACmd) for USART_DMACmd
    usart.o(i.DMA1_Channel4_IRQHandler_RUN) refers to stm32f10x_dma.o(i.DMA_Cmd) for DMA_Cmd
    usart.o(i.DMA1_Channel4_IRQHandler_RUN) refers to usart.o(.data) for Uart1TxSem
    usart.o(i.MAIN_USART_DMA_CONFIGURATION) refers to stm32f10x_rcc.o(i.RCC_AHBPeriphClockCmd) for RCC_AHBPeriphClockCmd
    usart.o(i.MAIN_USART_DMA_CONFIGURATION) refers to stm32f10x_dma.o(i.DMA_DeInit) for DMA_DeInit
    usart.o(i.MAIN_USART_DMA_CONFIGURATION) refers to stm32f10x_dma.o(i.DMA_Init) for DMA_Init
    usart.o(i.MAIN_USART_DMA_CONFIGURATION) refers to stm32f10x_dma.o(i.DMA_ITConfig) for DMA_ITConfig
    usart.o(i.MAIN_USART_DMA_CONFIGURATION) refers to misc.o(i.NVIC_Init) for NVIC_Init
    usart.o(i.UART_PRINTF) refers to printfa.o(i.__0vsprintf) for __c89vsprintf
    usart.o(i.UART_PRINTF) refers to usart.o(i.UART_PutStr) for UART_PutStr
    usart.o(i.UART_PRINTF) refers to usart.o(.bss) for U1
    usart.o(i.UART_PutChar) refers to stm32f10x_usart.o(i.USART_SendData) for USART_SendData
    usart.o(i.UART_PutChar) refers to stm32f10x_usart.o(i.USART_GetFlagStatus) for USART_GetFlagStatus
    usart.o(i.UART_PutStr) refers to usart.o(i.UART_PutChar) for UART_PutChar
    usart.o(i.USART1PCReceiver) refers to usart.o(i.UART_FIFO_READ) for UART_FIFO_READ
    usart.o(i.USART1PCReceiver) refers to usart.o(.bss) for UART1_FIFO
    usart.o(i.USART1_DMA_SendNString) refers to stm32f10x_usart.o(i.USART_DMACmd) for USART_DMACmd
    usart.o(i.USART1_DMA_SendNString) refers to stm32f10x_dma.o(i.DMA_Cmd) for DMA_Cmd
    usart.o(i.USART1_INIT) refers to stm32f10x_rcc.o(i.RCC_APB2PeriphClockCmd) for RCC_APB2PeriphClockCmd
    usart.o(i.USART1_INIT) refers to stm32f10x_gpio.o(i.GPIO_Init) for GPIO_Init
    usart.o(i.USART1_INIT) refers to misc.o(i.NVIC_Init) for NVIC_Init
    usart.o(i.USART1_INIT) refers to stm32f10x_usart.o(i.USART_Init) for USART_Init
    usart.o(i.USART1_INIT) refers to stm32f10x_usart.o(i.USART_ITConfig) for USART_ITConfig
    usart.o(i.USART1_INIT) refers to stm32f10x_usart.o(i.USART_Cmd) for USART_Cmd
    usart.o(i.USART1_IRQHandler) refers to queue.o(i.xQueueGenericSendFromISR) for xQueueGenericSendFromISR
    usart.o(i.USART1_IRQHandler) refers to usart.o(i.UART_PRINTF) for UART_PRINTF
    usart.o(i.USART1_IRQHandler) refers to usart.o(.bss) for URBuf
    usart.o(i.USART1_IRQHandler) refers to usart.o(.data) for Rnum
    usart.o(i.USART1_IRQHandler) refers to queue_task.o(.data) for Message_Queue
    usart.o(i.USART1_Printf) refers to printfa.o(i.__0vsprintf) for __c89vsprintf
    usart.o(i.USART1_Printf) refers to usart.o(i.USART1_DMA_SendNString) for USART1_DMA_SendNString
    usart.o(i.USART1_Printf) refers to usart.o(.data) for Uart1TxSem
    usart.o(i.USART1_Printf) refers to usart.o(.bss) for U1
    delay.o(i.SysTick_Handler) refers to tasks.o(i.xTaskGetSchedulerState) for xTaskGetSchedulerState
    delay.o(i.SysTick_Handler) refers to port.o(i.xPortSysTickHandler) for xPortSysTickHandler
[...]
    ../clib/microlib/string/strcpy.c         0x00000000   Number         0  strcpy.o ABSOLUTE
    ../clib/microlib/string/strlen.c         0x00000000   Number         0  strlen.o ABSOLUTE
    ../clib/microlib/stubs.s                 0x00000000   Number         0  iusefp.o ABSOLUTE
    ../clib/microlib/stubs.s                 0x00000000   Number         0  iusesemip.o ABSOLUTE
    ../fplib/microlib/fpadd.c                0x00000000   Number         0  dadd.o ABSOLUTE
    ../fplib/microlib/fpdiv.c                0x00000000   Number         0  ddiv.o ABSOLUTE
    ../fplib/microlib/fpepilogue.c           0x00000000   Number         0  depilogue.o ABSOLUTE
    ../fplib/microlib/fpfix.c                0x00000000   Number         0  dfixul.o ABSOLUTE
    ../fplib/microlib/fpmul.c                0x00000000   Number         0  dmul.o ABSOLUTE
    ..\CORE\core_cm3.c                       0x00000000   Number         0  core_cm3.o ABSOLUTE
    ..\CORE\startup_stm32f10x_hd.s           0x00000000   Number         0  startup_stm32f10x_hd.o ABSOLUTE
    ..\FreeRTOS\croutine.c                   0x00000000   Number         0  croutine.o ABSOLUTE
    ..\FreeRTOS\event_groups.c               0x00000000   Number         0  event_groups.o ABSOLUTE
    ..\FreeRTOS\list.c                       0x00000000   Number         0  list.o ABSOLUTE
    ..\FreeRTOS\portable\MemMang\heap_4.c    0x00000000   Number         0  heap_4.o ABSOLUTE
    ..\FreeRTOS\portable\RVDS\ARM_CM3\port.c 0x00000000   Number         0  port.o ABSOLUTE
    ..\FreeRTOS\queue.c                      0x00000000   Number         0  queue.o ABSOLUTE
    ..\FreeRTOS\stream_buffer.c              0x00000000   Number         0  stream_buffer.o ABSOLUTE
    ..\FreeRTOS\tasks.c                      0x00000000   Number         0  tasks.o ABSOLUTE
    ..\FreeRTOS\timers.c                     0x00000000   Number         0  timers.o ABSOLUTE
    ..\STM32F10x_FWLib\src\misc.c            0x00000000   Number         0  misc.o ABSOLUTE
    ..\STM32F10x_FWLib\src\stm32f10x_bkp.c   0x00000000   Number         0  stm32f10x_bkp.o ABSOLUTE
    ..\STM32F10x_FWLib\src\stm32f10x_crc.c   0x00000000   Number         0  stm32f10x_crc.o ABSOLUTE
    ..\STM32F10x_FWLib\src\stm32f10x_dac.c   0x00000000   Number         0  stm32f10x_dac.o ABSOLUTE
    ..\STM32F10x_FWLib\src\stm32f10x_dma.c   0x00000000   Number         0  stm32f10x_dma.o ABSOLUTE
    ..\STM32F10x_FWLib\src\stm32f10x_exti.c  0x00000000   Number         0  stm32f10x_exti.o ABSOLUTE
    ..\STM32F10x_FWLib\src\stm32f10x_flash.c 0x00000000   Number         0  stm32f10x_flash.o ABSOLUTE
    ..\STM32F10x_FWLib\src\stm32f10x_fsmc.c  0x00000000   Number         0  stm32f10x_fsmc.o ABSOLUTE
    ..\STM32F10x_FWLib\src\stm32f10x_gpio.c  0x00000000   Number         0  stm32f10x_gpio.o ABSOLUTE
    ..\STM32F10x_FWLib\src\stm32f10x_iwdg.c  0x00000000   Number         0  stm32f10x_iwdg.o ABSOLUTE
    ..\STM32F10x_FWLib\src\stm32f10x_rcc.c   0x00000000   Number         0  stm32f10x_rcc.o ABSOLUTE
    ..\STM32F10x_FWLib\src\stm32f10x_rtc.c   0x00000000   Number         0  stm32f10x_rtc.o ABSOLUTE
    ..\STM32F10x_FWLib\src\stm32f10x_tim.c   0x00000000   Number         0  stm32f10x_tim.o ABSOLUTE
    ..\STM32F10x_FWLib\src\stm32f10x_usart.c 0x00000000   Number         0  stm32f10x_usart.o ABSOLUTE
    ..\SYSTEM\BinarySemaphore.c              0x00000000   Number         0  binarysemaphore.o ABSOLUTE
    ..\SYSTEM\Dynamic_Task.c                 0x00000000   Number         0  dynamic_task.o ABSOLUTE
    ..\SYSTEM\Heat_Task.c                    0x00000000   Number         0  heat_task.o ABSOLUTE
    ..\SYSTEM\List_Task.c                    0x00000000   Number         0  list_task.o ABSOLUTE
    ..\SYSTEM\My_task.c                      0x00000000   Number         0  my_task.o ABSOLUTE
    ..\SYSTEM\Query_Task.c                   0x00000000   Number         0  query_task.o ABSOLUTE
    ..\SYSTEM\Queue_Task.c                   0x00000000   Number         0  queue_task.o ABSOLUTE
    ..\SYSTEM\Static_Task.c                  0x00000000   Number         0  static_task.o ABSOLUTE
    ..\SYSTEM\Timer.c                        0x00000000   Number         0  timer.o ABSOLUTE
    ..\SYSTEM\delay.c                        0x00000000   Number         0  delay.o ABSOLUTE
    ..\SYSTEM\sys.c                          0x00000000   Number         0  sys.o ABSOLUTE
    ..\SYSTEM\usart.c                        0x00000000   Number         0  usart.o ABSOLUTE
    ..\\CORE\\core_cm3.c                     0x00000000   Number         0  core_cm3.o ABSOLUTE
    ..\\FreeRTOS\\portable\\RVDS\\ARM_CM3\\port.c 0x00000000   Number         0  port.o ABSOLUTE
    ..\\SYSTEM\\sys.c                        0x00000000   Number         0  sys.o ABSOLUTE
    cdrcmple.s                               0x00000000   Number         0  cdrcmple.o ABSOLUTE
    dc.s                                     0x00000000   Number         0  dc.o ABSOLUTE
    handlers.s                               0x00000000   Number         0  handlers.o ABSOLUTE
    init.s                                   0x00000000   Number         0  init.o ABSOLUTE
    main.c                                   0x00000000   Number         0  main.o ABSOLUTE
    stm32f10x_it.c                           0x00000000   Number         0  stm32f10x_it.o ABSOLUTE
    system_stm32f10x.c                       0x00000000   Number         0  system_stm32f10x.o ABSOLUTE
    RESET                                    0x08000000   Section      304  startup_stm32f10x_hd.o(RESET)
    .ARM.Collect$$$$00000000                 0x08000130   Section        0  entry.o(.ARM.Collect$$$$00000000)
    .ARM.Collect$$$$00000001                 0x08000130   Section        4  entry2.o(.ARM.Collect$$$$00000001)
    .ARM.Collect$$$$00000004                 0x08000134   Section        4  entry5.o(.ARM.Collect$$$$00000004)
    .ARM.Collect$$$$00000008                 0x08000138   Section        0  entry7b.o(.ARM.Collect$$$$00000008)
    .ARM.Collect$$$$0000000A                 0x08000138   Section        0  entry8b.o(.ARM.Collect$$$$0000000A)
    .ARM.Collect$$$$0000000B                 0x08000138   Section        8  entry9a.o(.ARM.Collect$$$$0000000B)
    .ARM.Collect$$$$0000000D                 0x08000140   Section        0  entry10a.o(.ARM.Collect$$$$0000000D)
    .ARM.Collect$$$$0000000F                 0x08000140   Section        0  entry11a.o(.ARM.Collect$$$$0000000F)
    .ARM.Collect$$$$00002712                 0x08000140   Section        4  entry2.o(.ARM.Collect$$$$00002712)
    __lit__00000000                          0x08000140   Data           4  entry2.o(.ARM.Collect$$$$00002712)
    .emb_text                                0x08000144   Section      150  port.o(.emb_text)
    .text                                    0x080001dc   Section       36  startup_stm32f10x_hd.o(.text)
    .text                                    0x08000200   Section        0  memcpya.o(.text)
    .text                                    0x08000224   Section        0  memseta.o(.text)
    .text                                    0x08000248   Section        0  strlen.o(.text)
    .text                                    0x08000256   Section        0  strcpy.o(.text)
    .text                                    0x08000268   Section        0  uidiv.o(.text)
    .text                                    0x08000294   Section        0  uldiv.o(.text)
    .text                                    0x080002f6   Section        0  dadd.o(.text)
    .text                                    0x080002f6   Section        0  iusefp.o(.text)
    .text                                    0x08000444   Section        0  dmul.o(.text)
    .text                                    0x08000528   Section        0  ddiv.o(.text)
    .text                                    0x08000606   Section        0  dfixul.o(.text)
    .text                                    0x08000638   Section       48  cdrcmple.o(.text)
    .text                                    0x08000668   Section       36  init.o(.text)
    .text                                    0x0800068c   Section        0  semi.o(.text)
    .text                                    0x0800068c   Section        0  llshl.o(.text)
    .text                                    0x080006aa   Section        0  llushr.o(.text)
    .text                                    0x080006ca   Section        0  llsshr.o(.text)
    .text                                    0x080006ee   Section        0  iusesemip.o(.text)
    .text                                    0x080006ee   Section        0  depilogue.o(.text)
    i.BIN_RECV_Task                          0x080007a8   Section        0  binarysemaphore.o(i.BIN_RECV_Task)
    i.BIN_SEND_Task                          0x080007f0   Section        0  binarysemaphore.o(i.BIN_SEND_Task)
    i.BusFault_Handler                       0x08000806   Section        0  stm32f10x_it.o(i.BusFault_Handler)
    i.CreateHeatTask                         0x0800080c   Section        0  heat_task.o(i.CreateHeatTask)
    i.CreateQueryTask                        0x08000838   Section        0  query_task.o(i.CreateQueryTask)
    i.Create_BIN_Task                        0x08000864   Section        0  binarysemaphore.o(i.Create_BIN_Task)
    i.DebugMon_Handler                       0x080008d4   Section        0  stm32f10x_it.o(i.DebugMon_Handler)
    i.GPIO_Init                              0x080008d6   Section        0  stm32f10x_gpio.o(i.GPIO_Init)
    i.HardFault_Handler                      0x080009ec   Section        0  stm32f10x_it.o(i.HardFault_Handler)
    i.Heat_Tast                              0x080009f0   Section        0  heat_task.o(i.Heat_Tast)
    i.MemManage_Handler                      0x08000a28   Section        0  stm32f10x_it.o(i.MemManage_Handler)
    i.NMI_Handler                            0x08000a2c   Section        0  stm32f10x_it.o(i.NMI_Handler)
    i.NVIC_Init                              0x08000a30   Section        0  misc.o(i.NVIC_Init)
    i.NVIC_PriorityGroupConfig               0x08000aa0   Section        0  misc.o(i.NVIC_PriorityGroupConfig)
    i.Query_Tast                             0x08000ab4   Section        0  query_task.o(i.Query_Tast)
    i.RCC_APB1PeriphClockCmd                 0x08000e98   Section        0  stm32f10x_rcc.o(i.RCC_APB1PeriphClockCmd)
    i.RCC_APB2PeriphClockCmd                 0x08000eb8   Section        0  stm32f10x_rcc.o(i.RCC_APB2PeriphClockCmd)
    i.RCC_GetClocksFreq                      0x08000ed8   Section        0  stm32f10x_rcc.o(i.RCC_GetClocksFreq)
    i.SetSysClock                            0x08000fac   Section        0  system_stm32f10x.o(i.SetSysClock)
    SetSysClock                              0x08000fad   Thumb Code     8  system_stm32f10x.o(i.SetSysClock)
    i.SetSysClockTo72                        0x08000fb4   Section        0  system_stm32f10x.o(i.SetSysClockTo72)
    SetSysClockTo72                          0x08000fb5   Thumb Code   214  system_stm32f10x.o(i.SetSysClockTo72)
    i.Start_Tast                             0x08001094   Section        0  main.o(i.Start_Tast)
    i.SysTick_CLKSourceConfig                0x080010bc   Section        0  misc.o(i.SysTick_CLKSourceConfig)
    i.SysTick_Handler                        0x080010e4   Section        0  delay.o(i.SysTick_Handler)
    i.SystemInit                             0x080010f4   Section        0  system_stm32f10x.o(i.SystemInit)
    i.TIM2_IRQHandler                        0x08001154   Section        0  timer.o(i.TIM2_IRQHandler)
    i.TIM2_Int_Init                          0x0800116c   Section        0  timer.o(i.TIM2_Int_Init)
    i.TIM3_IRQHandler                        0x080011cc   Section        0  timer.o(i.TIM3_IRQHandler)
    i.TIM3_Int_Init                          0x08001200   Section        0  timer.o(i.TIM3_Int_Init)
    i.TIM4_IRQHandler                        0x0800126c   Section        0  timer.o(i.TIM4_IRQHandler)
    i.TIM4_Int_Init                          0x080012e0   Section        0  timer.o(i.TIM4_Int_Init)
    i.TIM5_IRQHandler                        0x08001344   Section        0  timer.o(i.TIM5_IRQHandler)
    i.TIM6_IRQHandler                        0x0800137c   Section        0  timer.o(i.TIM6_IRQHandler)
    i.TIM7_IRQHandler                        0x080013b4   Section        0  timer.o(i.TIM7_IRQHandler)
    i.TIME_INIT                              0x080013ec   Section        0  timer.o(i.TIME_INIT)
    i.TIM_ClearITPendingBit                  0x080013fc   Section        0  stm32f10x_tim.o(i.TIM_ClearITPendingBit)
    i.TIM_Cmd                                0x08001402   Section        0  stm32f10x_tim.o(i.TIM_Cmd)
    i.TIM_GetITStatus                        0x0800141a   Section        0  stm32f10x_tim.o(i.TIM_GetITStatus)
    i.TIM_ITConfig                           0x0800143c   Section        0  stm32f10x_tim.o(i.TIM_ITConfig)
    i.TIM_TimeBaseInit                       0x08001450   Section        0  stm32f10x_tim.o(i.TIM_TimeBaseInit)
    i.UART_PRINTF                            0x080014f4   Section        0  usart.o(i.UART_PRINTF)
    i.UART_PutChar                           0x08001520   Section        0  usart.o(i.UART_PutChar)
    i.UART_PutStr                            0x0800153e   Section        0  usart.o(i.UART_PutStr)
    i.USART1_INIT                            0x08001558   Section        0  usart.o(i.USART1_INIT)
    i.USART1_IRQHandler                      0x080015fc   Section        0  usart.o(i.USART1_IRQHandler)
    i.USART_Cmd                              0x0800169c   Section        0  stm32f10x_usart.o(i.USART_Cmd)
    i.USART_GetFlagStatus                    0x080016b4   Section        0  stm32f10x_usart.o(i.USART_GetFlagStatus)
    i.USART_ITConfig                         0x080016ce   Section        0  stm32f10x_usart.o(i.USART_ITConfig)
    i.USART_Init                             0x08001718   Section        0  stm32f10x_usart.o(i.USART_Init)
    i.USART_SendData                         0x080017f0   Section        0  stm32f10x_usart.o(i.USART_SendData)
    i.UsageFault_Handler                     0x080017f8   Section        0  stm32f10x_it.o(i.UsageFault_Handler)
    i.__0printf$3                            0x080017fc   Section        0  printf3.o(i.__0printf$3)
    i.__0sprintf$3                           0x0800181c   Section        0  printf3.o(i.__0sprintf$3)
    i.__0vsprintf                            0x08001844   Section        0  printfa.o(i.__0vsprintf)
    i.__scatterload_copy                     0x08001868   Section       14  handlers.o(i.__scatterload_copy)
    i.__scatterload_null                     0x08001876   Section        2  handlers.o(i.__scatterload_null)
    i.__scatterload_zeroinit                 0x08001878   Section       14  handlers.o(i.__scatterload_zeroinit)
    i._fp_digits                             0x08001888   Section        0  printfa.o(i._fp_digits)
    _fp_digits                               0x08001889   Thumb Code   334  printfa.o(i._fp_digits)
    i._printf_core                           0x080019ec   Section        0  printf3.o(i._printf_core)
    _printf_core                             0x080019ed   Thumb Code   436  printf3.o(i._printf_core)
    i._printf_core                           0x08001ba4   Section        0  printfa.o(i._printf_core)
    _printf_core                             0x08001ba5   Thumb Code  1744  printfa.o(i._printf_core)
    i._printf_post_padding                   0x08002280   Section        0  printfa.o(i._printf_post_padding)
    _printf_post_padding                     0x08002281   Thumb Code    36  printfa.o(i._printf_post_padding)
    i._printf_pre_padding                    0x080022a4   Section        0  printfa.o(i._printf_pre_padding)
    _printf_pre_padding                      0x080022a5   Thumb Code    46  printfa.o(i._printf_pre_padding)
    i._sputc                                 0x080022d2   Section        0  printf3.o(i._sputc)
    _sputc                                   0x080022d3   Thumb Code    10  printf3.o(i._sputc)
    i._sputc                                 0x080022dc   Section        0  printfa.o(i._sputc)
    _sputc                                   0x080022dd   Thumb Code    10  printfa.o(i._sputc)
    i.delay_init                             0x080022e8   Section        0  delay.o(i.delay_init)
    i.delay_us                               0x08002344   Section        0  delay.o(i.delay_us)
    i.delay_xms                              0x0800238c   Section        0  delay.o(i.delay_xms)
    i.eTaskGetState                          0x080023a4   Section        0  tasks.o(i.eTaskGetState)
    i.fputc                                  0x08002444   Section        0  fputc.o(i.fputc)
    i.main                                   0x08002458   Section        0  main.o(i.main)
    i.prvAddCurrentTaskToDelayedList         0x0800249c   Section        0  tasks.o(i.prvAddCurrentTaskToDelayedList)
    prvAddCurrentTaskToDelayedList           0x0800249d   Thumb Code   124  tasks.o(i.prvAddCurrentTaskToDelayedList)
    i.prvAddNewTaskToReadyList               0x08002534   Section        0  tasks.o(i.prvAddNewTaskToReadyList)
    prvAddNewTaskToReadyList                 0x08002535   Thumb Code   156  tasks.o(i.prvAddNewTaskToReadyList)
    i.prvCheckForValidListAndQueue           0x080025ec   Section        0  timers.o(i.prvCheckForValidListAndQueue)
    prvCheckForValidListAndQueue             0x080025ed   Thumb Code    78  timers.o(i.prvCheckForValidListAndQueue)
    i.prvCheckTasksWaitingTermination        0x08002660   Section        0  tasks.o(i.prvCheckTasksWaitingTermination)
    prvCheckTasksWaitingTermination          0x08002661   Thumb Code    60  tasks.o(i.prvCheckTasksWaitingTermination)
    i.prvCopyDataFromQueue                   0x080026a8   Section        0  queue.o(i.prvCopyDataFromQueue)
    prvCopyDataFromQueue                     0x080026a9   Thumb Code    42  queue.o(i.prvCopyDataFromQueue)
    i.prvCopyDataToQueue                     0x080026d2   Section        0  queue.o(i.prvCopyDataToQueue)
    prvCopyDataToQueue                       0x080026d3   Thumb Code   124  queue.o(i.prvCopyDataToQueue)
    i.prvDeleteTCB                           0x08002750   Section        0  tasks.o(i.prvDeleteTCB)
    prvDeleteTCB                             0x08002751   Thumb Code    70  tasks.o(i.prvDeleteTCB)
    i.prvGetDisinheritPriorityAfterTimeout   0x080027bc   Section        0  queue.o(i.prvGetDisinheritPriorityAfterTimeout)
    prvGetDisinheritPriorityAfterTimeout     0x080027bd   Thumb Code    20  queue.o(i.prvGetDisinheritPriorityAfterTimeout)
    i.prvGetNextExpireTime                   0x080027d0   Section        0  timers.o(i.prvGetNextExpireTime)
    prvGetNextExpireTime                     0x080027d1   Thumb Code    36  timers.o(i.prvGetNextExpireTime)
    i.prvHeapInit                            0x080027f8   Section        0  heap_4.o(i.prvHeapInit)
    prvHeapInit                              0x080027f9   Thumb Code    98  heap_4.o(i.prvHeapInit)
    i.prvIdleTask                            0x08002874   Section        0  tasks.o(i.prvIdleTask)
    prvIdleTask                              0x08002875   Thumb Code    32  tasks.o(i.prvIdleTask)
    i.prvInitialiseNewQueue                  0x0800289c   Section        0  queue.o(i.prvInitialiseNewQueue)
    prvInitialiseNewQueue                    0x0800289d   Thumb Code    46  queue.o(i.prvInitialiseNewQueue)
    i.prvInitialiseNewTask                   0x080028cc   Section        0  tasks.o(i.prvInitialiseNewTask)
    prvInitialiseNewTask                     0x080028cd   Thumb Code   172  tasks.o(i.prvInitialiseNewTask)
    i.prvInitialiseTaskLists                 0x0800299c   Section        0  tasks.o(i.prvInitialiseTaskLists)
    prvInitialiseTaskLists                   0x0800299d   Thumb Code    70  tasks.o(i.prvInitialiseTaskLists)
    i.prvInsertBlockIntoFreeList             0x08002a04   Section        0  heap_4.o(i.prvInsertBlockIntoFreeList)
    prvInsertBlockIntoFreeList               0x08002a05   Thumb Code    96  heap_4.o(i.prvInsertBlockIntoFreeList)
    i.prvInsertTimerInActiveList             0x08002a6c   Section        0  timers.o(i.prvInsertTimerInActiveList)
    prvInsertTimerInActiveList               0x08002a6d   Thumb Code    80  timers.o(i.prvInsertTimerInActiveList)
    i.prvIsQueueEmpty                        0x08002ac4   Section        0  queue.o(i.prvIsQueueEmpty)
    prvIsQueueEmpty                          0x08002ac5   Thumb Code    26  queue.o(i.prvIsQueueEmpty)
    i.prvIsQueueFull                         0x08002ade   Section        0  queue.o(i.prvIsQueueFull)
    prvIsQueueFull                           0x08002adf   Thumb Code    30  queue.o(i.prvIsQueueFull)
    i.prvListTasksWithinSingleList           0x08002afc   Section        0  tasks.o(i.prvListTasksWithinSingleList)
    prvListTasksWithinSingleList             0x08002afd   Thumb Code   106  tasks.o(i.prvListTasksWithinSingleList)
    i.prvNotifyQueueSetContainer             0x08002b68   Section        0  queue.o(i.prvNotifyQueueSetContainer)
    prvNotifyQueueSetContainer               0x08002b69   Thumb Code   124  queue.o(i.prvNotifyQueueSetContainer)
    i.prvProcessExpiredTimer                 0x08002c08   Section        0  timers.o(i.prvProcessExpiredTimer)
    prvProcessExpiredTimer                   0x08002c09   Thumb Code    84  timers.o(i.prvProcessExpiredTimer)
    i.prvProcessReceivedCommands             0x08002c88   Section        0  timers.o(i.prvProcessReceivedCommands)
    prvProcessReceivedCommands               0x08002c89   Thumb Code   258  timers.o(i.prvProcessReceivedCommands)
    i.prvProcessTimerOrBlockTask             0x08002db8   Section        0  timers.o(i.prvProcessTimerOrBlockTask)
    prvProcessTimerOrBlockTask               0x08002db9   Thumb Code   102  timers.o(i.prvProcessTimerOrBlockTask)
    i.prvResetNextTaskUnblockTime            0x08002e2c   Section        0  tasks.o(i.prvResetNextTaskUnblockTime)
    prvResetNextTaskUnblockTime              0x08002e2d   Thumb Code    42  tasks.o(i.prvResetNextTaskUnblockTime)
    i.prvSampleTimeNow                       0x08002e60   Section        0  timers.o(i.prvSampleTimeNow)
    prvSampleTimeNow                         0x08002e61   Thumb Code    40  timers.o(i.prvSampleTimeNow)
    i.prvSearchForNameWithinSingleList       0x08002e8c   Section        0  tasks.o(i.prvSearchForNameWithinSingleList)
    prvSearchForNameWithinSingleList         0x08002e8d   Thumb Code   158  tasks.o(i.prvSearchForNameWithinSingleList)
    i.prvSwitchTimerLists                    0x08002f2c   Section        0  timers.o(i.prvSwitchTimerLists)
    prvSwitchTimerLists                      0x08002f2d   Thumb Code   140  timers.o(i.prvSwitchTimerLists)
    i.prvTaskCheckFreeStackSpace             0x08002fe8   Section        0  tasks.o(i.prvTaskCheckFreeStackSpace)
    prvTaskCheckFreeStackSpace               0x08002fe9   Thumb Code    22  tasks.o(i.prvTaskCheckFreeStackSpace)
    i.prvTaskExitError                       0x08003000   Section        0  port.o(i.prvTaskExitError)
    prvTaskExitError                         0x08003001   Thumb Code    48  port.o(i.prvTaskExitError)
    i.prvTimerTask                           0x08003070   Section        0  timers.o(i.prvTimerTask)
    prvTimerTask                             0x08003071   Thumb Code    26  timers.o(i.prvTimerTask)
    i.prvUnlockQueue                         0x0800308a   Section        0  queue.o(i.prvUnlockQueue)
    prvUnlockQueue                           0x0800308b   Thumb Code   146  queue.o(i.prvUnlockQueue)
    i.prvWriteNameToBuffer                   0x0800311c   Section        0  tasks.o(i.prvWriteNameToBuffer)
    prvWriteNameToBuffer                     0x0800311d   Thumb Code    42  tasks.o(i.prvWriteNameToBuffer)
    i.pvPortMalloc                           0x08003148   Section        0  heap_4.o(i.pvPortMalloc)
    i.pvTaskIncrementMutexHeldCount          0x0800329c   Section        0  tasks.o(i.pvTaskIncrementMutexHeldCount)
    i.pxPortInitialiseStack                  0x080032bc   Section        0  port.o(i.pxPortInitialiseStack)
    i.uxListRemove                           0x080032e0   Section        0  list.o(i.uxListRemove)
    i.uxTaskGetNumberOfTasks                 0x08003308   Section        0  tasks.o(i.uxTaskGetNumberOfTasks)
    i.uxTaskGetSystemState                   0x08003314   Section        0  tasks.o(i.uxTaskGetSystemState)
    i.vApplicationGetIdleTaskMemory          0x080033cc   Section        0  list_task.o(i.vApplicationGetIdleTaskMemory)
    i.vApplicationGetTimerTaskMemory         0x080033e4   Section        0  list_task.o(i.vApplicationGetTimerTaskMemory)
    i.vListInitialise                        0x080033fc   Section        0  list.o(i.vListInitialise)
    i.vListInitialiseItem                    0x08003416   Section        0  list.o(i.vListInitialiseItem)
    i.vListInsert                            0x0800341c   Section        0  list.o(i.vListInsert)
    i.vListInsertEnd                         0x08003450   Section        0  list.o(i.vListInsertEnd)
    i.vPortEnterCritical                     0x08003468   Section        0  port.o(i.vPortEnterCritical)
    i.vPortExitCritical                      0x080034f0   Section        0  port.o(i.vPortExitCritical)
    i.vPortFree                              0x08003560   Section        0  heap_4.o(i.vPortFree)
    i.vPortSetupTimerInterrupt               0x08003618   Section        0  port.o(i.vPortSetupTimerInterrupt)
    i.vPortValidateInterruptPriority         0x08003640   Section        0  port.o(i.vPortValidateInterruptPriority)
    i.vQueueAddToRegistry                    0x080036e0   Section        0  queue.o(i.vQueueAddToRegistry)
    i.vQueueWaitForMessageRestricted         0x0800370c   Section        0  queue.o(i.vQueueWaitForMessageRestricted)
    i.vTaskDelay                             0x08003758   Section        0  tasks.o(i.vTaskDelay)
    i.vTaskDelete                            0x080037cc   Section        0  tasks.o(i.vTaskDelete)
    i.vTaskGetInfo                           0x080038d8   Section        0  tasks.o(i.vTaskGetInfo)
    i.vTaskGetRunTimeStats                   0x0800395c   Section        0  tasks.o(i.vTaskGetRunTimeStats)
    i.vTaskInternalSetTimeOutState           0x08003a30   Section        0  tasks.o(i.vTaskInternalSetTimeOutState)
    i.vTaskList                              0x08003a48   Section        0  tasks.o(i.vTaskList)
    i.vTaskMissedYield                       0x08003b28   Section        0  tasks.o(i.vTaskMissedYield)
    i.vTaskPlaceOnEventList                  0x08003b34   Section        0  tasks.o(i.vTaskPlaceOnEventList)
    i.vTaskPlaceOnEventListRestricted        0x08003b88   Section        0  tasks.o(i.vTaskPlaceOnEventListRestricted)
    i.vTaskPriorityDisinheritAfterTimeout    0x08003be4   Section        0  tasks.o(i.vTaskPriorityDisinheritAfterTimeout)
    i.vTaskStartScheduler                    0x08003ce8   Section        0  tasks.o(i.vTaskStartScheduler)
    i.vTaskSuspendAll                        0x08003dc0   Section        0  tasks.o(i.vTaskSuspendAll)
    i.vTaskSwitchContext                     0x08003dd0   Section        0  tasks.o(i.vTaskSwitchContext)
    i.xPortStartScheduler                    0x08003eb8   Section        0  port.o(i.xPortStartScheduler)
    i.xPortSysTickHandler                    0x08003ff8   Section        0  port.o(i.xPortSysTickHandler)
    i.xQueueGenericCreate                    0x0800402c   Section        0  queue.o(i.xQueueGenericCreate)
    i.xQueueGenericCreateStatic              0x080040a4   Section        0  queue.o(i.xQueueGenericCreateStatic)
    i.xQueueGenericReset                     0x08004174   Section        0  queue.o(i.xQueueGenericReset)
    i.xQueueGenericSend                      0x08004224   Section        0  queue.o(i.xQueueGenericSend)
    i.xQueueGenericSendFromISR               0x080043e8   Section        0  queue.o(i.xQueueGenericSendFromISR)
    i.xQueueGiveFromISR                      0x080044f8   Section        0  queue.o(i.xQueueGiveFromISR)
    i.xQueueReceive                          0x080045f4   Section        0  queue.o(i.xQueueReceive)
    i.xQueueSemaphoreTake                    0x08004764   Section        0  queue.o(i.xQueueSemaphoreTake)
    i.xTaskCheckForTimeOut                   0x08004918   Section        0  tasks.o(i.xTaskCheckForTimeOut)
    i.xTaskCreate                            0x080049b4   Section        0  tasks.o(i.xTaskCreate)
    i.xTaskCreateStatic                      0x08004a18   Section        0  tasks.o(i.xTaskCreateStatic)
    i.xTaskGetHandle                         0x08004ad4   Section        0  tasks.o(i.xTaskGetHandle)
    i.xTaskGetSchedulerState                 0x08004b90   Section        0  tasks.o(i.xTaskGetSchedulerState)
    i.xTaskGetTickCount                      0x08004bb0   Section        0  tasks.o(i.xTaskGetTickCount)
    i.xTaskIncrementTick                     0x08004bbc   Section        0  tasks.o(i.xTaskIncrementTick)
    i.xTaskPriorityDisinherit                0x08004d1c   Section        0  tasks.o(i.xTaskPriorityDisinherit)
    i.xTaskPriorityInherit                   0x08004df4   Section        0  tasks.o(i.xTaskPriorityInherit)
    i.xTaskRemoveFromEventList               0x08004ebc   Section        0  tasks.o(i.xTaskRemoveFromEventList)
    i.xTaskResumeAll                         0x08004f70   Section        0  tasks.o(i.xTaskResumeAll)
    i.xTimerCreateTimerTask                  0x08005090   Section        0  timers.o(i.xTimerCreateTimerTask)
    i.xTimerGenericCommand                   0x08005128   Section        0  timers.o(i.xTimerGenericCommand)
    .conststring                             0x080051cc   Section     1038  query_task.o(.conststring)
    .data                                    0x20000000   Section        4  main.o(.data)
    .data                                    0x20000004   Section       20  system_stm32f10x.o(.data)
    .data                                    0x20000018   Section        5  usart.o(.data)
    .data                                    0x2000001e   Section        4  delay.o(.data)
    fac_us                                   0x2000001e   Data           1  delay.o(.data)
    fac_ms                                   0x20000020   Data           2  delay.o(.data)
    .data                                    0x20000028   Section       18  timer.o(.data)
    .data                                    0x2000003c   Section        4  query_task.o(.data)
    .data                                    0x20000040   Section        5  heat_task.o(.data)
    HTime                                    0x20000044   Data           1  heat_task.o(.data)
    .data                                    0x20000048   Section       12  queue_task.o(.data)
    .data                                    0x20000054   Section       12  binarysemaphore.o(.data)
    .data                                    0x20000060   Section       20  stm32f10x_rcc.o(.data)
    APBAHBPrescTable                         0x20000060   Data          16  stm32f10x_rcc.o(.data)
    ADCPrescTable                            0x20000070   Data           4  stm32f10x_rcc.o(.data)
    .data                                    0x20000074   Section       68  tasks.o(.data)
    pxDelayedTaskList                        0x20000078   Data           4  tasks.o(.data)
    pxOverflowDelayedTaskList                0x2000007c   Data           4  tasks.o(.data)
    uxDeletedTasksWaitingCleanUp             0x20000080   Data           4  tasks.o(.data)
    uxCurrentNumberOfTasks                   0x20000084   Data           4  tasks.o(.data)
    xTickCount                               0x20000088   Data           4  tasks.o(.data)
    uxTopReadyPriority                       0x2000008c   Data           4  tasks.o(.data)
    xSchedulerRunning                        0x20000090   Data           4  tasks.o(.data)
    uxPendedTicks                            0x20000094   Data           4  tasks.o(.data)
    xYieldPending                            0x20000098   Data           4  tasks.o(.data)
    xNumOfOverflows                          0x2000009c   Data           4  tasks.o(.data)
    uxTaskNumber                             0x200000a0   Data           4  tasks.o(.data)
    xNextTaskUnblockTime                     0x200000a4   Data           4  tasks.o(.data)
    xIdleTaskHandle                          0x200000a8   Data           4  tasks.o(.data)
    uxSchedulerSuspended                     0x200000ac   Data           4  tasks.o(.data)
    ulTaskSwitchedInTime                     0x200000b0   Data           4  tasks.o(.data)
    ulTotalRunTime                           0x200000b4   Data           4  tasks.o(.data)
    .data                                    0x200000b8   Section       20  timers.o(.data)
    pxCurrentTimerList                       0x200000b8   Data           4  timers.o(.data)
    pxOverflowTimerList                      0x200000bc   Data           4  timers.o(.data)
    xTimerQueue                              0x200000c0   Data           4  timers.o(.data)
    xTimerTaskHandle                         0x200000c4   Data           4  timers.o(.data)
    xLastTime                                0x200000c8   Data           4  timers.o(.data)
    .data                                    0x200000cc   Section       24  heap_4.o(.data)
    xStart                                   0x200000cc   Data           8  heap_4.o(.data)
    pxEnd                                    0x200000d4   Data           4  heap_4.o(.data)
    xFreeBytesRemaining                      0x200000d8   Data           4  heap_4.o(.data)
    xMinimumEverFreeBytesRemaining           0x200000dc   Data           4  heap_4.o(.data)
    xBlockAllocatedBit                       0x200000e0   Data           4  heap_4.o(.data)
    .data                                    0x200000e4   Section       12  port.o(.data)
    uxCriticalNesting                        0x200000e4   Data           4  port.o(.data)
    ucMaxSysCallPriority                     0x200000e8   Data           1  port.o(.data)
    ulMaxPRIGROUPValue                       0x200000ec   Data           4  port.o(.data)
    .data                                    0x200000f0   Section        4  stdout.o(.data)
    .bss                                     0x200000f4   Section     2680  usart.o(.bss)
    .bss                                     0x20000b6c   Section     1832  list_task.o(.bss)
    IdleTaskStack                            0x20000bbc   Data         520  list_task.o(.bss)
    IdleTaskTCB                              0x20000dc4   Data          96  list_task.o(.bss)
    TimerTaskStack                           0x20000e24   Data        1040  list_task.o(.bss)
    TimerTaskTCB                             0x20001234   Data          96  list_task.o(.bss)
    .bss                                     0x20001294   Section     1400  query_task.o(.bss)
    .bss                                     0x2000180c   Section       64  queue.o(.bss)
    .bss                                     0x2000184c   Section      740  tasks.o(.bss)
    pxReadyTasksLists                        0x2000184c   Data         640  tasks.o(.bss)
    xDelayedTaskList1                        0x20001acc   Data          20  tasks.o(.bss)
    xDelayedTaskList2                        0x20001ae0   Data          20  tasks.o(.bss)
    xPendingReadyList                        0x20001af4   Data          20  tasks.o(.bss)
    xTasksWaitingTermination                 0x20001b08   Data          20  tasks.o(.bss)
    xSuspendedTaskList                       0x20001b1c   Data          20  tasks.o(.bss)
    .bss                                     0x20001b30   Section      204  timers.o(.bss)
    xActiveTimerList1                        0x20001b30   Data          20  timers.o(.bss)
    xActiveTimerList2                        0x20001b44   Data          20  timers.o(.bss)
    xStaticTimerQueue                        0x20001b58   Data          84  timers.o(.bss)
    ucStaticTimerQueueStorage                0x20001bac   Data          80  timers.o(.bss)
    .bss                                     0x20001bfc   Section    20480  heap_4.o(.bss)
    ucHeap                                   0x20001bfc   Data       20480  heap_4.o(.bss)
    STACK                                    0x20006c00   Section     1024  startup_stm32f10x_hd.o(STACK)

    Global Symbols

    Symbol Name                              Value     Ov Type        Size  Object(Section)

    BuildAttributes$$THM_ISAv4$P$D$K$B$S$PE$A:L22UL41UL21$X:L11$S22US41US21$IEEE1$IW$USESV6$~STKCKD$USESV7$~SHL$OSPACE$ROPI$EBA8$MICROLIB$REQ8$PRES8$EABIv2 0x00000000   Number         0  anon$$obj.o ABSOLUTE
    __ARM_use_no_argv                        0x00000000   Number         0  main.o ABSOLUTE
    _printf_a                                0x00000000   Number         0  stubs.o ABSOLUTE
    _printf_c                                0x00000000   Number         0  stubs.o ABSOLUTE
    _printf_charcount                        0x00000000   Number         0  stubs.o ABSOLUTE
    _printf_d                                0x00000000   Number         0  stubs.o ABSOLUTE
    _printf_e                                0x00000000   Number         0  stubs.o ABSOLUTE
    _printf_f                                0x00000000   Number         0  stubs.o ABSOLUTE
    _printf_flags                            0x00000000   Number         0  stubs.o ABSOLUTE
    _printf_fp_dec                           0x00000000   Number         0  stubs.o ABSOLUTE
    _printf_fp_hex                           0x00000000   Number         0  stubs.o ABSOLUTE
    _printf_g                                0x00000000   Number         0  stubs.o ABSOLUTE
    _printf_i                                0x00000000   Number         0  stubs.o ABSOLUTE
    _printf_int_dec                          0x00000000   Number         0  stubs.o ABSOLUTE
    _printf_l                                0x00000000   Number         0  stubs.o ABSOLUTE
    _printf_lc                               0x00000000   Number         0  stubs.o ABSOLUTE
    _printf_ll                               0x00000000   Number         0  stubs.o ABSOLUTE
    _printf_lld                              0x00000000   Number         0  stubs.o ABSOLUTE
    _printf_lli                              0x00000000   Number         0  stubs.o ABSOLUTE
    _printf_llo                              0x00000000   Number         0  stubs.o ABSOLUTE
    _printf_llu                              0x00000000   Number         0  stubs.o ABSOLUTE
    _printf_llx                              0x00000000   Number         0  stubs.o ABSOLUTE
    _printf_longlong_dec                     0x00000000   Number         0  stubs.o ABSOLUTE
    _printf_longlong_hex                     0x00000000   Number         0  stubs.o ABSOLUTE
    _printf_longlong_oct                     0x00000000   Number         0  stubs.o ABSOLUTE
    _printf_ls                               0x00000000   Number         0  stubs.o ABSOLUTE
    _printf_mbtowc                           0x00000000   Number         0  stubs.o ABSOLUTE
    _printf_n                                0x00000000   Number         0  stubs.o ABSOLUTE
    _printf_o                                0x00000000   Number         0  stubs.o ABSOLUTE
    _printf_p                                0x00000000   Number         0  stubs.o ABSOLUTE
    _printf_percent                          0x00000000   Number         0  stubs.o ABSOLUTE
    _printf_pre_padding                      0x00000000   Number         0  stubs.o ABSOLUTE
    _printf_return_value                     0x00000000   Number         0  stubs.o ABSOLUTE
    _printf_s                                0x00000000   Number         0  stubs.o ABSOLUTE
    _printf_sizespec                         0x00000000   Number         0  stubs.o ABSOLUTE
    _printf_str                              0x00000000   Number         0  stubs.o ABSOLUTE
    _printf_truncate_signed                  0x00000000   Number         0  stubs.o ABSOLUTE
    _printf_truncate_unsigned                0x00000000   Number         0  stubs.o ABSOLUTE
    _printf_u                                0x00000000   Number         0  stubs.o ABSOLUTE
    _printf_wc                               0x00000000   Number         0  stubs.o ABSOLUTE
    _printf_wctomb                           0x00000000   Number         0  stubs.o ABSOLUTE
    _printf_widthprec                        0x00000000   Number         0  stubs.o ABSOLUTE
    _printf_x                                0x00000000   Number         0  stubs.o ABSOLUTE
    __cpp_initialize__aeabi_                  - Undefined Weak Reference
    __cxa_finalize                            - Undefined Weak Reference
    __decompress                              - Undefined Weak Reference
    _clock_init                               - Undefined Weak Reference
    _microlib_exit                            - Undefined Weak Reference
    __Vectors_Size                           0x00000130   Number         0  startup_stm32f10x_hd.o ABSOLUTE
    __Vectors                                0x08000000   Data           4  startup_stm32f10x_hd.o(RESET)
    __Vectors_End                            0x08000130   Data           0  startup_stm32f10x_hd.o(RESET)
    __main                                   0x08000131   Thumb Code     0  entry.o(.ARM.Collect$$$$00000000)
    _main_stk                                0x08000131   Thumb Code     0  entry2.o(.ARM.Collect$$$$00000001)
    _main_scatterload                        0x08000135   Thumb Code     0  entry5.o(.ARM.Collect$$$$00000004)
    __main_after_scatterload                 0x08000139   Thumb Code     0  entry5.o(.ARM.Collect$$$$00000004)
    _main_clock                              0x08000139   Thumb Code     0  entry7b.o(.ARM.Collect$$$$00000008)
    _main_cpp_init                           0x08000139   Thumb Code     0  entry8b.o(.ARM.Collect$$$$0000000A)
    _main_init                               0x08000139   Thumb Code     0  entry9a.o(.ARM.Collect$$$$0000000B)
    __rt_final_cpp                           0x08000141   Thumb Code     0  entry10a.o(.ARM.Collect$$$$0000000D)
    __rt_final_exit                          0x08000141   Thumb Code     0  entry11a.o(.ARM.Collect$$$$0000000F)
    SVC_Handler                              0x08000145   Thumb Code    32  port.o(.emb_text)
    __asm___6_port_c_39a90d8d__prvStartFirstTask 0x08000169   Thumb Code    28  port.o(.emb_text)
    PendSV_Handler                           0x08000189   Thumb Code    72  port.o(.emb_text)
    vPortGetIPSR                             0x080001d5   Thumb Code     6  port.o(.emb_text)
    Reset_Handler                            0x080001dd   Thumb Code     8  startup_stm32f10x_hd.o(.text)
    ADC1_2_IRQHandler                        0x080001f7   Thumb Code     0  startup_stm32f10x_hd.o(.text)
    ADC3_IRQHandler                          0x080001f7   Thumb Code     0  startup_stm32f10x_hd.o(.text)
    CAN1_RX1_IRQHandler                      0x080001f7   Thumb Code     0  startup_stm32f10x_hd.o(.text)
    CAN1_SCE_IRQHandler                      0x080001f7   Thumb Code     0  startup_stm32f10x_hd.o(.text)
    DMA1_Channel1_IRQHandler                 0x080001f7   Thumb Code     0  startup_stm32f10x_hd.o(.text)
    DMA1_Channel2_IRQHandler                 0x080001f7   Thumb Code     0  startup_stm32f10x_hd.o(.text)
    DMA1_Channel3_IRQHandler                 0x080001f7   Thumb Code     0  startup_stm32f10x_hd.o(.text)
    DMA1_Channel4_IRQHandler                 0x080001f7   Thumb Code     0  startup_stm32f10x_hd.o(.text)
    DMA1_Channel5_IRQHandler                 0x080001f7   Thumb Code     0  startup_stm32f10x_hd.o(.text)
    DMA1_Channel6_IRQHandler                 0x080001f7   Thumb Code     0  startup_stm32f10x_hd.o(.text)
    DMA1_Channel7_IRQHandler                 0x080001f7   Thumb Code     0  startup_stm32f10x_hd.o(.text)
    DMA2_Channel1_IRQHandler                 0x080001f7   Thumb Code     0  startup_stm32f10x_hd.o(.text)
    DMA2_Channel2_IRQHandler                 0x080001f7   Thumb Code     0  startup_stm32f10x_hd.o(.text)
    DMA2_Channel3_IRQHandler                 0x080001f7   Thumb Code     0  startup_stm32f10x_hd.o(.text)
    DMA2_Channel4_5_IRQHandler               0x080001f7   Thumb Code     0  startup_stm32f10x_hd.o(.text)
    EXTI0_IRQHandler                         0x080001f7   Thumb Code     0  startup_stm32f10x_hd.o(.text)
    EXTI15_10_IRQHandler                     0x080001f7   Thumb Code     0  startup_stm32f10x_hd.o(.text)
    EXTI1_IRQHandler                         0x080001f7   Thumb Code     0  startup_stm32f10x_hd.o(.text)
    EXTI2_IRQHandler                         0x080001f7   Thumb Code     0  startup_stm32f10x_hd.o(.text)
    EXTI3_IRQHandler                         0x080001f7   Thumb Code     0  startup_stm32f10x_hd.o(.text)
    EXTI4_IRQHandler                         0x080001f7   Thumb Code     0  startup_stm32f10x_hd.o(.text)
    EXTI9_5_IRQHandler                       0x080001f7   Thumb Code     0  startup_stm32f10x_hd.o(.text)
    FLASH_IRQHandler                         0x080001f7   Thumb Code     0  startup_stm32f10x_hd.o(.text)
    FSMC_IRQHandler                          0x080001f7   Thumb Code     0  startup_stm32f10x_hd.o(.text)
    I2C1_ER_IRQHandler                       0x080001f7   Thumb Code     0  startup_stm32f10x_hd.o(.text)
    I2C1_EV_IRQHandler                       0x080001f7   Thumb Code     0  startup_stm32f10x_hd.o(.text)
    I2C2_ER_IRQHandler                       0x080001f7   Thumb Code     0  startup_stm32f10x_hd.o(.text)
    I2C2_EV_IRQHandler                       0x080001f7   Thumb Code     0  startup_stm32f10x_hd.o(.text)
    PVD_IRQHandler                           0x080001f7   Thumb Code     0  startup_stm32f10x_hd.o(.text)
    RCC_IRQHandler                           0x080001f7   Thumb Code     0  startup_stm32f10x_hd.o(.text)
    RTCAlarm_IRQHandler                      0x080001f7   Thumb Code     0  startup_stm32f10x_hd.o(.text)
    RTC_IRQHandler                           0x080001f7   Thumb Code     0  startup_stm32f10x_hd.o(.text)
    SDIO_IRQHandler                          0x080001f7   Thumb Code     0  startup_stm32f10x_hd.o(.text)
    SPI1_IRQHandler                          0x080001f7   Thumb Code     0  startup_stm32f10x_hd.o(.text)
    SPI2_IRQHandler                          0x080001f7   Thumb Code     0  startup_stm32f10x_hd.o(.text)
    SPI3_IRQHandler                          0x080001f7   Thumb Code     0  startup_stm32f10x_hd.o(.text)
    TAMPER_IRQHandler                        0x080001f7   Thumb Code     0  startup_stm32f10x_hd.o(.text)
    TIM1_BRK_IRQHandler                      0x080001f7   Thumb Code     0  startup_stm32f10x_hd.o(.text)
    TIM1_CC_IRQHandler                       0x080001f7   Thumb Code     0  startup_stm32f10x_hd.o(.text)
    TIM1_TRG_COM_IRQHandler                  0x080001f7   Thumb Code     0  startup_stm32f10x_hd.o(.text)
    TIM1_UP_IRQHandler                       0x080001f7   Thumb Code     0  startup_stm32f10x_hd.o(.text)
    TIM8_BRK_IRQHandler                      0x080001f7   Thumb Code     0  startup_stm32f10x_hd.o(.text)
    TIM8_CC_IRQHandler                       0x080001f7   Thumb Code     0  startup_stm32f10x_hd.o(.text)
    TIM8_TRG_COM_IRQHandler                  0x080001f7   Thumb Code     0  startup_stm32f10x_hd.o(.text)
    TIM8_UP_IRQHandler                       0x080001f7   Thumb Code     0  startup_stm32f10x_hd.o(.text)
    UART4_IRQHandler                         0x080001f7   Thumb Code     0  startup_stm32f10x_hd.o(.text)
    UART5_IRQHandler                         0x080001f7   Thumb Code     0  startup_stm32f10x_hd.o(.text)
    USART2_IRQHandler                        0x080001f7   Thumb Code     0  startup_stm32f10x_hd.o(.text)
    USART3_IRQHandler                        0x080001f7   Thumb Code     0  startup_stm32f10x_hd.o(.text)
    USBWakeUp_IRQHandler                     0x080001f7   Thumb Code     0  startup_stm32f10x_hd.o(.text)
    USB_HP_CAN1_TX_IRQHandler                0x080001f7   Thumb Code     0  startup_stm32f10x_hd.o(.text)
    USB_LP_CAN1_RX0_IRQHandler               0x080001f7   Thumb Code     0  startup_stm32f10x_hd.o(.text)
    WWDG_IRQHandler                          0x080001f7   Thumb Code     0  startup_stm32f10x_hd.o(.text)
    __aeabi_memcpy                           0x08000201   Thumb Code    36  memcpya.o(.text)
    __aeabi_memcpy4                          0x08000201   Thumb Code     0  memcpya.o(.text)
    __aeabi_memcpy8                          0x08000201   Thumb Code     0  memcpya.o(.text)
    __aeabi_memset                           0x08000225   Thumb Code    14  memseta.o(.text)
    __aeabi_memset4                          0x08000225   Thumb Code     0  memseta.o(.text)
    __aeabi_memset8                          0x08000225   Thumb Code     0  memseta.o(.text)
    __aeabi_memclr                           0x08000233   Thumb Code     4  memseta.o(.text)
    __aeabi_memclr4                          0x08000233   Thumb Code     0  memseta.o(.text)
    __aeabi_memclr8                          0x08000233   Thumb Code     0  memseta.o(.text)
    memset                                   0x08000237   Thumb Code    18  memseta.o(.text)
    strlen                                   0x08000249   Thumb Code    14  strlen.o(.text)
    strcpy                                   0x08000257   Thumb Code    18  strcpy.o(.text)
    __aeabi_uidiv                            0x08000269   Thumb Code     0  uidiv.o(.text)
    __aeabi_uidivmod                         0x08000269   Thumb Code    44  uidiv.o(.text)
    __aeabi_uldivmod                         0x08000295   Thumb Code    98  uldiv.o(.text)
    __I$use$fp                               0x080002f7   Thumb Code     0  iusefp.o(.text)
    __aeabi_dadd                             0x080002f7   Thumb Code   322  dadd.o(.text)
    __aeabi_dsub                             0x08000439   Thumb Code     6  dadd.o(.text)
    __aeabi_drsub                            0x0800043f   Thumb Code     6  dadd.o(.text)
    __aeabi_dmul                             0x08000445   Thumb Code   228  dmul.o(.text)
    __aeabi_ddiv                             0x08000529   Thumb Code   222  ddiv.o(.text)
    __aeabi_d2ulz                            0x08000607   Thumb Code    48  dfixul.o(.text)
    __aeabi_cdrcmple                         0x08000639   Thumb Code    48  cdrcmple.o(.text)
    __scatterload                            0x08000669   Thumb Code    28  init.o(.text)
    __scatterload_rt2                        0x08000669   Thumb Code     0  init.o(.text)
    __aeabi_llsl                             0x0800068d   Thumb Code    30  llshl.o(.text)
    __semihosting_library_function           0x0800068d   Thumb Code     0  semi.o(.text)
    _ll_shift_l                              0x0800068d   Thumb Code     0  llshl.o(.text)
    __aeabi_llsr                             0x080006ab   Thumb Code    32  llushr.o(.text)
    _ll_ushift_r                             0x080006ab   Thumb Code     0  llushr.o(.text)
    __aeabi_lasr                             0x080006cb   Thumb Code    36  llsshr.o(.text)
    _ll_sshift_r                             0x080006cb   Thumb Code     0  llsshr.o(.text)
    __I$use$semihosting$fputc                0x080006ef   Thumb Code     0  iusesemip.o(.text)
    _double_round                            0x080006ef   Thumb Code    30  depilogue.o(.text)
    _double_epilogue                         0x0800070d   Thumb Code   156  depilogue.o(.text)
    BIN_RECV_Task                            0x080007a9   Thumb Code    44  binarysemaphore.o(i.BIN_RECV_Task)
    BIN_SEND_Task                            0x080007f1   Thumb Code    22  binarysemaphore.o(i.BIN_SEND_Task)
    BusFault_Handler                         0x08000807   Thumb Code     4  stm32f10x_it.o(i.BusFault_Handler)
    CreateHeatTask                           0x0800080d   Thumb Code    24  heat_task.o(i.CreateHeatTask)
    CreateQueryTask                          0x08000839   Thumb Code    24  query_task.o(i.CreateQueryTask)
    Create_BIN_Task                          0x08000865   Thumb Code    58  binarysemaphore.o(i.Create_BIN_Task)
    DebugMon_Handler                         0x080008d5   Thumb Code     2  stm32f10x_it.o(i.DebugMon_Handler)
    GPIO_Init                                0x080008d7   Thumb Code   278  stm32f10x_gpio.o(i.GPIO_Init)
    HardFault_Handler                        0x080009ed   Thumb Code     4  stm32f10x_it.o(i.HardFault_Handler)
    Heat_Tast                                0x080009f1   Thumb Code    40  heat_task.o(i.Heat_Tast)
    MemManage_Handler                        0x08000a29   Thumb Code     4  stm32f10x_it.o(i.MemManage_Handler)
    NMI_Handler                              0x08000a2d   Thumb Code     2  stm32f10x_it.o(i.NMI_Handler)
    NVIC_Init                                0x08000a31   Thumb Code   100  misc.o(i.NVIC_Init)
    NVIC_PriorityGroupConfig                 0x08000aa1   Thumb Code    10  misc.o(i.NVIC_PriorityGroupConfig)
    Query_Tast                               0x08000ab5   Thumb Code   448  query_task.o(i.Query_Tast)
    RCC_APB1PeriphClockCmd                   0x08000e99   Thumb Code    26  stm32f10x_rcc.o(i.RCC_APB1PeriphClockCmd)
    RCC_APB2PeriphClockCmd                   0x08000eb9   Thumb Code    26  stm32f10x_rcc.o(i.RCC_APB2PeriphClockCmd)
    RCC_GetClocksFreq                        0x08000ed9   Thumb Code   192  stm32f10x_rcc.o(i.RCC_GetClocksFreq)
    Start_Tast                               0x08001095   Thumb Code    34  main.o(i.Start_Tast)
    SysTick_CLKSourceConfig                  0x080010bd   Thumb Code    40  misc.o(i.SysTick_CLKSourceConfig)
    SysTick_Handler                          0x080010e5   Thumb Code    16  delay.o(i.SysTick_Handler)
    SystemInit                               0x080010f5   Thumb Code    78  system_stm32f10x.o(i.SystemInit)
    TIM2_IRQHandler                          0x08001155   Thumb Code    24  timer.o(i.TIM2_IRQHandler)
    TIM2_Int_Init                            0x0800116d   Thumb Code    96  timer.o(i.TIM2_Int_Init)
    TIM3_IRQHandler                          0x080011cd   Thumb Code    42  timer.o(i.TIM3_IRQHandler)
    TIM3_Int_Init                            0x08001201   Thumb Code    98  timer.o(i.TIM3_Int_Init)
    TIM4_IRQHandler                          0x0800126d   Thumb Code    80  timer.o(i.TIM4_IRQHandler)
    TIM4_Int_Init                            0x080012e1   Thumb Code    94  timer.o(i.TIM4_Int_Init)
    TIM5_IRQHandler                          0x08001345   Thumb Code    30  timer.o(i.TIM5_IRQHandler)
    TIM6_IRQHandler                          0x0800137d   Thumb Code    30  timer.o(i.TIM6_IRQHandler)
    TIM7_IRQHandler                          0x080013b5   Thumb Code    30  timer.o(i.TIM7_IRQHandler)
    TIME_INIT                                0x080013ed   Thumb Code    16  timer.o(i.TIME_INIT)
    TIM_ClearITPendingBit                    0x080013fd   Thumb Code     6  stm32f10x_tim.o(i.TIM_ClearITPendingBit)
    TIM_Cmd                                  0x08001403   Thumb Code    24  stm32f10x_tim.o(i.TIM_Cmd)
    TIM_GetITStatus                          0x0800141b   Thumb Code    34  stm32f10x_tim.o(i.TIM_GetITStatus)
    TIM_ITConfig                             0x0800143d   Thumb Code    18  stm32f10x_tim.o(i.TIM_ITConfig)
    TIM_TimeBaseInit                         0x08001451   Thumb Code   122  stm32f10x_tim.o(i.TIM_TimeBaseInit)
    UART_PRINTF                              0x080014f5   Thumb Code    36  usart.o(i.UART_PRINTF)
    UART_PutChar                             0x08001521   Thumb Code    30  usart.o(i.UART_PutChar)
    UART_PutStr                              0x0800153f   Thumb Code    26  usart.o(i.UART_PutStr)
    USART1_INIT                              0x08001559   Thumb Code   156  usart.o(i.USART1_INIT)
    USART1_IRQHandler                        0x080015fd   Thumb Code   120  usart.o(i.USART1_IRQHandler)
    USART_Cmd                                0x0800169d   Thumb Code    24  stm32f10x_usart.o(i.USART_Cmd)
    USART_GetFlagStatus                      0x080016b5   Thumb Code    26  stm32f10x_usart.o(i.USART_GetFlagStatus)
    USART_ITConfig                           0x080016cf   Thumb Code    74  stm32f10x_usart.o(i.USART_ITConfig)
    USART_Init                               0x08001719   Thumb Code   210  stm32f10x_usart.o(i.USART_Init)
    USART_SendData                           0x080017f1   Thumb Code     8  stm32f10x_usart.o(i.USART_SendData)
    UsageFault_Handler                       0x080017f9   Thumb Code     4  stm32f10x_it.o(i.UsageFault_Handler)
    __0printf$3                              0x080017fd   Thumb Code    22  printf3.o(i.__0printf$3)
    __1printf$3                              0x080017fd   Thumb Code     0  printf3.o(i.__0printf$3)
    __2printf                                0x080017fd   Thumb Code     0  printf3.o(i.__0printf$3)
    __0sprintf$3                             0x0800181d   Thumb Code    34  printf3.o(i.__0sprintf$3)
    __1sprintf$3                             0x0800181d   Thumb Code     0  printf3.o(i.__0sprintf$3)
    __2sprintf                               0x0800181d   Thumb Code     0  printf3.o(i.__0sprintf$3)
    __0vsprintf                              0x08001845   Thumb Code    30  printfa.o(i.__0vsprintf)
    __1vsprintf                              0x08001845   Thumb Code     0  printfa.o(i.__0vsprintf)
    __2vsprintf                              0x08001845   Thumb Code     0  printfa.o(i.__0vsprintf)
    __c89vsprintf                            0x08001845   Thumb Code     0  printfa.o(i.__0vsprintf)
    vsprintf                                 0x08001845   Thumb Code     0  printfa.o(i.__0vsprintf)
    __scatterload_copy                       0x08001869   Thumb Code    14  handlers.o(i.__scatterload_copy)
    __scatterload_null                       0x08001877   Thumb Code     2  handlers.o(i.__scatterload_null)
    __scatterload_zeroinit                   0x08001879   Thumb Code    14  handlers.o(i.__scatterload_zeroinit)
    delay_init                               0x080022e9   Thumb Code    74  delay.o(i.delay_init)
    delay_us                                 0x08002345   Thumb Code    68  delay.o(i.delay_us)
    delay_xms                                0x0800238d   Thumb Code    24  delay.o(i.delay_xms)
    eTaskGetState                            0x080023a5   Thumb Code   102  tasks.o(i.eTaskGetState)
    fputc                                    0x08002445   Thumb Code    18  fputc.o(i.fputc)
    main                                     0x08002459   Thumb Code    50  main.o(i.main)
    pvPortMalloc                             0x08003149   Thumb Code   262  heap_4.o(i.pvPortMalloc)
    pvTaskIncrementMutexHeldCount            0x0800329d   Thumb Code    26  tasks.o(i.pvTaskIncrementMutexHeldCount)
    pxPortInitialiseStack                    0x080032bd   Thumb Code    30  port.o(i.pxPortInitialiseStack)
    uxListRemove                             0x080032e1   Thumb Code    40  list.o(i.uxListRemove)
    uxTaskGetNumberOfTasks                   0x08003309   Thumb Code     6  tasks.o(i.uxTaskGetNumberOfTasks)
    uxTaskGetSystemState                     0x08003315   Thumb Code   156  tasks.o(i.uxTaskGetSystemState)
    vApplicationGetIdleTaskMemory            0x080033cd   Thumb Code    14  list_task.o(i.vApplicationGetIdleTaskMemory)
    vApplicationGetTimerTaskMemory           0x080033e5   Thumb Code    16  list_task.o(i.vApplicationGetTimerTaskMemory)
    vListInitialise                          0x080033fd   Thumb Code    26  list.o(i.vListInitialise)
    vListInitialiseItem                      0x08003417   Thumb Code     6  list.o(i.vListInitialiseItem)
    vListInsert                              0x0800341d   Thumb Code    52  list.o(i.vListInsert)
    vListInsertEnd                           0x08003451   Thumb Code    24  list.o(i.vListInsertEnd)
    vPortEnterCritical                       0x08003469   Thumb Code    68  port.o(i.vPortEnterCritical)
    vPortExitCritical                        0x080034f1   Thumb Code    48  port.o(i.vPortExitCritical)
    vPortFree                                0x08003561   Thumb Code   120  heap_4.o(i.vPortFree)
    vPortSetupTimerInterrupt                 0x08003619   Thumb Code    36  port.o(i.vPortSetupTimerInterrupt)
    vPortValidateInterruptPriority           0x08003641   Thumb Code    86  port.o(i.vPortValidateInterruptPriority)
    vQueueAddToRegistry                      0x080036e1   Thumb Code    38  queue.o(i.vQueueAddToRegistry)
    vQueueWaitForMessageRestricted           0x0800370d   Thumb Code    74  queue.o(i.vQueueWaitForMessageRestricted)
    vTaskDelay                               0x08003759   Thumb Code    72  tasks.o(i.vTaskDelay)
    vTaskDelete                              0x080037cd   Thumb Code   192  tasks.o(i.vTaskDelete)
    vTaskGetInfo                             0x080038d9   Thumb Code   126  tasks.o(i.vTaskGetInfo)
    vTaskGetRunTimeStats                     0x0800395d   Thumb Code   182  tasks.o(i.vTaskGetRunTimeStats)
    vTaskInternalSetTimeOutState             0x08003a31   Thumb Code    14  tasks.o(i.vTaskInternalSetTimeOutState)
    vTaskList                                0x08003a49   Thumb Code   204  tasks.o(i.vTaskList)
    vTaskMissedYield                         0x08003b29   Thumb Code     8  tasks.o(i.vTaskMissedYield)
    vTaskPlaceOnEventList                    0x08003b35   Thumb Code    42  tasks.o(i.vTaskPlaceOnEventList)
    vTaskPlaceOnEventListRestricted          0x08003b89   Thumb Code    50  tasks.o(i.vTaskPlaceOnEventListRestricted)
    vTaskPriorityDisinheritAfterTimeout      0x08003be5   Thumb Code   210  tasks.o(i.vTaskPriorityDisinheritAfterTimeout)
    vTaskStartScheduler                      0x08003ce9   Thumb Code   150  tasks.o(i.vTaskStartScheduler)
    vTaskSuspendAll                          0x08003dc1   Thumb Code    12  tasks.o(i.vTaskSuspendAll)
    vTaskSwitchContext                       0x08003dd1   Thumb Code   164  tasks.o(i.vTaskSwitchContext)
    xPortStartScheduler                      0x08003eb9   Thumb Code   240  port.o(i.xPortStartScheduler)
    xPortSysTickHandler                      0x08003ff9   Thumb Code    46  port.o(i.xPortSysTickHandler)
    xQueueGenericCreate                      0x0800402d   Thumb Code    84  queue.o(i.xQueueGenericCreate)
    xQueueGenericCreateStatic                0x080040a5   Thumb Code   172  queue.o(i.xQueueGenericCreateStatic)
    xQueueGenericReset                       0x08004175   Thumb Code   134  queue.o(i.xQueueGenericReset)
    xQueueGenericSend                        0x08004225   Thumb Code   412  queue.o(i.xQueueGenericSend)
    xQueueGenericSendFromISR                 0x080043e9   Thumb Code   234  queue.o(i.xQueueGenericSendFromISR)
    xQueueGiveFromISR                        0x080044f9   Thumb Code   216  queue.o(i.xQueueGiveFromISR)
    xQueueReceive                            0x080045f5   Thumb Code   326  queue.o(i.xQueueReceive)
    xQueueSemaphoreTake                      0x08004765   Thumb Code   394  queue.o(i.xQueueSemaphoreTake)
    xTaskCheckForTimeOut                     0x08004919   Thumb Code   112  tasks.o(i.xTaskCheckForTimeOut)
    xTaskCreate                              0x080049b5   Thumb Code   100  tasks.o(i.xTaskCreate)
    xTaskCreateStatic                        0x08004a19   Thumb Code   152  tasks.o(i.xTaskCreateStatic)
    xTaskGetHandle                           0x08004ad5   Thumb Code   132  tasks.o(i.xTaskGetHandle)
    xTaskGetSchedulerState                   0x08004b91   Thumb Code    24  tasks.o(i.xTaskGetSchedulerState)
    xTaskGetTickCount                        0x08004bb1   Thumb Code     6  tasks.o(i.xTaskGetTickCount)
    xTaskIncrementTick                       0x08004bbd   Thumb Code   272  tasks.o(i.xTaskIncrementTick)
    xTaskPriorityDisinherit                  0x08004d1d   Thumb Code   168  tasks.o(i.xTaskPriorityDisinherit)
    xTaskPriorityInherit                     0x08004df5   Thumb Code   186  tasks.o(i.xTaskPriorityInherit)
    xTaskRemoveFromEventList                 0x08004ebd   Thumb Code   118  tasks.o(i.xTaskRemoveFromEventList)
    xTaskResumeAll                           0x08004f71   Thumb Code   214  tasks.o(i.xTaskResumeAll)
    xTimerCreateTimerTask                    0x08005091   Thumb Code    90  timers.o(i.xTimerCreateTimerTask)
    xTimerGenericCommand                     0x08005129   Thumb Code   118  timers.o(i.xTimerGenericCommand)
    Region$$Table$$Base                      0x080055dc   Number         0  anon$$obj.o(Region$$Table)
    Region$$Table$$Limit                     0x080055fc   Number         0  anon$$obj.o(Region$$Table)
    Start_Task_Handler                       0x20000000   Data           4  main.o(.data)
    SystemCoreClock                          0x20000004   Data           4  system_stm32f10x.o(.data)
    AHBPrescTable                            0x20000008   Data          16  system_stm32f10x.o(.data)
    Uart1TxSem                               0x20000018   Data           4  usart.o(.data)
    Rnum                                     0x2000001c   Data           1  usart.o(.data)
    FreeRTOSRunTimeTicks                     0x20000028   Data           8  timer.o(.data)
    UQRBuf                                   0x20000030   Data          10  timer.o(.data)
    Query_Task_Handler                       0x2000003c   Data           4  query_task.o(.data)
    Heat_Task_Handler                        0x20000040   Data           4  heat_task.o(.data)
    Message_Queue                            0x20000048   Data           4  queue_task.o(.data)
    Queue_Task_Headler                       0x2000004c   Data           4  queue_task.o(.data)
    RQueue_Task_Headler                      0x20000050   Data           4  queue_task.o(.data)
    BIN_SEND_Task_Headler                    0x20000054   Data           4  binarysemaphore.o(.data)
    BIN_RECV_Task_Headler                    0x20000058   Data           4  binarysemaphore.o(.data)
    BinarySemaphore                          0x2000005c   Data           4  binarysemaphore.o(.data)
    pxCurrentTCB                             0x20000074   Data           4  tasks.o(.data)
    __stdout                                 0x200000f0   Data           4  stdout.o(.data)
    UART1_FIFO                               0x200000f4   Data        1212  usart.o(.bss)
    U1                                       0x200005b0   Data        1458  usart.o(.bss)
    URBuf                                    0x20000b62   Data          10  usart.o(.bss)
    TestList                                 0x20000b6c   Data          20  list_task.o(.bss)
    ListItem1                                0x20000b80   Data          20  list_task.o(.bss)
    ListItem2                                0x20000b94   Data          20  list_task.o(.bss)
    ListItem3                                0x20000ba8   Data          20  list_task.o(.bss)
    InfoBuffer                               0x20001294   Data        1000  query_task.o(.bss)
    RunTimeInfo                              0x2000167c   Data         400  query_task.o(.bss)
    xQueueRegistry                           0x2000180c   Data          64  queue.o(.bss)
    __initial_sp                             0x20007000   Data           0  startup_stm32f10x_hd.o(STACK)



==============================================================================

Memory Map of the image

  Image Entry point : 0x080001dd

  Load Region LR_1 (Base: 0x08000000, Size: 0x000056f0, Max: 0xffffffff, ABSOLUTE)

    Execution Region ER_RO (Base: 0x08000000, Size: 0x000055fc, Max: 0xffffffff, ABSOLUTE)

    Base Addr    Size         Type   Attr      Idx    E Section Name        Object

    0x08000000   0x00000130   Data   RO          777    RESET               startup_stm32f10x_hd.o
    0x08000130   0x00000000   Code   RO         3889  * .ARM.Collect$$$$00000000  mc_w.l(entry.o)
    0x08000130   0x00000004   Code   RO         4165    .ARM.Collect$$$$00000001  mc_w.l(entry2.o)
    0x08000134   0x00000004   Code   RO         4168    .ARM.Collect$$$$00000004  mc_w.l(entry5.o)
    0x08000138   0x00000000   Code   RO         4170    .ARM.Collect$$$$00000008  mc_w.l(entry7b.o)
    0x08000138   0x00000000   Code   RO         4172    .ARM.Collect$$$$0000000A  mc_w.l(entry8b.o)
    0x08000138   0x00000008   Code   RO         4173    .ARM.Collect$$$$0000000B  mc_w.l(entry9a.o)
    0x08000140   0x00000000   Code   RO         4175    .ARM.Collect$$$$0000000D  mc_w.l(entry10a.o)
    0x08000140   0x00000000   Code   RO         4177    .ARM.Collect$$$$0000000F  mc_w.l(entry11a.o)
    0x08000140   0x00000004   Code   RO         4166    .ARM.Collect$$$$00002712  mc_w.l(entry2.o)
    0x08000144   0x00000096   Code   RO         3812    .emb_text           port.o
    0x080001da   0x00000002   PAD
    0x080001dc   0x00000024   Code   RO          778  * .text               startup_stm32f10x_hd.o
    0x08000200   0x00000024   Code   RO         3892    .text               mc_w.l(memcpya.o)
    0x08000224   0x00000024   Code   RO         3896    .text               mc_w.l(memseta.o)
    0x08000248   0x0000000e   Code   RO         3898    .text               mc_w.l(strlen.o)
    0x08000256   0x00000012   Code   RO         3900    .text               mc_w.l(strcpy.o)
    0x08000268   0x0000002c   Code   RO         4182    .text               mc_w.l(uidiv.o)
    0x08000294   0x00000062   Code   RO         4184    .text               mc_w.l(uldiv.o)
    0x080002f6   0x00000000   Code   RO         4186    .text               mc_w.l(iusefp.o)
    0x080002f6   0x0000014e   Code   RO         4187    .text               mf_w.l(dadd.o)
    0x08000444   0x000000e4   Code   RO         4189    .text               mf_w.l(dmul.o)
    0x08000528   0x000000de   Code   RO         4191    .text               mf_w.l(ddiv.o)
    0x08000606   0x00000030   Code   RO         4193    .text               mf_w.l(dfixul.o)
    0x08000636   0x00000002   PAD
    0x08000638   0x00000030   Code   RO         4195    .text               mf_w.l(cdrcmple.o)
    0x08000668   0x00000024   Code   RO         4197    .text               mc_w.l(init.o)
    0x0800068c   0x00000000   Code   RO         4199    .text               mc_w.l(semi.o)
    0x0800068c   0x0000001e   Code   RO         4200    .text               mc_w.l(llshl.o)
    0x080006aa   0x00000020   Code   RO         4202    .text               mc_w.l(llushr.o)
    0x080006ca   0x00000024   Code   RO         4204    .text               mc_w.l(llsshr.o)
    0x080006ee   0x00000000   Code   RO         4206    .text               mc_w.l(iusesemip.o)
    0x080006ee   0x000000ba   Code   RO         4207    .text               mf_w.l(depilogue.o)
    0x080007a8   0x00000048   Code   RO          738    i.BIN_RECV_Task     binarysemaphore.o
    0x080007f0   0x00000016   Code   RO          739    i.BIN_SEND_Task     binarysemaphore.o
    0x08000806   0x00000004   Code   RO          181    i.BusFault_Handler  stm32f10x_it.o
    0x0800080a   0x00000002   PAD
    0x0800080c   0x0000002c   Code   RO          684    i.CreateHeatTask    heat_task.o
    0x08000838   0x0000002c   Code   RO          661    i.CreateQueryTask   query_task.o
    0x08000864   0x00000070   Code   RO          740    i.Create_BIN_Task   binarysemaphore.o
    0x080008d4   0x00000002   Code   RO          182    i.DebugMon_Handler  stm32f10x_it.o
    0x080008d6   0x00000116   Code   RO         1370    i.GPIO_Init         stm32f10x_gpio.o
    0x080009ec   0x00000004   Code   RO          183    i.HardFault_Handler  stm32f10x_it.o
    0x080009f0   0x00000038   Code   RO          685    i.Heat_Tast         heat_task.o
    0x08000a28   0x00000004   Code   RO          184    i.MemManage_Handler  stm32f10x_it.o
    0x08000a2c   0x00000002   Code   RO          185    i.NMI_Handler       stm32f10x_it.o
    0x08000a2e   0x00000002   PAD
    0x08000a30   0x00000070   Code   RO          782    i.NVIC_Init         misc.o
    0x08000aa0   0x00000014   Code   RO          783    i.NVIC_PriorityGroupConfig  misc.o
    0x08000ab4   0x000003e4   Code   RO          662    i.Query_Tast        query_task.o
    0x08000e98   0x00000020   Code   RO         1522    i.RCC_APB1PeriphClockCmd  stm32f10x_rcc.o
    0x08000eb8   0x00000020   Code   RO         1524    i.RCC_APB2PeriphClockCmd  stm32f10x_rcc.o
    0x08000ed8   0x000000d4   Code   RO         1532    i.RCC_GetClocksFreq  stm32f10x_rcc.o
    0x08000fac   0x00000008   Code   RO          252    i.SetSysClock       system_stm32f10x.o
    0x08000fb4   0x000000e0   Code   RO          253    i.SetSysClockTo72   system_stm32f10x.o
    0x08001094   0x00000028   Code   RO            1    i.Start_Tast        main.o
    0x080010bc   0x00000028   Code   RO          786    i.SysTick_CLKSourceConfig  misc.o
    0x080010e4   0x00000010   Code   RO          388    i.SysTick_Handler   delay.o
    0x080010f4   0x00000060   Code   RO          255    i.SystemInit        system_stm32f10x.o
    0x08001154   0x00000018   Code   RO          474    i.TIM2_IRQHandler   timer.o
    0x0800116c   0x00000060   Code   RO          475    i.TIM2_Int_Init     timer.o
    0x080011cc   0x00000034   Code   RO          476    i.TIM3_IRQHandler   timer.o
    0x08001200   0x0000006c   Code   RO          477    i.TIM3_Int_Init     timer.o
    0x0800126c   0x00000074   Code   RO          478    i.TIM4_IRQHandler   timer.o
    0x080012e0   0x00000064   Code   RO          479    i.TIM4_Int_Init     timer.o
    0x08001344   0x00000038   Code   RO          480    i.TIM5_IRQHandler   timer.o
    0x0800137c   0x00000038   Code   RO          482    i.TIM6_IRQHandler   timer.o
    0x080013b4   0x00000038   Code   RO          484    i.TIM7_IRQHandler   timer.o
    0x080013ec   0x00000010   Code   RO          486    i.TIME_INIT         timer.o
    0x080013fc   0x00000006   Code   RO         1821    i.TIM_ClearITPendingBit  stm32f10x_tim.o
    0x08001402   0x00000018   Code   RO         1826    i.TIM_Cmd           stm32f10x_tim.o
    0x0800141a   0x00000022   Code   RO         1847    i.TIM_GetITStatus   stm32f10x_tim.o
    0x0800143c   0x00000012   Code   RO         1851    i.TIM_ITConfig      stm32f10x_tim.o
    0x0800144e   0x00000002   PAD
    0x08001450   0x000000a4   Code   RO         1897    i.TIM_TimeBaseInit  stm32f10x_tim.o
    0x080014f4   0x0000002c   Code   RO          291    i.UART_PRINTF       usart.o
    0x08001520   0x0000001e   Code   RO          292    i.UART_PutChar      usart.o
    0x0800153e   0x0000001a   Code   RO          293    i.UART_PutStr       usart.o
    0x08001558   0x000000a4   Code   RO          296    i.USART1_INIT       usart.o
    0x080015fc   0x000000a0   Code   RO          297    i.USART1_IRQHandler  usart.o
    0x0800169c   0x00000018   Code   RO         2362    i.USART_Cmd         stm32f10x_usart.o
    0x080016b4   0x0000001a   Code   RO         2365    i.USART_GetFlagStatus  stm32f10x_usart.o
    0x080016ce   0x0000004a   Code   RO         2368    i.USART_ITConfig    stm32f10x_usart.o
    0x08001718   0x000000d8   Code   RO         2369    i.USART_Init        stm32f10x_usart.o
    0x080017f0   0x00000008   Code   RO         2379    i.USART_SendData    stm32f10x_usart.o
    0x080017f8   0x00000004   Code   RO          186    i.UsageFault_Handler  stm32f10x_it.o
    0x080017fc   0x00000020   Code   RO         3993    i.__0printf$3       mc_w.l(printf3.o)
    0x0800181c   0x00000028   Code   RO         3995    i.__0sprintf$3      mc_w.l(printf3.o)
    0x08001844   0x00000024   Code   RO         4143    i.__0vsprintf       mc_w.l(printfa.o)
    0x08001868   0x0000000e   Code   RO         4211    i.__scatterload_copy  mc_w.l(handlers.o)
    0x08001876   0x00000002   Code   RO         4212    i.__scatterload_null  mc_w.l(handlers.o)
    0x08001878   0x0000000e   Code   RO         4213    i.__scatterload_zeroinit  mc_w.l(handlers.o)
    0x08001886   0x00000002   PAD
    0x08001888   0x00000164   Code   RO         4144    i._fp_digits        mc_w.l(printfa.o)
    0x080019ec   0x000001b8   Code   RO         4000    i._printf_core      mc_w.l(printf3.o)
    0x08001ba4   0x000006dc   Code   RO         4145    i._printf_core      mc_w.l(printfa.o)
    0x08002280   0x00000024   Code   RO         4146    i._printf_post_padding  mc_w.l(printfa.o)
    0x080022a4   0x0000002e   Code   RO         4147    i._printf_pre_padding  mc_w.l(printfa.o)
    0x080022d2   0x0000000a   Code   RO         4002    i._sputc            mc_w.l(printf3.o)
    0x080022dc   0x0000000a   Code   RO         4149    i._sputc            mc_w.l(printfa.o)
    0x080022e6   0x00000002   PAD
    0x080022e8   0x0000005c   Code   RO          389    i.delay_init        delay.o
    0x08002344   0x00000048   Code   RO          391    i.delay_us          delay.o
    0x0800238c   0x00000018   Code   RO          392    i.delay_xms         delay.o
    0x080023a4   0x000000a0   Code   RO         3214    i.eTaskGetState     tasks.o
    0x08002444   0x00000012   Code   RO         4179    i.fputc             mc_w.l(fputc.o)
    0x08002456   0x00000002   PAD
    0x08002458   0x00000044   Code   RO            2    i.main              main.o
    0x0800249c   0x00000098   Code   RO         3216    i.prvAddCurrentTaskToDelayedList  tasks.o
    0x08002534   0x000000b8   Code   RO         3217    i.prvAddNewTaskToReadyList  tasks.o
    0x080025ec   0x00000074   Code   RO         3615    i.prvCheckForValidListAndQueue  timers.o
    0x08002660   0x00000048   Code   RO         3218    i.prvCheckTasksWaitingTermination  tasks.o
    0x080026a8   0x0000002a   Code   RO         2785    i.prvCopyDataFromQueue  queue.o
    0x080026d2   0x0000007c   Code   RO         2786    i.prvCopyDataToQueue  queue.o
    0x0800274e   0x00000002   PAD
    0x08002750   0x0000006c   Code   RO         3219    i.prvDeleteTCB      tasks.o
    0x080027bc   0x00000014   Code   RO         2787    i.prvGetDisinheritPriorityAfterTimeout  queue.o
    0x080027d0   0x00000028   Code   RO         3616    i.prvGetNextExpireTime  timers.o
    0x080027f8   0x0000007c   Code   RO         3763    i.prvHeapInit       heap_4.o
    0x08002874   0x00000028   Code   RO         3220    i.prvIdleTask       tasks.o
    0x0800289c   0x0000002e   Code   RO         2789    i.prvInitialiseNewQueue  queue.o
    0x080028ca   0x00000002   PAD
    0x080028cc   0x000000d0   Code   RO         3221    i.prvInitialiseNewTask  tasks.o
    0x0800299c   0x00000068   Code   RO         3222    i.prvInitialiseTaskLists  tasks.o
    0x08002a04   0x00000068   Code   RO         3764    i.prvInsertBlockIntoFreeList  heap_4.o
    0x08002a6c   0x00000058   Code   RO         3618    i.prvInsertTimerInActiveList  timers.o
    0x08002ac4   0x0000001a   Code   RO         2790    i.prvIsQueueEmpty   queue.o
    0x08002ade   0x0000001e   Code   RO         2791    i.prvIsQueueFull    queue.o
    0x08002afc   0x0000006a   Code   RO         3223    i.prvListTasksWithinSingleList  tasks.o
    0x08002b66   0x00000002   PAD
    0x08002b68   0x000000a0   Code   RO         2792    i.prvNotifyQueueSetContainer  queue.o
    0x08002c08   0x00000080   Code   RO         3619    i.prvProcessExpiredTimer  timers.o
    0x08002c88   0x00000130   Code   RO         3620    i.prvProcessReceivedCommands  timers.o
    0x08002db8   0x00000074   Code   RO         3621    i.prvProcessTimerOrBlockTask  timers.o
    0x08002e2c   0x00000034   Code   RO         3224    i.prvResetNextTaskUnblockTime  tasks.o
    0x08002e60   0x0000002c   Code   RO         3622    i.prvSampleTimeNow  timers.o
    0x08002e8c   0x0000009e   Code   RO         3225    i.prvSearchForNameWithinSingleList  tasks.o
    0x08002f2a   0x00000002   PAD
    0x08002f2c   0x000000bc   Code   RO         3623    i.prvSwitchTimerLists  timers.o
    0x08002fe8   0x00000016   Code   RO         3226    i.prvTaskCheckFreeStackSpace  tasks.o
    0x08002ffe   0x00000002   PAD
    0x08003000   0x00000070   Code   RO         3813    i.prvTaskExitError  port.o
    0x08003070   0x0000001a   Code   RO         3624    i.prvTimerTask      timers.o
    0x0800308a   0x00000092   Code   RO         2793    i.prvUnlockQueue    queue.o
    0x0800311c   0x0000002a   Code   RO         3228    i.prvWriteNameToBuffer  tasks.o
    0x08003146   0x00000002   PAD
    0x08003148   0x00000154   Code   RO         3765    i.pvPortMalloc      heap_4.o
    0x0800329c   0x00000020   Code   RO         3229    i.pvTaskIncrementMutexHeldCount  tasks.o
    0x080032bc   0x00000024   Code   RO         3814    i.pxPortInitialiseStack  port.o
    0x080032e0   0x00000028   Code   RO         2745    i.uxListRemove      list.o
    0x08003308   0x0000000c   Code   RO         3231    i.uxTaskGetNumberOfTasks  tasks.o
    0x08003314   0x000000b8   Code   RO         3232    i.uxTaskGetSystemState  tasks.o
    0x080033cc   0x00000018   Code   RO          628    i.vApplicationGetIdleTaskMemory  list_task.o
    0x080033e4   0x00000018   Code   RO          629    i.vApplicationGetTimerTaskMemory  list_task.o
    0x080033fc   0x0000001a   Code   RO         2746    i.vListInitialise   list.o
    0x08003416   0x00000006   Code   RO         2747    i.vListInitialiseItem  list.o
    0x0800341c   0x00000034   Code   RO         2748    i.vListInsert       list.o
    0x08003450   0x00000018   Code   RO         2749    i.vListInsertEnd    list.o
    0x08003468   0x00000088   Code   RO         3816    i.vPortEnterCritical  port.o
    0x080034f0   0x00000070   Code   RO         3817    i.vPortExitCritical  port.o
    0x08003560   0x000000b8   Code   RO         3766    i.vPortFree         heap_4.o
    0x08003618   0x00000028   Code   RO         3818    i.vPortSetupTimerInterrupt  port.o
    0x08003640   0x000000a0   Code   RO         3819    i.vPortValidateInterruptPriority  port.o
    0x080036e0   0x0000002c   Code   RO         2799    i.vQueueAddToRegistry  queue.o
    0x0800370c   0x0000004a   Code   RO         2803    i.vQueueWaitForMessageRestricted  queue.o
    0x08003756   0x00000002   PAD
    0x08003758   0x00000074   Code   RO         3237    i.vTaskDelay        tasks.o
    0x080037cc   0x0000010c   Code   RO         3239    i.vTaskDelete       tasks.o
    0x080038d8   0x00000084   Code   RO         3241    i.vTaskGetInfo      tasks.o
    0x0800395c   0x000000d4   Code   RO         3242    i.vTaskGetRunTimeStats  tasks.o
    0x08003a30   0x00000018   Code   RO         3243    i.vTaskInternalSetTimeOutState  tasks.o
    0x08003a48   0x000000e0   Code   RO         3244    i.vTaskList         tasks.o
    0x08003b28   0x0000000c   Code   RO         3245    i.vTaskMissedYield  tasks.o
    0x08003b34   0x00000054   Code   RO         3247    i.vTaskPlaceOnEventList  tasks.o
    0x08003b88   0x0000005c   Code   RO         3248    i.vTaskPlaceOnEventListRestricted  tasks.o
    0x08003be4   0x00000104   Code   RO         3250    i.vTaskPriorityDisinheritAfterTimeout  tasks.o
    0x08003ce8   0x000000d8   Code   RO         3256    i.vTaskStartScheduler  tasks.o
    0x08003dc0   0x00000010   Code   RO         3258    i.vTaskSuspendAll   tasks.o
    0x08003dd0   0x000000e8   Code   RO         3259    i.vTaskSwitchContext  tasks.o
    0x08003eb8   0x00000140   Code   RO         3820    i.xPortStartScheduler  port.o
    0x08003ff8   0x00000034   Code   RO         3821    i.xPortSysTickHandler  port.o
    0x0800402c   0x00000078   Code   RO         2810    i.xQueueGenericCreate  queue.o
    0x080040a4   0x000000d0   Code   RO         2811    i.xQueueGenericCreateStatic  queue.o
    0x08004174   0x000000b0   Code   RO         2812    i.xQueueGenericReset  queue.o
    0x08004224   0x000001c4   Code   RO         2813    i.xQueueGenericSend  queue.o
    0x080043e8   0x00000110   Code   RO         2814    i.xQueueGenericSendFromISR  queue.o
    0x080044f8   0x000000fc   Code   RO         2815    i.xQueueGiveFromISR  queue.o
    0x080045f4   0x00000170   Code   RO         2821    i.xQueueReceive     queue.o
    0x08004764   0x000001b4   Code   RO         2826    i.xQueueSemaphoreTake  queue.o
    0x08004918   0x0000009c   Code   RO         3260    i.xTaskCheckForTimeOut  tasks.o
    0x080049b4   0x00000064   Code   RO         3261    i.xTaskCreate       tasks.o
    0x08004a18   0x000000bc   Code   RO         3262    i.xTaskCreateStatic  tasks.o
    0x08004ad4   0x000000bc   Code   RO         3266    i.xTaskGetHandle    tasks.o
    0x08004b90   0x00000020   Code   RO         3267    i.xTaskGetSchedulerState  tasks.o
    0x08004bb0   0x0000000c   Code   RO         3268    i.xTaskGetTickCount  tasks.o
    0x08004bbc   0x00000160   Code   RO         3270    i.xTaskIncrementTick  tasks.o
    0x08004d1c   0x000000d8   Code   RO         3273    i.xTaskPriorityDisinherit  tasks.o
    0x08004df4   0x000000c8   Code   RO         3274    i.xTaskPriorityInherit  tasks.o
    0x08004ebc   0x000000b4   Code   RO         3275    i.xTaskRemoveFromEventList  tasks.o
    0x08004f70   0x00000120   Code   RO         3276    i.xTaskResumeAll    tasks.o
    0x08005090   0x00000098   Code   RO         3631    i.xTimerCreateTimerTask  timers.o
    0x08005128   0x000000a4   Code   RO         3632    i.xTimerGenericCommand  timers.o
    0x080051cc   0x0000040e   Data   RO          664    .conststring        query_task.o
    0x080055da   0x00000002   PAD
    0x080055dc   0x00000020   Data   RO         4209    Region$$Table       anon$$obj.o


    Execution Region ER_RW (Base: 0x20000000, Size: 0x000000f4, Max: 0xffffffff, ABSOLUTE)

    Base Addr    Size         Type   Attr      Idx    E Section Name        Object

    0x20000000   0x00000004   Data   RW            3    .data               main.o
    0x20000004   0x00000014   Data   RW          256    .data               system_stm32f10x.o
    0x20000018   0x00000005   Data   RW          300    .data               usart.o
    0x2000001d   0x00000001   PAD
    0x2000001e   0x00000004   Data   RW          393    .data               delay.o
    0x20000022   0x00000006   PAD
    0x20000028   0x00000012   Data   RW          487    .data               timer.o
    0x2000003a   0x00000002   PAD
    0x2000003c   0x00000004   Data   RW          665    .data               query_task.o
    0x20000040   0x00000005   Data   RW          686    .data               heat_task.o
    0x20000045   0x00000003   PAD
    0x20000048   0x0000000c   Data   RW          709    .data               queue_task.o
    0x20000054   0x0000000c   Data   RW          741    .data               binarysemaphore.o
    0x20000060   0x00000014   Data   RW         1552    .data               stm32f10x_rcc.o
    0x20000074   0x00000044   Data   RW         3279    .data               tasks.o
    0x200000b8   0x00000014   Data   RW         3640    .data               timers.o
    0x200000cc   0x00000018   Data   RW         3771    .data               heap_4.o
    0x200000e4   0x0000000c   Data   RW         3822    .data               port.o
    0x200000f0   0x00000004   Data   RW         4181    .data               mc_w.l(stdout.o)


    Execution Region ER_ZI (Base: 0x200000f4, Size: 0x00006f0c, Max: 0xffffffff, ABSOLUTE)

    Base Addr    Size         Type   Attr      Idx    E Section Name        Object

    0x200000f4   0x00000a78   Zero   RW          299    .bss                usart.o
    0x20000b6c   0x00000728   Zero   RW          630    .bss                list_task.o
    0x20001294   0x00000578   Zero   RW          663    .bss                query_task.o
    0x2000180c   0x00000040   Zero   RW         2828    .bss                queue.o
    0x2000184c   0x000002e4   Zero   RW         3278    .bss                tasks.o
    0x20001b30   0x000000cc   Zero   RW         3639    .bss                timers.o
    0x20001bfc   0x00005000   Zero   RW         3770    .bss                heap_4.o
    0x20006bfc   0x00000004   PAD
    0x20006c00   0x00000400   Zero   RW          775    STACK               startup_stm32f10x_hd.o


==============================================================================

Image component sizes


      Code (inc. data)   RO Data    RW Data    ZI Data      Debug   Object Name

       206         82          0         12          0       1772   binarysemaphore.o
       204         22          0          4          0       2174   delay.o
         0          0          0          0          0      19836   event_groups.o
       752        176          0         24      20480       3719   heap_4.o
       100         36          0          5          0       1137   heat_task.o
       148          0          0          0          0      11046   list.o
        48         18          0          0       1832       2047   list_task.o
       108         24          0          4          0     279529   main.o
       172         22          0          0          0       1993   misc.o
      1118        378          0         12          0       9965   port.o
      1040        574       1038          4       1400       2019   query_task.o
      2996        354          0          0         64      15792   queue.o
         0          0          0         12          0        335   queue_task.o
        36          8        304          0       1024        780   startup_stm32f10x_hd.o
       278          0          0          0          0       1920   stm32f10x_gpio.o
        20          0          0          0          0       2381   stm32f10x_it.o
       276         32          0         20          0       4350   stm32f10x_rcc.o
       246         42          0          0          0       3442   stm32f10x_tim.o
       348          6          0          0          0       4721   stm32f10x_usart.o
         0          0          0          0          0         32   sys.o
       328         28          0         20          0       2005   system_stm32f10x.o
      5436       1188          0         68        740      45684   tasks.o
       680        140          0         18          0       5506   timer.o
      1366        324          0         20        204       8423   timers.o
       424         56          0          5       2680       4027   usart.o

    ----------------------------------------------------------------------
     16352       3510       1376        240      28428     434635   Object Totals
         0          0         32          0          0          0   (incl. Generated)
        22          0          2         12          4          0   (incl. Padding)

    ----------------------------------------------------------------------

      Code (inc. data)   RO Data    RW Data    ZI Data      Debug   Library Member Name

         0          0          0          0          0          0   entry.o
         0          0          0          0          0          0   entry10a.o
         0          0          0          0          0          0   entry11a.o
         8          4          0          0          0          0   entry2.o
         4          0          0          0          0          0   entry5.o
         0          0          0          0          0          0   entry7b.o
         0          0          0          0          0          0   entry8b.o
         8          4          0          0          0          0   entry9a.o
        18          0          0          0          0         80   fputc.o
        30          0          0          0          0          0   handlers.o
        36          8          0          0          0         68   init.o
         0          0          0          0          0          0   iusefp.o
         0          0          0          0          0          0   iusesemip.o
        30          0          0          0          0         68   llshl.o
        36          0          0          0          0         68   llsshr.o
        32          0          0          0          0         68   llushr.o
        36          0          0          0          0         68   memcpya.o
        36          0          0          0          0        108   memseta.o
       522         20          0          0          0        336   printf3.o
      2240         86          0          0          0        508   printfa.o
         0          0          0          0          0          0   semi.o
         0          0          0          4          0          0   stdout.o
        18          0          0          0          0         68   strcpy.o
        14          0          0          0          0         68   strlen.o
        44          0          0          0          0         80   uidiv.o
        98          0          0          0          0         92   uldiv.o
        48          0          0          0          0         68   cdrcmple.o
       334          0          0          0          0        148   dadd.o
       222          0          0          0          0        100   ddiv.o
       186          0          0          0          0        176   depilogue.o
        48          0          0          0          0         68   dfixul.o
       228          0          0          0          0         96   dmul.o

    ----------------------------------------------------------------------
      4284        122          0          4          0       2336   Library Totals
         8          0          0          0          0          0   (incl. Padding)

    ----------------------------------------------------------------------

      Code (inc. data)   RO Data    RW Data    ZI Data      Debug   Library Name

      3210        122          0          4          0       1680   mc_w.l
      1066          0          0          0          0        656   mf_w.l

    ----------------------------------------------------------------------
      4284        122          0          4          0       2336   Library Totals

    ----------------------------------------------------------------------

==============================================================================


      Code (inc. data)   RO Data    RW Data    ZI Data      Debug   

     20636       3632       1376        244      28428     428647   Grand Totals
     20636       3632       1376        244      28428     428647   ELF Image Totals
     20636       3632       1376        244          0          0   ROM Totals

==============================================================================

    Total RO  Size (Code + RO Data)                22012 (  21.50kB)
    Total RW  Size (RW Data + ZI Data)             28672 (  28.00kB)
    Total ROM Size (Code + RO Data + RW Data)      22256 (  21.73kB)

==============================================================================

