Component: ARM Compiler 5.05 update 1 (build 106) Tool: armlink [4d0efa]

==============================================================================

Section Cross References

    main.o(i.Start_Tast) refers to port.o(i.vPortEnterCritical) for vPortEnterCritical
    main.o(i.Start_Tast) refers to query_task.o(i.CreateQueryTask) for CreateQueryTask
    main.o(i.Start_Tast) refers to heat_task.o(i.CreateHeatTask) for CreateHeatTask
    main.o(i.Start_Tast) refers to tasks.o(i.vTaskDelete) for vTaskDelete
    main.o(i.Start_Tast) refers to port.o(i.vPortExitCritical) for vPortExitCritical
    main.o(i.Start_Tast) refers to main.o(.data) for Start_Task_Handler
    main.o(i.main) refers to usart.o(i.USART1_INIT) for USART1_INIT
    main.o(i.main) refers to misc.o(i.NVIC_PriorityGroupConfig) for NVIC_PriorityGroupConfig
    main.o(i.main) refers to delay.o(i.delay_init) for delay_init
    main.o(i.main) refers to timer.o(i.TIME_INIT) for TIME_INIT
    main.o(i.main) refers to tasks.o(i.xTaskCreate) for xTaskCreate
    main.o(i.main) refers to tasks.o(i.vTaskStartScheduler) for vTaskStartScheduler
    main.o(i.main) refers to main.o(.data) for Start_Task_Handler
    main.o(i.main) refers to main.o(i.Start_Tast) for Start_Tast
    system_stm32f10x.o(i.SetSysClock) refers to system_stm32f10x.o(i.SetSysClockTo72) for SetSysClockTo72
    system_stm32f10x.o(i.SystemCoreClockUpdate) refers to system_stm32f10x.o(.data) for SystemCoreClock
    system_stm32f10x.o(i.SystemInit) refers to system_stm32f10x.o(i.SetSysClock) for SetSysClock
    usart.o(i.DMA1_Channel4_IRQHandler_RUN) refers to stm32f10x_dma.o(i.DMA_GetITStatus) for DMA_GetITStatus
    usart.o(i.DMA1_Channel4_IRQHandler_RUN) refers to stm32f10x_dma.o(i.DMA_ClearITPendingBit) for DMA_ClearITPendingBit
    usart.o(i.DMA1_Channel4_IRQHandler_RUN) refers to stm32f10x_usart.o(i.USART_DMACmd) for USART_DMACmd
    usart.o(i.DMA1_Channel4_IRQHandler_RUN) refers to stm32f10x_dma.o(i.DMA_Cmd) for DMA_Cmd
    usart.o(i.DMA1_Channel4_IRQHandler_RUN) refers to usart.o(.data) for Uart1TxSem
    usart.o(i.MAIN_USART_DMA_CONFIGURATION) refers to stm32f10x_rcc.o(i.RCC_AHBPeriphClockCmd) for RCC_AHBPeriphClockCmd
    usart.o(i.MAIN_USART_DMA_CONFIGURATION) refers to stm32f10x_dma.o(i.DMA_DeInit) for DMA_DeInit
    usart.o(i.MAIN_USART_DMA_CONFIGURATION) refers to stm32f10x_dma.o(i.DMA_Init) for DMA_Init
    usart.o(i.MAIN_USART_DMA_CONFIGURATION) refers to stm32f10x_dma.o(i.DMA_ITConfig) for DMA_ITConfig
    usart.o(i.MAIN_USART_DMA_CONFIGURATION) refers to misc.o(i.NVIC_Init) for NVIC_Init
    usart.o(i.UART_PRINTF) refers to printfa.o(i.__0vsprintf) for __c89vsprintf
    usart.o(i.UART_PRINTF) refers to usart.o(i.UART_PutStr) for UART_PutStr
    usart.o(i.UART_PRINTF) refers to usart.o(.bss) for U1
    usart.o(i.UART_PutChar) refers to stm32f10x_usart.o(i.USART_SendData) for USART_SendData
    usart.o(i.UART_PutChar) refers to stm32f10x_usart.o(i.USART_GetFlagStatus) for USART_GetFlagStatus
    usart.o(i.UART_PutStr) refers to usart.o(i.UART_PutChar) for UART_PutChar
    usart.o(i.USART1PCReceiver) refers to usart.o(i.UART_FIFO_READ) for UART_FIFO_READ
    usart.o(i.USART1PCReceiver) refers to usart.o(.bss) for UART1_FIFO
    usart.o(i.USART1_DMA_SendNString) refers to stm32f10x_usart.o(i.USART_DMACmd) for USART_DMACmd
    usart.o(i.USART1_DMA_SendNString) refers to stm32f10x_dma.o(i.DMA_Cmd) for DMA_Cmd
    usart.o(i.USART1_INIT) refers to stm32f10x_rcc.o(i.RCC_APB2PeriphClockCmd) for RCC_APB2PeriphClockCmd
    usart.o(i.USART1_INIT) refers to stm32f10x_gpio.o(i.GPIO_Init) for GPIO_Init
    usart.o(i.USART1_INIT) refers to misc.o(i.NVIC_Init) for NVIC_Init
    usart.o(i.USART1_INIT) refers to stm32f10x_usart.o(i.USART_Init) for USART_Init
    usart.o(i.USART1_INIT) refers to stm32f10x_usart.o(i.USART_ITConfig) for USART_ITConfig
    usart.o(i.USART1_INIT) refers to stm32f10x_usart.o(i.USART_Cmd) for USART_Cmd
    usart.o(i.USART1_IRQHandler) refers to queue.o(i.xQueueGenericSendFromISR) for xQueueGenericSendFromISR
    usart.o(i.USART1_IRQHandler) refers to usart.o(i.UART_PRINTF) for UART_PRINTF
    usart.o(i.USART1_IRQHandler) refers to usart.o(.bss) for URBuf
    usart.o(i.USART1_IRQHandler) refers to usart.o(.data) for Rnum
    usart.o(i.USART1_IRQHandler) refers to queue_task.o(.data) for Message_Queue
    usart.o(i.USART1_Printf) refers to printfa.o(i.__0vsprintf) for __c89vsprintf
    usart.o(i.USART1_Printf) refers to usart.o(i.USART1_DMA_SendNString) for USART1_DMA_SendNString
    usart.o(i.USART1_Printf) refers to usart.o(.data) for Uart1TxSem
    usart.o(i.USART1_Printf) refers to usart.o(.bss) for U1
    notifycounttask.o(i.Create_NOTIFY_COUNT_Task) refers to tasks.o(i.xTaskCreate) for xTaskCreate
    notifycounttask.o(i.Create_NOTIFY_COUNT_Task) refers to notifycounttask.o(.data) for NOTIFY_COUNT_SEND_Task_Headler
    notifycounttask.o(i.Create_NOTIFY_COUNT_Task) refers to notifycounttask.o(i.NOTIFY_COUNT_SEND_Task) for NOTIFY_COUNT_SEND_Task
[...]
    ../clib/microlib/printf/stubs.s          0x00000000   Number         0  stubs.o ABSOLUTE
    ../clib/microlib/stdio/fputc.c           0x00000000   Number         0  fputc.o ABSOLUTE
    ../clib/microlib/stdio/semi.s            0x00000000   Number         0  semi.o ABSOLUTE
    ../clib/microlib/stdio/streams.c         0x00000000   Number         0  stdout.o ABSOLUTE
    ../clib/microlib/string/memcpy.c         0x00000000   Number         0  memcpyb.o ABSOLUTE
    ../clib/microlib/string/memcpy.c         0x00000000   Number         0  memcpya.o ABSOLUTE
    ../clib/microlib/string/memset.c         0x00000000   Number         0  memseta.o ABSOLUTE
    ../clib/microlib/string/memset.c         0x00000000   Number         0  memset.o ABSOLUTE
    ../clib/microlib/string/strcpy.c         0x00000000   Number         0  strcpy.o ABSOLUTE
    ../clib/microlib/string/strlen.c         0x00000000   Number         0  strlen.o ABSOLUTE
    ../clib/microlib/stubs.s                 0x00000000   Number         0  iusefp.o ABSOLUTE
    ../clib/microlib/stubs.s                 0x00000000   Number         0  iusesemip.o ABSOLUTE
    ../fplib/microlib/fpadd.c                0x00000000   Number         0  dadd.o ABSOLUTE
    ../fplib/microlib/fpdiv.c                0x00000000   Number         0  ddiv.o ABSOLUTE
    ../fplib/microlib/fpepilogue.c           0x00000000   Number         0  depilogue.o ABSOLUTE
    ../fplib/microlib/fpfix.c                0x00000000   Number         0  dfixul.o ABSOLUTE
    ../fplib/microlib/fpmul.c                0x00000000   Number         0  dmul.o ABSOLUTE
    ..\CORE\core_cm3.c                       0x00000000   Number         0  core_cm3.o ABSOLUTE
    ..\CORE\startup_stm32f10x_hd.s           0x00000000   Number         0  startup_stm32f10x_hd.o ABSOLUTE
    ..\FreeRTOS\croutine.c                   0x00000000   Number         0  croutine.o ABSOLUTE
    ..\FreeRTOS\event_groups.c               0x00000000   Number         0  event_groups_1.o ABSOLUTE
    ..\FreeRTOS\list.c                       0x00000000   Number         0  list.o ABSOLUTE
    ..\FreeRTOS\portable\MemMang\heap_4.c    0x00000000   Number         0  heap_4.o ABSOLUTE
    ..\FreeRTOS\portable\RVDS\ARM_CM3\port.c 0x00000000   Number         0  port.o ABSOLUTE
    ..\FreeRTOS\queue.c                      0x00000000   Number         0  queue.o ABSOLUTE
    ..\FreeRTOS\stream_buffer.c              0x00000000   Number         0  stream_buffer.o ABSOLUTE
    ..\FreeRTOS\tasks.c                      0x00000000   Number         0  tasks.o ABSOLUTE
    ..\FreeRTOS\timers.c                     0x00000000   Number         0  timers.o ABSOLUTE
    ..\STM32F10x_FWLib\src\misc.c            0x00000000   Number         0  misc.o ABSOLUTE
    ..\STM32F10x_FWLib\src\stm32f10x_bkp.c   0x00000000   Number         0  stm32f10x_bkp.o ABSOLUTE
    ..\STM32F10x_FWLib\src\stm32f10x_crc.c   0x00000000   Number         0  stm32f10x_crc.o ABSOLUTE
    ..\STM32F10x_FWLib\src\stm32f10x_dac.c   0x00000000   Number         0  stm32f10x_dac.o ABSOLUTE
    ..\STM32F10x_FWLib\src\stm32f10x_dma.c   0x00000000   Number         0  stm32f10x_dma.o ABSOLUTE
    ..\STM32F10x_FWLib\src\stm32f10x_exti.c  0x00000000   Number         0  stm32f10x_exti.o ABSOLUTE
    ..\STM32F10x_FWLib\src\stm32f10x_flash.c 0x00000000   Number         0  stm32f10x_flash.o ABSOLUTE
    ..\STM32F10x_FWLib\src\stm32f10x_fsmc.c  0x00000000   Number         0  stm32f10x_fsmc.o ABSOLUTE
    ..\STM32F10x_FWLib\src\stm32f10x_gpio.c  0x00000000   Number         0  stm32f10x_gpio.o ABSOLUTE
    ..\STM32F10x_FWLib\src\stm32f10x_iwdg.c  0x00000000   Number         0  stm32f10x_iwdg.o ABSOLUTE
    ..\STM32F10x_FWLib\src\stm32f10x_rcc.c   0x00000000   Number         0  stm32f10x_rcc.o ABSOLUTE
    ..\STM32F10x_FWLib\src\stm32f10x_rtc.c   0x00000000   Number         0  stm32f10x_rtc.o ABSOLUTE
    ..\STM32F10x_FWLib\src\stm32f10x_tim.c   0x00000000   Number         0  stm32f10x_tim.o ABSOLUTE
    ..\STM32F10x_FWLib\src\stm32f10x_usart.c 0x00000000   Number         0  stm32f10x_usart.o ABSOLUTE
    ..\SYSTEM\BinarySemaphore.c              0x00000000   Number         0  binarysemaphore.o ABSOLUTE
    ..\SYSTEM\CountSemaphore.c               0x00000000   Number         0  countsemaphore.o ABSOLUTE
    ..\SYSTEM\Dynamic_Task.c                 0x00000000   Number         0  dynamic_task.o ABSOLUTE
    ..\SYSTEM\Event_Group.c                  0x00000000   Number         0  event_group.o ABSOLUTE
    ..\SYSTEM\Heat_Task.c                    0x00000000   Number         0  heat_task.o ABSOLUTE
    ..\SYSTEM\List_Task.c                    0x00000000   Number         0  list_task.o ABSOLUTE
    ..\SYSTEM\Mutual_Task.c                  0x00000000   Number         0  mutual_task.o ABSOLUTE
    ..\SYSTEM\NotifyBinTask.c                0x00000000   Number         0  notifybintask.o ABSOLUTE
    ..\SYSTEM\NotifyCountTask.c              0x00000000   Number         0  notifycounttask.o ABSOLUTE
    ..\SYSTEM\NotifyEventGroupTask.c         0x00000000   Number         0  notifyeventgrouptask.o ABSOLUTE
    ..\SYSTEM\NotifyPostBoxTask.c            0x00000000   Number         0  notifypostboxtask.o ABSOLUTE
    ..\SYSTEM\Query_Task.c                   0x00000000   Number         0  query_task.o ABSOLUTE
    ..\SYSTEM\Queue_Task.c                   0x00000000   Number         0  queue_task.o ABSOLUTE
    ..\SYSTEM\Reversed_Task.c                0x00000000   Number         0  reversed_task.o ABSOLUTE
    ..\SYSTEM\Static_Task.c                  0x00000000   Number         0  static_task.o ABSOLUTE
    ..\SYSTEM\Timer.c                        0x00000000   Number         0  timer.o ABSOLUTE
    ..\SYSTEM\TimerTask.c                    0x00000000   Number         0  timertask.o ABSOLUTE
    ..\SYSTEM\delay.c                        0x00000000   Number         0  delay.o ABSOLUTE
    ..\SYSTEM\sys.c                          0x00000000   Number         0  sys.o ABSOLUTE
    ..\SYSTEM\usart.c                        0x00000000   Number         0  usart.o ABSOLUTE
    ..\\CORE\\core_cm3.c                     0x00000000   Number         0  core_cm3.o ABSOLUTE
    ..\\FreeRTOS\\portable\\RVDS\\ARM_CM3\\port.c 0x00000000   Number         0  port.o ABSOLUTE
    ..\\SYSTEM\\sys.c                        0x00000000   Number         0  sys.o ABSOLUTE
    cdrcmple.s                               0x00000000   Number         0  cdrcmple.o ABSOLUTE
    dc.s                                     0x00000000   Number         0  dc.o ABSOLUTE
    handlers.s                               0x00000000   Number         0  handlers.o ABSOLUTE
    init.s                                   0x00000000   Number         0  init.o ABSOLUTE
    main.c                                   0x00000000   Number         0  main.o ABSOLUTE
    stm32f10x_it.c                           0x00000000   Number         0  stm32f10x_it.o ABSOLUTE
    system_stm32f10x.c                       0x00000000   Number         0  system_stm32f10x.o ABSOLUTE
    RESET                                    0x08000000   Section      304  startup_stm32f10x_hd.o(RESET)
    .ARM.Collect$$$$00000000                 0x08000130   Section        0  entry.o(.ARM.Collect$$$$00000000)
    .ARM.Collect$$$$00000001                 0x08000130   Section        4  entry2.o(.ARM.Collect$$$$00000001)
    .ARM.Collect$$$$00000004                 0x08000134   Section        4  entry5.o(.ARM.Collect$$$$00000004)
    .ARM.Collect$$$$00000008                 0x08000138   Section        0  entry7b.o(.ARM.Collect$$$$00000008)
    .ARM.Collect$$$$0000000A                 0x08000138   Section        0  entry8b.o(.ARM.Collect$$$$0000000A)
    .ARM.Collect$$$$0000000B                 0x08000138   Section        8  entry9a.o(.ARM.Collect$$$$0000000B)
    .ARM.Collect$$$$0000000D                 0x08000140   Section        0  entry10a.o(.ARM.Collect$$$$0000000D)
    .ARM.Collect$$$$0000000F                 0x08000140   Section        0  entry11a.o(.ARM.Collect$$$$0000000F)
    .ARM.Collect$$$$00002712                 0x08000140   Section        4  entry2.o(.ARM.Collect$$$$00002712)
    __lit__00000000                          0x08000140   Data           4  entry2.o(.ARM.Collect$$$$00002712)
    .emb_text                                0x08000144   Section      150  port.o(.emb_text)
    .text                                    0x080001dc   Section       36  startup_stm32f10x_hd.o(.text)
    .text                                    0x08000200   Section        0  memcpya.o(.text)
    .text                                    0x08000224   Section        0  memseta.o(.text)
    .text                                    0x08000248   Section        0  strlen.o(.text)
    .text                                    0x08000256   Section        0  strcpy.o(.text)
    .text                                    0x08000268   Section        0  uidiv.o(.text)
    .text                                    0x08000294   Section        0  uldiv.o(.text)
    .text                                    0x080002f6   Section        0  iusefp.o(.text)
    .text                                    0x080002f6   Section        0  dadd.o(.text)
    .text                                    0x08000444   Section        0  dmul.o(.text)
    .text                                    0x08000528   Section        0  ddiv.o(.text)
    .text                                    0x08000606   Section        0  dfixul.o(.text)
    .text                                    0x08000638   Section       48  cdrcmple.o(.text)
    .text                                    0x08000668   Section       36  init.o(.text)
    .text                                    0x0800068c   Section        0  semi.o(.text)
    .text                                    0x0800068c   Section        0  llshl.o(.text)
    .text                                    0x080006aa   Section        0  llushr.o(.text)
    .text                                    0x080006ca   Section        0  llsshr.o(.text)
    .text                                    0x080006ee   Section        0  iusesemip.o(.text)
    .text                                    0x080006ee   Section        0  depilogue.o(.text)
    i.BusFault_Handler                       0x080007a8   Section        0  stm32f10x_it.o(i.BusFault_Handler)
    i.CreateHeatTask                         0x080007ac   Section        0  heat_task.o(i.CreateHeatTask)
    i.CreateQueryTask                        0x080007d8   Section        0  query_task.o(i.CreateQueryTask)
    i.DebugMon_Handler                       0x08000804   Section        0  stm32f10x_it.o(i.DebugMon_Handler)
    i.GPIO_Init                              0x08000806   Section        0  stm32f10x_gpio.o(i.GPIO_Init)
    i.HardFault_Handler                      0x0800091c   Section        0  stm32f10x_it.o(i.HardFault_Handler)
    i.Heat_Tast                              0x08000920   Section        0  heat_task.o(i.Heat_Tast)
    i.MemManage_Handler                      0x08000958   Section        0  stm32f10x_it.o(i.MemManage_Handler)
    i.NMI_Handler                            0x0800095c   Section        0  stm32f10x_it.o(i.NMI_Handler)
    i.NVIC_Init                              0x08000960   Section        0  misc.o(i.NVIC_Init)
    i.NVIC_PriorityGroupConfig               0x080009d0   Section        0  misc.o(i.NVIC_PriorityGroupConfig)
    i.Query_Tast                             0x080009e4   Section        0  query_task.o(i.Query_Tast)
    i.RCC_APB1PeriphClockCmd                 0x08000dc8   Section        0  stm32f10x_rcc.o(i.RCC_APB1PeriphClockCmd)
    i.RCC_APB2PeriphClockCmd                 0x08000de8   Section        0  stm32f10x_rcc.o(i.RCC_APB2PeriphClockCmd)
    i.RCC_GetClocksFreq                      0x08000e08   Section        0  stm32f10x_rcc.o(i.RCC_GetClocksFreq)
    i.SetSysClock                            0x08000edc   Section        0  system_stm32f10x.o(i.SetSysClock)
    SetSysClock                              0x08000edd   Thumb Code     8  system_stm32f10x.o(i.SetSysClock)
    i.SetSysClockTo72                        0x08000ee4   Section        0  system_stm32f10x.o(i.SetSysClockTo72)
    SetSysClockTo72                          0x08000ee5   Thumb Code   214  system_stm32f10x.o(i.SetSysClockTo72)
    i.Start_Tast                             0x08000fc4   Section        0  main.o(i.Start_Tast)
    i.SysTick_CLKSourceConfig                0x08000fe8   Section        0  misc.o(i.SysTick_CLKSourceConfig)
    i.SysTick_Handler                        0x08001010   Section        0  delay.o(i.SysTick_Handler)
    i.SystemInit                             0x08001020   Section        0  system_stm32f10x.o(i.SystemInit)
    i.TIM2_IRQHandler                        0x08001080   Section        0  timer.o(i.TIM2_IRQHandler)
    i.TIM2_Int_Init                          0x08001100   Section        0  timer.o(i.TIM2_Int_Init)
    i.TIM3_IRQHandler                        0x08001160   Section        0  timer.o(i.TIM3_IRQHandler)
    i.TIM3_Int_Init                          0x08001194   Section        0  timer.o(i.TIM3_Int_Init)
    i.TIM4_IRQHandler                        0x08001200   Section        0  timer.o(i.TIM4_IRQHandler)
    i.TIM5_IRQHandler                        0x0800129c   Section        0  timer.o(i.TIM5_IRQHandler)
    i.TIM5_Int_Init                          0x080012b4   Section        0  timer.o(i.TIM5_Int_Init)
    i.TIM6_IRQHandler                        0x08001318   Section        0  timer.o(i.TIM6_IRQHandler)
    i.TIM6_Int_Init                          0x08001330   Section        0  timer.o(i.TIM6_Int_Init)
    i.TIM7_IRQHandler                        0x08001394   Section        0  timer.o(i.TIM7_IRQHandler)
    i.TIM7_Int_Init                          0x080013ac   Section        0  timer.o(i.TIM7_Int_Init)
    i.TIME_INIT                              0x08001410   Section        0  timer.o(i.TIME_INIT)
    i.TIM_ClearITPendingBit                  0x08001428   Section        0  stm32f10x_tim.o(i.TIM_ClearITPendingBit)
    i.TIM_Cmd                                0x0800142e   Section        0  stm32f10x_tim.o(i.TIM_Cmd)
    i.TIM_GetITStatus                        0x08001446   Section        0  stm32f10x_tim.o(i.TIM_GetITStatus)
    i.TIM_ITConfig                           0x08001468   Section        0  stm32f10x_tim.o(i.TIM_ITConfig)
    i.TIM_TimeBaseInit                       0x0800147c   Section        0  stm32f10x_tim.o(i.TIM_TimeBaseInit)
    i.UART_PRINTF                            0x08001520   Section        0  usart.o(i.UART_PRINTF)
    i.UART_PutChar                           0x0800154c   Section        0  usart.o(i.UART_PutChar)
    i.UART_PutStr                            0x0800156a   Section        0  usart.o(i.UART_PutStr)
    i.USART1_INIT                            0x08001584   Section        0  usart.o(i.USART1_INIT)
    i.USART1_IRQHandler                      0x08001628   Section        0  usart.o(i.USART1_IRQHandler)
    i.USART_Cmd                              0x080016d0   Section        0  stm32f10x_usart.o(i.USART_Cmd)
    i.USART_GetFlagStatus                    0x080016e8   Section        0  stm32f10x_usart.o(i.USART_GetFlagStatus)
    i.USART_ITConfig                         0x08001702   Section        0  stm32f10x_usart.o(i.USART_ITConfig)
    i.USART_Init                             0x0800174c   Section        0  stm32f10x_usart.o(i.USART_Init)
    i.USART_SendData                         0x08001824   Section        0  stm32f10x_usart.o(i.USART_SendData)
    i.UsageFault_Handler                     0x0800182c   Section        0  stm32f10x_it.o(i.UsageFault_Handler)
    i.__0printf$3                            0x08001830   Section        0  printf3.o(i.__0printf$3)
    i.__0sprintf$3                           0x08001850   Section        0  printf3.o(i.__0sprintf$3)
    i.__0vsprintf                            0x08001878   Section        0  printfa.o(i.__0vsprintf)
    i.__scatterload_copy                     0x0800189c   Section       14  handlers.o(i.__scatterload_copy)
    i.__scatterload_null                     0x080018aa   Section        2  handlers.o(i.__scatterload_null)
    i.__scatterload_zeroinit                 0x080018ac   Section       14  handlers.o(i.__scatterload_zeroinit)
    i._fp_digits                             0x080018bc   Section        0  printfa.o(i._fp_digits)
    _fp_digits                               0x080018bd   Thumb Code   334  printfa.o(i._fp_digits)
    i._printf_core                           0x08001a20   Section        0  printf3.o(i._printf_core)
    _printf_core                             0x08001a21   Thumb Code   436  printf3.o(i._printf_core)
    i._printf_core                           0x08001bd8   Section        0  printfa.o(i._printf_core)
    _printf_core                             0x08001bd9   Thumb Code  1744  printfa.o(i._printf_core)
    i._printf_post_padding                   0x080022b4   Section        0  printfa.o(i._printf_post_padding)
    _printf_post_padding                     0x080022b5   Thumb Code    36  printfa.o(i._printf_post_padding)
    i._printf_pre_padding                    0x080022d8   Section        0  printfa.o(i._printf_pre_padding)
    _printf_pre_padding                      0x080022d9   Thumb Code    46  printfa.o(i._printf_pre_padding)
    i._sputc                                 0x08002306   Section        0  printf3.o(i._sputc)
    _sputc                                   0x08002307   Thumb Code    10  printf3.o(i._sputc)
    i._sputc                                 0x08002310   Section        0  printfa.o(i._sputc)
    _sputc                                   0x08002311   Thumb Code    10  printfa.o(i._sputc)
    i.delay_init                             0x0800231c   Section        0  delay.o(i.delay_init)
    i.delay_us                               0x08002378   Section        0  delay.o(i.delay_us)
    i.delay_xms                              0x080023c0   Section        0  delay.o(i.delay_xms)
    i.eTaskGetState                          0x080023d8   Section        0  tasks.o(i.eTaskGetState)
    i.fputc                                  0x08002478   Section        0  fputc.o(i.fputc)
    i.main                                   0x0800248c   Section        0  main.o(i.main)
    i.prvAddCurrentTaskToDelayedList         0x080024d0   Section        0  tasks.o(i.prvAddCurrentTaskToDelayedList)
    prvAddCurrentTaskToDelayedList           0x080024d1   Thumb Code   124  tasks.o(i.prvAddCurrentTaskToDelayedList)
    i.prvAddNewTaskToReadyList               0x08002568   Section        0  tasks.o(i.prvAddNewTaskToReadyList)
    prvAddNewTaskToReadyList                 0x08002569   Thumb Code   156  tasks.o(i.prvAddNewTaskToReadyList)
    i.prvCheckForValidListAndQueue           0x08002620   Section        0  timers.o(i.prvCheckForValidListAndQueue)
    prvCheckForValidListAndQueue             0x08002621   Thumb Code    78  timers.o(i.prvCheckForValidListAndQueue)
    i.prvCheckTasksWaitingTermination        0x08002694   Section        0  tasks.o(i.prvCheckTasksWaitingTermination)
    prvCheckTasksWaitingTermination          0x08002695   Thumb Code    60  tasks.o(i.prvCheckTasksWaitingTermination)
    i.prvCopyDataFromQueue                   0x080026dc   Section        0  queue.o(i.prvCopyDataFromQueue)
    prvCopyDataFromQueue                     0x080026dd   Thumb Code    42  queue.o(i.prvCopyDataFromQueue)
    i.prvCopyDataToQueue                     0x08002706   Section        0  queue.o(i.prvCopyDataToQueue)
    prvCopyDataToQueue                       0x08002707   Thumb Code   124  queue.o(i.prvCopyDataToQueue)
    i.prvDeleteTCB                           0x08002784   Section        0  tasks.o(i.prvDeleteTCB)
    prvDeleteTCB                             0x08002785   Thumb Code    70  tasks.o(i.prvDeleteTCB)
    i.prvGetNextExpireTime                   0x080027f0   Section        0  timers.o(i.prvGetNextExpireTime)
    prvGetNextExpireTime                     0x080027f1   Thumb Code    36  timers.o(i.prvGetNextExpireTime)
    i.prvHeapInit                            0x08002818   Section        0  heap_4.o(i.prvHeapInit)
    prvHeapInit                              0x08002819   Thumb Code    98  heap_4.o(i.prvHeapInit)
    i.prvIdleTask                            0x08002894   Section        0  tasks.o(i.prvIdleTask)
    prvIdleTask                              0x08002895   Thumb Code    32  tasks.o(i.prvIdleTask)
    i.prvInitialiseNewQueue                  0x080028bc   Section        0  queue.o(i.prvInitialiseNewQueue)
    prvInitialiseNewQueue                    0x080028bd   Thumb Code    46  queue.o(i.prvInitialiseNewQueue)
    i.prvInitialiseNewTask                   0x080028ec   Section        0  tasks.o(i.prvInitialiseNewTask)
    prvInitialiseNewTask                     0x080028ed   Thumb Code   172  tasks.o(i.prvInitialiseNewTask)
    i.prvInitialiseTaskLists                 0x080029bc   Section        0  tasks.o(i.prvInitialiseTaskLists)
    prvInitialiseTaskLists                   0x080029bd   Thumb Code    70  tasks.o(i.prvInitialiseTaskLists)
    i.prvInsertBlockIntoFreeList             0x08002a24   Section        0  heap_4.o(i.prvInsertBlockIntoFreeList)
    prvInsertBlockIntoFreeList               0x08002a25   Thumb Code    96  heap_4.o(i.prvInsertBlockIntoFreeList)
    i.prvInsertTimerInActiveList             0x08002a8c   Section        0  timers.o(i.prvInsertTimerInActiveList)
    prvInsertTimerInActiveList               0x08002a8d   Thumb Code    80  timers.o(i.prvInsertTimerInActiveList)
    i.prvIsQueueEmpty                        0x08002ae4   Section        0  queue.o(i.prvIsQueueEmpty)
    prvIsQueueEmpty                          0x08002ae5   Thumb Code    26  queue.o(i.prvIsQueueEmpty)
    i.prvIsQueueFull                         0x08002afe   Section        0  queue.o(i.prvIsQueueFull)
    prvIsQueueFull                           0x08002aff   Thumb Code    30  queue.o(i.prvIsQueueFull)
    i.prvListTasksWithinSingleList           0x08002b1c   Section        0  tasks.o(i.prvListTasksWithinSingleList)
    prvListTasksWithinSingleList             0x08002b1d   Thumb Code   106  tasks.o(i.prvListTasksWithinSingleList)
    i.prvNotifyQueueSetContainer             0x08002b88   Section        0  queue.o(i.prvNotifyQueueSetContainer)
    prvNotifyQueueSetContainer               0x08002b89   Thumb Code   124  queue.o(i.prvNotifyQueueSetContainer)
    i.prvProcessExpiredTimer                 0x08002c28   Section        0  timers.o(i.prvProcessExpiredTimer)
    prvProcessExpiredTimer                   0x08002c29   Thumb Code    84  timers.o(i.prvProcessExpiredTimer)
    i.prvProcessReceivedCommands             0x08002ca8   Section        0  timers.o(i.prvProcessReceivedCommands)
    prvProcessReceivedCommands               0x08002ca9   Thumb Code   258  timers.o(i.prvProcessReceivedCommands)
    i.prvProcessTimerOrBlockTask             0x08002dd8   Section        0  timers.o(i.prvProcessTimerOrBlockTask)
    prvProcessTimerOrBlockTask               0x08002dd9   Thumb Code   102  timers.o(i.prvProcessTimerOrBlockTask)
    i.prvResetNextTaskUnblockTime            0x08002e4c   Section        0  tasks.o(i.prvResetNextTaskUnblockTime)
    prvResetNextTaskUnblockTime              0x08002e4d   Thumb Code    42  tasks.o(i.prvResetNextTaskUnblockTime)
    i.prvSampleTimeNow                       0x08002e80   Section        0  timers.o(i.prvSampleTimeNow)
    prvSampleTimeNow                         0x08002e81   Thumb Code    40  timers.o(i.prvSampleTimeNow)
    i.prvSearchForNameWithinSingleList       0x08002eac   Section        0  tasks.o(i.prvSearchForNameWithinSingleList)
    prvSearchForNameWithinSingleList         0x08002ead   Thumb Code   158  tasks.o(i.prvSearchForNameWithinSingleList)
    i.prvSwitchTimerLists                    0x08002f4c   Section        0  timers.o(i.prvSwitchTimerLists)
    prvSwitchTimerLists                      0x08002f4d   Thumb Code   140  timers.o(i.prvSwitchTimerLists)
    i.prvTaskCheckFreeStackSpace             0x08003008   Section        0  tasks.o(i.prvTaskCheckFreeStackSpace)
    prvTaskCheckFreeStackSpace               0x08003009   Thumb Code    22  tasks.o(i.prvTaskCheckFreeStackSpace)
    i.prvTaskExitError                       0x08003020   Section        0  port.o(i.prvTaskExitError)
    prvTaskExitError                         0x08003021   Thumb Code    48  port.o(i.prvTaskExitError)
    i.prvTimerTask                           0x08003090   Section        0  timers.o(i.prvTimerTask)
    prvTimerTask                             0x08003091   Thumb Code    26  timers.o(i.prvTimerTask)
    i.prvUnlockQueue                         0x080030aa   Section        0  queue.o(i.prvUnlockQueue)
    prvUnlockQueue                           0x080030ab   Thumb Code   146  queue.o(i.prvUnlockQueue)
    i.prvWriteNameToBuffer                   0x0800313c   Section        0  tasks.o(i.prvWriteNameToBuffer)
    prvWriteNameToBuffer                     0x0800313d   Thumb Code    42  tasks.o(i.prvWriteNameToBuffer)
    i.pvPortMalloc                           0x08003168   Section        0  heap_4.o(i.pvPortMalloc)
    i.pxPortInitialiseStack                  0x080032bc   Section        0  port.o(i.pxPortInitialiseStack)
    i.uxListRemove                           0x080032e0   Section        0  list.o(i.uxListRemove)
    i.uxTaskGetNumberOfTasks                 0x08003308   Section        0  tasks.o(i.uxTaskGetNumberOfTasks)
    i.uxTaskGetSystemState                   0x08003314   Section        0  tasks.o(i.uxTaskGetSystemState)
    i.vApplicationGetIdleTaskMemory          0x080033cc   Section        0  list_task.o(i.vApplicationGetIdleTaskMemory)
    i.vApplicationGetTimerTaskMemory         0x080033e4   Section        0  list_task.o(i.vApplicationGetTimerTaskMemory)
    i.vListInitialise                        0x080033fc   Section        0  list.o(i.vListInitialise)
    i.vListInitialiseItem                    0x08003416   Section        0  list.o(i.vListInitialiseItem)
    i.vListInsert                            0x0800341c   Section        0  list.o(i.vListInsert)
    i.vListInsertEnd                         0x08003450   Section        0  list.o(i.vListInsertEnd)
    i.vPortEnterCritical                     0x08003468   Section        0  port.o(i.vPortEnterCritical)
    i.vPortExitCritical                      0x080034f0   Section        0  port.o(i.vPortExitCritical)
    i.vPortFree                              0x08003560   Section        0  heap_4.o(i.vPortFree)
    i.vPortSetupTimerInterrupt               0x08003618   Section        0  port.o(i.vPortSetupTimerInterrupt)
    i.vPortValidateInterruptPriority         0x08003640   Section        0  port.o(i.vPortValidateInterruptPriority)
    i.vQueueAddToRegistry                    0x080036e0   Section        0  queue.o(i.vQueueAddToRegistry)
    i.vQueueWaitForMessageRestricted         0x0800370c   Section        0  queue.o(i.vQueueWaitForMessageRestricted)
    i.vTaskDelay                             0x08003758   Section        0  tasks.o(i.vTaskDelay)
    i.vTaskDelete                            0x080037cc   Section        0  tasks.o(i.vTaskDelete)
    i.vTaskGetInfo                           0x080038d8   Section        0  tasks.o(i.vTaskGetInfo)
    i.vTaskGetRunTimeStats                   0x0800395c   Section        0  tasks.o(i.vTaskGetRunTimeStats)
    i.vTaskInternalSetTimeOutState           0x08003a30   Section        0  tasks.o(i.vTaskInternalSetTimeOutState)
    i.vTaskList                              0x08003a48   Section        0  tasks.o(i.vTaskList)
    i.vTaskMissedYield                       0x08003b28   Section        0  tasks.o(i.vTaskMissedYield)
    i.vTaskNotifyGiveFromISR                 0x08003b34   Section        0  tasks.o(i.vTaskNotifyGiveFromISR)
    i.vTaskPlaceOnEventList                  0x08003c34   Section        0  tasks.o(i.vTaskPlaceOnEventList)
    i.vTaskPlaceOnEventListRestricted        0x08003c88   Section        0  tasks.o(i.vTaskPlaceOnEventListRestricted)
    i.vTaskStartScheduler                    0x08003ce4   Section        0  tasks.o(i.vTaskStartScheduler)
    i.vTaskSuspendAll                        0x08003dbc   Section        0  tasks.o(i.vTaskSuspendAll)
    i.vTaskSwitchContext                     0x08003dcc   Section        0  tasks.o(i.vTaskSwitchContext)
    i.xPortStartScheduler                    0x08003eb4   Section        0  port.o(i.xPortStartScheduler)
    i.xPortSysTickHandler                    0x08003ff4   Section        0  port.o(i.xPortSysTickHandler)
    i.xQueueGenericCreateStatic              0x08004028   Section        0  queue.o(i.xQueueGenericCreateStatic)
    i.xQueueGenericReset                     0x080040f8   Section        0  queue.o(i.xQueueGenericReset)
    i.xQueueGenericSend                      0x080041a8   Section        0  queue.o(i.xQueueGenericSend)
    i.xQueueGenericSendFromISR               0x0800436c   Section        0  queue.o(i.xQueueGenericSendFromISR)
    i.xQueueGiveFromISR                      0x0800447c   Section        0  queue.o(i.xQueueGiveFromISR)
    i.xQueueReceive                          0x08004578   Section        0  queue.o(i.xQueueReceive)
    i.xTaskCheckForTimeOut                   0x080046e8   Section        0  tasks.o(i.xTaskCheckForTimeOut)
    i.xTaskCreate                            0x08004784   Section        0  tasks.o(i.xTaskCreate)
    i.xTaskCreateStatic                      0x080047e8   Section        0  tasks.o(i.xTaskCreateStatic)
    i.xTaskGetHandle                         0x080048a4   Section        0  tasks.o(i.xTaskGetHandle)
    i.xTaskGetSchedulerState                 0x08004960   Section        0  tasks.o(i.xTaskGetSchedulerState)
    i.xTaskGetTickCount                      0x08004980   Section        0  tasks.o(i.xTaskGetTickCount)
    i.xTaskIncrementTick                     0x0800498c   Section        0  tasks.o(i.xTaskIncrementTick)
    i.xTaskPriorityDisinherit                0x08004aec   Section        0  tasks.o(i.xTaskPriorityDisinherit)
    i.xTaskRemoveFromEventList               0x08004bc4   Section        0  tasks.o(i.xTaskRemoveFromEventList)
    i.xTaskResumeAll                         0x08004c78   Section        0  tasks.o(i.xTaskResumeAll)
    i.xTimerCreateTimerTask                  0x08004d98   Section        0  timers.o(i.xTimerCreateTimerTask)
    i.xTimerGenericCommand                   0x08004e30   Section        0  timers.o(i.xTimerGenericCommand)
    .conststring                             0x08004ed4   Section     1038  query_task.o(.conststring)
    .data                                    0x20000000   Section        4  main.o(.data)
    .data                                    0x20000004   Section       20  system_stm32f10x.o(.data)
    .data                                    0x20000018   Section        5  usart.o(.data)
    .data                                    0x2000001e   Section        4  delay.o(.data)
    fac_us                                   0x2000001e   Data           1  delay.o(.data)
    fac_ms                                   0x20000020   Data           2  delay.o(.data)
    .data                                    0x20000028   Section       18  timer.o(.data)
    .data                                    0x2000003c   Section        4  query_task.o(.data)
    .data                                    0x20000040   Section        5  heat_task.o(.data)
    HTime                                    0x20000044   Data           1  heat_task.o(.data)
    .data                                    0x20000048   Section       12  queue_task.o(.data)
    .data                                    0x20000054   Section       12  binarysemaphore.o(.data)
    .data                                    0x20000060   Section        8  notifybintask.o(.data)
    .data                                    0x20000068   Section       20  stm32f10x_rcc.o(.data)
    APBAHBPrescTable                         0x20000068   Data          16  stm32f10x_rcc.o(.data)
    ADCPrescTable                            0x20000078   Data           4  stm32f10x_rcc.o(.data)
    .data                                    0x2000007c   Section       68  tasks.o(.data)
    pxDelayedTaskList                        0x20000080   Data           4  tasks.o(.data)
    pxOverflowDelayedTaskList                0x20000084   Data           4  tasks.o(.data)
    uxDeletedTasksWaitingCleanUp             0x20000088   Data           4  tasks.o(.data)
    uxCurrentNumberOfTasks                   0x2000008c   Data           4  tasks.o(.data)
    xTickCount                               0x20000090   Data           4  tasks.o(.data)
    uxTopReadyPriority                       0x20000094   Data           4  tasks.o(.data)
    xSchedulerRunning                        0x20000098   Data           4  tasks.o(.data)
    uxPendedTicks                            0x2000009c   Data           4  tasks.o(.data)
    xYieldPending                            0x200000a0   Data           4  tasks.o(.data)
    xNumOfOverflows                          0x200000a4   Data           4  tasks.o(.data)
    uxTaskNumber                             0x200000a8   Data           4  tasks.o(.data)
    xNextTaskUnblockTime                     0x200000ac   Data           4  tasks.o(.data)
    xIdleTaskHandle                          0x200000b0   Data           4  tasks.o(.data)
    uxSchedulerSuspended                     0x200000b4   Data           4  tasks.o(.data)
    ulTaskSwitchedInTime                     0x200000b8   Data           4  tasks.o(.data)
    ulTotalRunTime                           0x200000bc   Data           4  tasks.o(.data)
    .data                                    0x200000c0   Section       20  timers.o(.data)
    pxCurrentTimerList                       0x200000c0   Data           4  timers.o(.data)
    pxOverflowTimerList                      0x200000c4   Data           4  timers.o(.data)
    xTimerQueue                              0x200000c8   Data           4  timers.o(.data)
    xTimerTaskHandle                         0x200000cc   Data           4  timers.o(.data)
    xLastTime                                0x200000d0   Data           4  timers.o(.data)
    .data                                    0x200000d4   Section       24  heap_4.o(.data)
    xStart                                   0x200000d4   Data           8  heap_4.o(.data)
    pxEnd                                    0x200000dc   Data           4  heap_4.o(.data)
    xFreeBytesRemaining                      0x200000e0   Data           4  heap_4.o(.data)
    xMinimumEverFreeBytesRemaining           0x200000e4   Data           4  heap_4.o(.data)
    xBlockAllocatedBit                       0x200000e8   Data           4  heap_4.o(.data)
    .data                                    0x200000ec   Section       12  port.o(.data)
    uxCriticalNesting                        0x200000ec   Data           4  port.o(.data)
    ucMaxSysCallPriority                     0x200000f0   Data           1  port.o(.data)
    ulMaxPRIGROUPValue                       0x200000f4   Data           4  port.o(.data)
    .data                                    0x200000f8   Section        4  stdout.o(.data)
    .bss                                     0x200000fc   Section     2680  usart.o(.bss)
    .bss                                     0x20000b74   Section     1832  list_task.o(.bss)
    IdleTaskStack                            0x20000bc4   Data         520  list_task.o(.bss)
    IdleTaskTCB                              0x20000dcc   Data          96  list_task.o(.bss)
    TimerTaskStack                           0x20000e2c   Data        1040  list_task.o(.bss)
    TimerTaskTCB                             0x2000123c   Data          96  list_task.o(.bss)
    .bss                                     0x2000129c   Section     1400  query_task.o(.bss)
    .bss                                     0x20001814   Section       64  queue.o(.bss)
    .bss                                     0x20001854   Section      740  tasks.o(.bss)
    pxReadyTasksLists                        0x20001854   Data         640  tasks.o(.bss)
    xDelayedTaskList1                        0x20001ad4   Data          20  tasks.o(.bss)
    xDelayedTaskList2                        0x20001ae8   Data          20  tasks.o(.bss)
    xPendingReadyList                        0x20001afc   Data          20  tasks.o(.bss)
    xTasksWaitingTermination                 0x20001b10   Data          20  tasks.o(.bss)
    xSuspendedTaskList                       0x20001b24   Data          20  tasks.o(.bss)
    .bss                                     0x20001b38   Section      204  timers.o(.bss)
    xActiveTimerList1                        0x20001b38   Data          20  timers.o(.bss)
    xActiveTimerList2                        0x20001b4c   Data          20  timers.o(.bss)
    xStaticTimerQueue                        0x20001b60   Data          84  timers.o(.bss)
    ucStaticTimerQueueStorage                0x20001bb4   Data          80  timers.o(.bss)
    .bss                                     0x20001c04   Section    20480  heap_4.o(.bss)
    ucHeap                                   0x20001c04   Data       20480  heap_4.o(.bss)
    STACK                                    0x20006c08   Section     1024  startup_stm32f10x_hd.o(STACK)

    Global Symbols

    Symbol Name                              Value     Ov Type        Size  Object(Section)

    BuildAttributes$$THM_ISAv4$P$D$K$B$S$PE$A:L22UL41UL21$X:L11$S22US41US21$IEEE1$IW$USESV6$~STKCKD$USESV7$~SHL$OSPACE$ROPI$EBA8$MICROLIB$REQ8$PRES8$EABIv2 0x00000000   Number         0  anon$$obj.o ABSOLUTE
    __ARM_use_no_argv                        0x00000000   Number         0  main.o ABSOLUTE
    _printf_a                                0x00000000   Number         0  stubs.o ABSOLUTE
    _printf_c                                0x00000000   Number         0  stubs.o ABSOLUTE
    _printf_charcount                        0x00000000   Number         0  stubs.o ABSOLUTE
    _printf_d                                0x00000000   Number         0  stubs.o ABSOLUTE
    _printf_e                                0x00000000   Number         0  stubs.o ABSOLUTE
    _printf_f                                0x00000000   Number         0  stubs.o ABSOLUTE
    _printf_flags                            0x00000000   Number         0  stubs.o ABSOLUTE
    _printf_fp_dec                           0x00000000   Number         0  stubs.o ABSOLUTE
    _printf_fp_hex                           0x00000000   Number         0  stubs.o ABSOLUTE
    _printf_g                                0x00000000   Number         0  stubs.o ABSOLUTE
    _printf_i                                0x00000000   Number         0  stubs.o ABSOLUTE
    _printf_int_dec                          0x00000000   Number         0  stubs.o ABSOLUTE
    _printf_l                                0x00000000   Number         0  stubs.o ABSOLUTE
    _printf_lc                               0x00000000   Number         0  stubs.o ABSOLUTE
    _printf_ll                               0x00000000   Number         0  stubs.o ABSOLUTE
    _printf_lld                              0x00000000   Number         0  stubs.o ABSOLUTE
    _printf_lli                              0x00000000   Number         0  stubs.o ABSOLUTE
    _printf_llo                              0x00000000   Number         0  stubs.o ABSOLUTE
    _printf_llu                              0x00000000   Number         0  stubs.o ABSOLUTE
    _printf_llx                              0x00000000   Number         0  stubs.o ABSOLUTE
    _printf_longlong_dec                     0x00000000   Number         0  stubs.o ABSOLUTE
    _printf_longlong_hex                     0x00000000   Number         0  stubs.o ABSOLUTE
    _printf_longlong_oct                     0x00000000   Number         0  stubs.o ABSOLUTE
    _printf_ls                               0x00000000   Number         0  stubs.o ABSOLUTE
    _printf_mbtowc                           0x00000000   Number         0  stubs.o ABSOLUTE
    _printf_n                                0x00000000   Number         0  stubs.o ABSOLUTE
    _printf_o                                0x00000000   Number         0  stubs.o ABSOLUTE
    _printf_p                                0x00000000   Number         0  stubs.o ABSOLUTE
    _printf_percent                          0x00000000   Number         0  stubs.o ABSOLUTE
    _printf_pre_padding                      0x00000000   Number         0  stubs.o ABSOLUTE
    _printf_return_value                     0x00000000   Number         0  stubs.o ABSOLUTE
    _printf_s                                0x00000000   Number         0  stubs.o ABSOLUTE
    _printf_sizespec                         0x00000000   Number         0  stubs.o ABSOLUTE
    _printf_str                              0x00000000   Number         0  stubs.o ABSOLUTE
    _printf_truncate_signed                  0x00000000   Number         0  stubs.o ABSOLUTE
    _printf_truncate_unsigned                0x00000000   Number         0  stubs.o ABSOLUTE
    _printf_u                                0x00000000   Number         0  stubs.o ABSOLUTE
    _printf_wc                               0x00000000   Number         0  stubs.o ABSOLUTE
    _printf_wctomb                           0x00000000   Number         0  stubs.o ABSOLUTE
    _printf_widthprec                        0x00000000   Number         0  stubs.o ABSOLUTE
    _printf_x                                0x00000000   Number         0  stubs.o ABSOLUTE
    __cpp_initialize__aeabi_                  - Undefined Weak Reference
    __cxa_finalize                            - Undefined Weak Reference
    __decompress                              - Undefined Weak Reference
    _clock_init                               - Undefined Weak Reference
    _microlib_exit                            - Undefined Weak Reference
    __Vectors_Size                           0x00000130   Number         0  startup_stm32f10x_hd.o ABSOLUTE
    __Vectors                                0x08000000   Data           4  startup_stm32f10x_hd.o(RESET)
    __Vectors_End                            0x08000130   Data           0  startup_stm32f10x_hd.o(RESET)
    __main                                   0x08000131   Thumb Code     0  entry.o(.ARM.Collect$$$$00000000)
    _main_stk                                0x08000131   Thumb Code     0  entry2.o(.ARM.Collect$$$$00000001)
    _main_scatterload                        0x08000135   Thumb Code     0  entry5.o(.ARM.Collect$$$$00000004)
    __main_after_scatterload                 0x08000139   Thumb Code     0  entry5.o(.ARM.Collect$$$$00000004)
    _main_clock                              0x08000139   Thumb Code     0  entry7b.o(.ARM.Collect$$$$00000008)
    _main_cpp_init                           0x08000139   Thumb Code     0  entry8b.o(.ARM.Collect$$$$0000000A)
    _main_init                               0x08000139   Thumb Code     0  entry9a.o(.ARM.Collect$$$$0000000B)
    __rt_final_cpp                           0x08000141   Thumb Code     0  entry10a.o(.ARM.Collect$$$$0000000D)
    __rt_final_exit                          0x08000141   Thumb Code     0  entry11a.o(.ARM.Collect$$$$0000000F)
    SVC_Handler                              0x08000145   Thumb Code    32  port.o(.emb_text)
    __asm___6_port_c_39a90d8d__prvStartFirstTask 0x08000169   Thumb Code    28  port.o(.emb_text)
    PendSV_Handler                           0x08000189   Thumb Code    72  port.o(.emb_text)
    vPortGetIPSR                             0x080001d5   Thumb Code     6  port.o(.emb_text)
    Reset_Handler                            0x080001dd   Thumb Code     8  startup_stm32f10x_hd.o(.text)
    ADC1_2_IRQHandler                        0x080001f7   Thumb Code     0  startup_stm32f10x_hd.o(.text)
    ADC3_IRQHandler                          0x080001f7   Thumb Code     0  startup_stm32f10x_hd.o(.text)
    CAN1_RX1_IRQHandler                      0x080001f7   Thumb Code     0  startup_stm32f10x_hd.o(.text)
    CAN1_SCE_IRQHandler                      0x080001f7   Thumb Code     0  startup_stm32f10x_hd.o(.text)
    DMA1_Channel1_IRQHandler                 0x080001f7   Thumb Code     0  startup_stm32f10x_hd.o(.text)
    DMA1_Channel2_IRQHandler                 0x080001f7   Thumb Code     0  startup_stm32f10x_hd.o(.text)
    DMA1_Channel3_IRQHandler                 0x080001f7   Thumb Code     0  startup_stm32f10x_hd.o(.text)
    DMA1_Channel4_IRQHandler                 0x080001f7   Thumb Code     0  startup_stm32f10x_hd.o(.text)
    DMA1_Channel5_IRQHandler                 0x080001f7   Thumb Code     0  startup_stm32f10x_hd.o(.text)
    DMA1_Channel6_IRQHandler                 0x080001f7   Thumb Code     0  startup_stm32f10x_hd.o(.text)
    DMA1_Channel7_IRQHandler                 0x080001f7   Thumb Code     0  startup_stm32f10x_hd.o(.text)
    DMA2_Channel1_IRQHandler                 0x080001f7   Thumb Code     0  startup_stm32f10x_hd.o(.text)
    DMA2_Channel2_IRQHandler                 0x080001f7   Thumb Code     0  startup_stm32f10x_hd.o(.text)
    DMA2_Channel3_IRQHandler                 0x080001f7   Thumb Code     0  startup_stm32f10x_hd.o(.text)
    DMA2_Channel4_5_IRQHandler               0x080001f7   Thumb Code     0  startup_stm32f10x_hd.o(.text)
    EXTI0_IRQHandler                         0x080001f7   Thumb Code     0  startup_stm32f10x_hd.o(.text)
    EXTI15_10_IRQHandler                     0x080001f7   Thumb Code     0  startup_stm32f10x_hd.o(.text)
    EXTI1_IRQHandler                         0x080001f7   Thumb Code     0  startup_stm32f10x_hd.o(.text)
    EXTI2_IRQHandler                         0x080001f7   Thumb Code     0  startup_stm32f10x_hd.o(.text)
    EXTI3_IRQHandler                         0x080001f7   Thumb Code     0  startup_stm32f10x_hd.o(.text)
    EXTI4_IRQHandler                         0x080001f7   Thumb Code     0  startup_stm32f10x_hd.o(.text)
    EXTI9_5_IRQHandler                       0x080001f7   Thumb Code     0  startup_stm32f10x_hd.o(.text)
    FLASH_IRQHandler                         0x080001f7   Thumb Code     0  startup_stm32f10x_hd.o(.text)
    FSMC_IRQHandler                          0x080001f7   Thumb Code     0  startup_stm32f10x_hd.o(.text)
    I2C1_ER_IRQHandler                       0x080001f7   Thumb Code     0  startup_stm32f10x_hd.o(.text)
    I2C1_EV_IRQHandler                       0x080001f7   Thumb Code     0  startup_stm32f10x_hd.o(.text)
    I2C2_ER_IRQHandler                       0x080001f7   Thumb Code     0  startup_stm32f10x_hd.o(.text)
    I2C2_EV_IRQHandler                       0x080001f7   Thumb Code     0  startup_stm32f10x_hd.o(.text)
    PVD_IRQHandler                           0x080001f7   Thumb Code     0  startup_stm32f10x_hd.o(.text)
    RCC_IRQHandler                           0x080001f7   Thumb Code     0  startup_stm32f10x_hd.o(.text)
    RTCAlarm_IRQHandler                      0x080001f7   Thumb Code     0  startup_stm32f10x_hd.o(.text)
    RTC_IRQHandler                           0x080001f7   Thumb Code     0  startup_stm32f10x_hd.o(.text)
    SDIO_IRQHandler                          0x080001f7   Thumb Code     0  startup_stm32f10x_hd.o(.text)
    SPI1_IRQHandler                          0x080001f7   Thumb Code     0  startup_stm32f10x_hd.o(.text)
    SPI2_IRQHandler                          0x080001f7   Thumb Code     0  startup_stm32f10x_hd.o(.text)
    SPI3_IRQHandler                          0x080001f7   Thumb Code     0  startup_stm32f10x_hd.o(.text)
    TAMPER_IRQHandler                        0x080001f7   Thumb Code     0  startup_stm32f10x_hd.o(.text)
    TIM1_BRK_IRQHandler                      0x080001f7   Thumb Code     0  startup_stm32f10x_hd.o(.text)
    TIM1_CC_IRQHandler                       0x080001f7   Thumb Code     0  startup_stm32f10x_hd.o(.text)
    TIM1_TRG_COM_IRQHandler                  0x080001f7   Thumb Code     0  startup_stm32f10x_hd.o(.text)
    TIM1_UP_IRQHandler                       0x080001f7   Thumb Code     0  startup_stm32f10x_hd.o(.text)
    TIM8_BRK_IRQHandler                      0x080001f7   Thumb Code     0  startup_stm32f10x_hd.o(.text)
    TIM8_CC_IRQHandler                       0x080001f7   Thumb Code     0  startup_stm32f10x_hd.o(.text)
    TIM8_TRG_COM_IRQHandler                  0x080001f7   Thumb Code     0  startup_stm32f10x_hd.o(.text)
    TIM8_UP_IRQHandler                       0x080001f7   Thumb Code     0  startup_stm32f10x_hd.o(.text)
    UART4_IRQHandler                         0x080001f7   Thumb Code     0  startup_stm32f10x_hd.o(.text)
    UART5_IRQHandler                         0x080001f7   Thumb Code     0  startup_stm32f10x_hd.o(.text)
    USART2_IRQHandler                        0x080001f7   Thumb Code     0  startup_stm32f10x_hd.o(.text)
    USART3_IRQHandler                        0x080001f7   Thumb Code     0  startup_stm32f10x_hd.o(.text)
    USBWakeUp_IRQHandler                     0x080001f7   Thumb Code     0  startup_stm32f10x_hd.o(.text)
    USB_HP_CAN1_TX_IRQHandler                0x080001f7   Thumb Code     0  startup_stm32f10x_hd.o(.text)
    USB_LP_CAN1_RX0_IRQHandler               0x080001f7   Thumb Code     0  startup_stm32f10x_hd.o(.text)
    WWDG_IRQHandler                          0x080001f7   Thumb Code     0  startup_stm32f10x_hd.o(.text)
    __aeabi_memcpy                           0x08000201   Thumb Code    36  memcpya.o(.text)
    __aeabi_memcpy4                          0x08000201   Thumb Code     0  memcpya.o(.text)
    __aeabi_memcpy8                          0x08000201   Thumb Code     0  memcpya.o(.text)
    __aeabi_memset                           0x08000225   Thumb Code    14  memseta.o(.text)
    __aeabi_memset4                          0x08000225   Thumb Code     0  memseta.o(.text)
    __aeabi_memset8                          0x08000225   Thumb Code     0  memseta.o(.text)
    __aeabi_memclr                           0x08000233   Thumb Code     4  memseta.o(.text)
    __aeabi_memclr4                          0x08000233   Thumb Code     0  memseta.o(.text)
    __aeabi_memclr8                          0x08000233   Thumb Code     0  memseta.o(.text)
    memset                                   0x08000237   Thumb Code    18  memseta.o(.text)
    strlen                                   0x08000249   Thumb Code    14  strlen.o(.text)
    strcpy                                   0x08000257   Thumb Code    18  strcpy.o(.text)
    __aeabi_uidiv                            0x08000269   Thumb Code     0  uidiv.o(.text)
    __aeabi_uidivmod                         0x08000269   Thumb Code    44  uidiv.o(.text)
    __aeabi_uldivmod                         0x08000295   Thumb Code    98  uldiv.o(.text)
    __I$use$fp                               0x080002f7   Thumb Code     0  iusefp.o(.text)
    __aeabi_dadd                             0x080002f7   Thumb Code   322  dadd.o(.text)
    __aeabi_dsub                             0x08000439   Thumb Code     6  dadd.o(.text)
    __aeabi_drsub                            0x0800043f   Thumb Code     6  dadd.o(.text)
    __aeabi_dmul                             0x08000445   Thumb Code   228  dmul.o(.text)
    __aeabi_ddiv                             0x08000529   Thumb Code   222  ddiv.o(.text)
    __aeabi_d2ulz                            0x08000607   Thumb Code    48  dfixul.o(.text)
    __aeabi_cdrcmple                         0x08000639   Thumb Code    48  cdrcmple.o(.text)
    __scatterload                            0x08000669   Thumb Code    28  init.o(.text)
    __scatterload_rt2                        0x08000669   Thumb Code     0  init.o(.text)
    __aeabi_llsl                             0x0800068d   Thumb Code    30  llshl.o(.text)
    __semihosting_library_function           0x0800068d   Thumb Code     0  semi.o(.text)
    _ll_shift_l                              0x0800068d   Thumb Code     0  llshl.o(.text)
    __aeabi_llsr                             0x080006ab   Thumb Code    32  llushr.o(.text)
    _ll_ushift_r                             0x080006ab   Thumb Code     0  llushr.o(.text)
    __aeabi_lasr                             0x080006cb   Thumb Code    36  llsshr.o(.text)
    _ll_sshift_r                             0x080006cb   Thumb Code     0  llsshr.o(.text)
    __I$use$semihosting$fputc                0x080006ef   Thumb Code     0  iusesemip.o(.text)
    _double_round                            0x080006ef   Thumb Code    30  depilogue.o(.text)
    _double_epilogue                         0x0800070d   Thumb Code   156  depilogue.o(.text)
    BusFault_Handler                         0x080007a9   Thumb Code     4  stm32f10x_it.o(i.BusFault_Handler)
    CreateHeatTask                           0x080007ad   Thumb Code    24  heat_task.o(i.CreateHeatTask)
    CreateQueryTask                          0x080007d9   Thumb Code    24  query_task.o(i.CreateQueryTask)
    DebugMon_Handler                         0x08000805   Thumb Code     2  stm32f10x_it.o(i.DebugMon_Handler)
    GPIO_Init                                0x08000807   Thumb Code   278  stm32f10x_gpio.o(i.GPIO_Init)
    HardFault_Handler                        0x0800091d   Thumb Code     4  stm32f10x_it.o(i.HardFault_Handler)
    Heat_Tast                                0x08000921   Thumb Code    40  heat_task.o(i.Heat_Tast)
    MemManage_Handler                        0x08000959   Thumb Code     4  stm32f10x_it.o(i.MemManage_Handler)
    NMI_Handler                              0x0800095d   Thumb Code     2  stm32f10x_it.o(i.NMI_Handler)
    NVIC_Init                                0x08000961   Thumb Code   100  misc.o(i.NVIC_Init)
    NVIC_PriorityGroupConfig                 0x080009d1   Thumb Code    10  misc.o(i.NVIC_PriorityGroupConfig)
    Query_Tast                               0x080009e5   Thumb Code   448  query_task.o(i.Query_Tast)
    RCC_APB1PeriphClockCmd                   0x08000dc9   Thumb Code    26  stm32f10x_rcc.o(i.RCC_APB1PeriphClockCmd)
    RCC_APB2PeriphClockCmd                   0x08000de9   Thumb Code    26  stm32f10x_rcc.o(i.RCC_APB2PeriphClockCmd)
    RCC_GetClocksFreq                        0x08000e09   Thumb Code   192  stm32f10x_rcc.o(i.RCC_GetClocksFreq)
    Start_Tast                               0x08000fc5   Thumb Code    30  main.o(i.Start_Tast)
    SysTick_CLKSourceConfig                  0x08000fe9   Thumb Code    40  misc.o(i.SysTick_CLKSourceConfig)
    SysTick_Handler                          0x08001011   Thumb Code    16  delay.o(i.SysTick_Handler)
    SystemInit                               0x08001021   Thumb Code    78  system_stm32f10x.o(i.SystemInit)
    TIM2_IRQHandler                          0x08001081   Thumb Code    88  timer.o(i.TIM2_IRQHandler)
    TIM2_Int_Init                            0x08001101   Thumb Code    96  timer.o(i.TIM2_Int_Init)
    TIM3_IRQHandler                          0x08001161   Thumb Code    42  timer.o(i.TIM3_IRQHandler)
    TIM3_Int_Init                            0x08001195   Thumb Code    98  timer.o(i.TIM3_Int_Init)
    TIM4_IRQHandler                          0x08001201   Thumb Code   116  timer.o(i.TIM4_IRQHandler)
    TIM5_IRQHandler                          0x0800129d   Thumb Code    20  timer.o(i.TIM5_IRQHandler)
    TIM5_Int_Init                            0x080012b5   Thumb Code    94  timer.o(i.TIM5_Int_Init)
    TIM6_IRQHandler                          0x08001319   Thumb Code    20  timer.o(i.TIM6_IRQHandler)
    TIM6_Int_Init                            0x08001331   Thumb Code    94  timer.o(i.TIM6_Int_Init)
    TIM7_IRQHandler                          0x08001395   Thumb Code    20  timer.o(i.TIM7_IRQHandler)
    TIM7_Int_Init                            0x080013ad   Thumb Code    94  timer.o(i.TIM7_Int_Init)
    TIME_INIT                                0x08001411   Thumb Code    24  timer.o(i.TIME_INIT)
    TIM_ClearITPendingBit                    0x08001429   Thumb Code     6  stm32f10x_tim.o(i.TIM_ClearITPendingBit)
    TIM_Cmd                                  0x0800142f   Thumb Code    24  stm32f10x_tim.o(i.TIM_Cmd)
    TIM_GetITStatus                          0x08001447   Thumb Code    34  stm32f10x_tim.o(i.TIM_GetITStatus)
    TIM_ITConfig                             0x08001469   Thumb Code    18  stm32f10x_tim.o(i.TIM_ITConfig)
    TIM_TimeBaseInit                         0x0800147d   Thumb Code   122  stm32f10x_tim.o(i.TIM_TimeBaseInit)
    UART_PRINTF                              0x08001521   Thumb Code    36  usart.o(i.UART_PRINTF)
    UART_PutChar                             0x0800154d   Thumb Code    30  usart.o(i.UART_PutChar)
    UART_PutStr                              0x0800156b   Thumb Code    26  usart.o(i.UART_PutStr)
    USART1_INIT                              0x08001585   Thumb Code   156  usart.o(i.USART1_INIT)
    USART1_IRQHandler                        0x08001629   Thumb Code   126  usart.o(i.USART1_IRQHandler)
    USART_Cmd                                0x080016d1   Thumb Code    24  stm32f10x_usart.o(i.USART_Cmd)
    USART_GetFlagStatus                      0x080016e9   Thumb Code    26  stm32f10x_usart.o(i.USART_GetFlagStatus)
    USART_ITConfig                           0x08001703   Thumb Code    74  stm32f10x_usart.o(i.USART_ITConfig)
    USART_Init                               0x0800174d   Thumb Code   210  stm32f10x_usart.o(i.USART_Init)
    USART_SendData                           0x08001825   Thumb Code     8  stm32f10x_usart.o(i.USART_SendData)
    UsageFault_Handler                       0x0800182d   Thumb Code     4  stm32f10x_it.o(i.UsageFault_Handler)
    __0printf$3                              0x08001831   Thumb Code    22  printf3.o(i.__0printf$3)
    __1printf$3                              0x08001831   Thumb Code     0  printf3.o(i.__0printf$3)
    __2printf                                0x08001831   Thumb Code     0  printf3.o(i.__0printf$3)
    __0sprintf$3                             0x08001851   Thumb Code    34  printf3.o(i.__0sprintf$3)
    __1sprintf$3                             0x08001851   Thumb Code     0  printf3.o(i.__0sprintf$3)
    __2sprintf                               0x08001851   Thumb Code     0  printf3.o(i.__0sprintf$3)
    __0vsprintf                              0x08001879   Thumb Code    30  printfa.o(i.__0vsprintf)
    __1vsprintf                              0x08001879   Thumb Code     0  printfa.o(i.__0vsprintf)
    __2vsprintf                              0x08001879   Thumb Code     0  printfa.o(i.__0vsprintf)
    __c89vsprintf                            0x08001879   Thumb Code     0  printfa.o(i.__0vsprintf)
    vsprintf                                 0x08001879   Thumb Code     0  printfa.o(i.__0vsprintf)
    __scatterload_copy                       0x0800189d   Thumb Code    14  handlers.o(i.__scatterload_copy)
    __scatterload_null                       0x080018ab   Thumb Code     2  handlers.o(i.__scatterload_null)
    __scatterload_zeroinit                   0x080018ad   Thumb Code    14  handlers.o(i.__scatterload_zeroinit)
    delay_init                               0x0800231d   Thumb Code    74  delay.o(i.delay_init)
    delay_us                                 0x08002379   Thumb Code    68  delay.o(i.delay_us)
    delay_xms                                0x080023c1   Thumb Code    24  delay.o(i.delay_xms)
    eTaskGetState                            0x080023d9   Thumb Code   102  tasks.o(i.eTaskGetState)
    fputc                                    0x08002479   Thumb Code    18  fputc.o(i.fputc)
    main                                     0x0800248d   Thumb Code    50  main.o(i.main)
    pvPortMalloc                             0x08003169   Thumb Code   262  heap_4.o(i.pvPortMalloc)
    pxPortInitialiseStack                    0x080032bd   Thumb Code    30  port.o(i.pxPortInitialiseStack)
    uxListRemove                             0x080032e1   Thumb Code    40  list.o(i.uxListRemove)
    uxTaskGetNumberOfTasks                   0x08003309   Thumb Code     6  tasks.o(i.uxTaskGetNumberOfTasks)
    uxTaskGetSystemState                     0x08003315   Thumb Code   156  tasks.o(i.uxTaskGetSystemState)
    vApplicationGetIdleTaskMemory            0x080033cd   Thumb Code    14  list_task.o(i.vApplicationGetIdleTaskMemory)
    vApplicationGetTimerTaskMemory           0x080033e5   Thumb Code    16  list_task.o(i.vApplicationGetTimerTaskMemory)
    vListInitialise                          0x080033fd   Thumb Code    26  list.o(i.vListInitialise)
    vListInitialiseItem                      0x08003417   Thumb Code     6  list.o(i.vListInitialiseItem)
    vListInsert                              0x0800341d   Thumb Code    52  list.o(i.vListInsert)
    vListInsertEnd                           0x08003451   Thumb Code    24  list.o(i.vListInsertEnd)
    vPortEnterCritical                       0x08003469   Thumb Code    68  port.o(i.vPortEnterCritical)
    vPortExitCritical                        0x080034f1   Thumb Code    48  port.o(i.vPortExitCritical)
    vPortFree                                0x08003561   Thumb Code   120  heap_4.o(i.vPortFree)
    vPortSetupTimerInterrupt                 0x08003619   Thumb Code    36  port.o(i.vPortSetupTimerInterrupt)
    vPortValidateInterruptPriority           0x08003641   Thumb Code    86  port.o(i.vPortValidateInterruptPriority)
    vQueueAddToRegistry                      0x080036e1   Thumb Code    38  queue.o(i.vQueueAddToRegistry)
    vQueueWaitForMessageRestricted           0x0800370d   Thumb Code    74  queue.o(i.vQueueWaitForMessageRestricted)
    vTaskDelay                               0x08003759   Thumb Code    72  tasks.o(i.vTaskDelay)
    vTaskDelete                              0x080037cd   Thumb Code   192  tasks.o(i.vTaskDelete)
    vTaskGetInfo                             0x080038d9   Thumb Code   126  tasks.o(i.vTaskGetInfo)
    vTaskGetRunTimeStats                     0x0800395d   Thumb Code   182  tasks.o(i.vTaskGetRunTimeStats)
    vTaskInternalSetTimeOutState             0x08003a31   Thumb Code    14  tasks.o(i.vTaskInternalSetTimeOutState)
    vTaskList                                0x08003a49   Thumb Code   204  tasks.o(i.vTaskList)
    vTaskMissedYield                         0x08003b29   Thumb Code     8  tasks.o(i.vTaskMissedYield)
    vTaskNotifyGiveFromISR                   0x08003b35   Thumb Code   196  tasks.o(i.vTaskNotifyGiveFromISR)
    vTaskPlaceOnEventList                    0x08003c35   Thumb Code    42  tasks.o(i.vTaskPlaceOnEventList)
    vTaskPlaceOnEventListRestricted          0x08003c89   Thumb Code    50  tasks.o(i.vTaskPlaceOnEventListRestricted)
    vTaskStartScheduler                      0x08003ce5   Thumb Code   150  tasks.o(i.vTaskStartScheduler)
    vTaskSuspendAll                          0x08003dbd   Thumb Code    12  tasks.o(i.vTaskSuspendAll)
    vTaskSwitchContext                       0x08003dcd   Thumb Code   164  tasks.o(i.vTaskSwitchContext)
    xPortStartScheduler                      0x08003eb5   Thumb Code   240  port.o(i.xPortStartScheduler)
    xPortSysTickHandler                      0x08003ff5   Thumb Code    46  port.o(i.xPortSysTickHandler)
    xQueueGenericCreateStatic                0x08004029   Thumb Code   172  queue.o(i.xQueueGenericCreateStatic)
    xQueueGenericReset                       0x080040f9   Thumb Code   134  queue.o(i.xQueueGenericReset)
    xQueueGenericSend                        0x080041a9   Thumb Code   412  queue.o(i.xQueueGenericSend)
    xQueueGenericSendFromISR                 0x0800436d   Thumb Code   234  queue.o(i.xQueueGenericSendFromISR)
    xQueueGiveFromISR                        0x0800447d   Thumb Code   216  queue.o(i.xQueueGiveFromISR)
    xQueueReceive                            0x08004579   Thumb Code   326  queue.o(i.xQueueReceive)
    xTaskCheckForTimeOut                     0x080046e9   Thumb Code   112  tasks.o(i.xTaskCheckForTimeOut)
    xTaskCreate                              0x08004785   Thumb Code   100  tasks.o(i.xTaskCreate)
    xTaskCreateStatic                        0x080047e9   Thumb Code   152  tasks.o(i.xTaskCreateStatic)
    xTaskGetHandle                           0x080048a5   Thumb Code   132  tasks.o(i.xTaskGetHandle)
    xTaskGetSchedulerState                   0x08004961   Thumb Code    24  tasks.o(i.xTaskGetSchedulerState)
    xTaskGetTickCount                        0x08004981   Thumb Code     6  tasks.o(i.xTaskGetTickCount)
    xTaskIncrementTick                       0x0800498d   Thumb Code   272  tasks.o(i.xTaskIncrementTick)
    xTaskPriorityDisinherit                  0x08004aed   Thumb Code   168  tasks.o(i.xTaskPriorityDisinherit)
    xTaskRemoveFromEventList                 0x08004bc5   Thumb Code   118  tasks.o(i.xTaskRemoveFromEventList)
    xTaskResumeAll                           0x08004c79   Thumb Code   214  tasks.o(i.xTaskResumeAll)
    xTimerCreateTimerTask                    0x08004d99   Thumb Code    90  timers.o(i.xTimerCreateTimerTask)
    xTimerGenericCommand                     0x08004e31   Thumb Code   118  timers.o(i.xTimerGenericCommand)
    Region$$Table$$Base                      0x080052e4   Number         0  anon$$obj.o(Region$$Table)
    Region$$Table$$Limit                     0x08005304   Number         0  anon$$obj.o(Region$$Table)
    Start_Task_Handler                       0x20000000   Data           4  main.o(.data)
    SystemCoreClock                          0x20000004   Data           4  system_stm32f10x.o(.data)
    AHBPrescTable                            0x20000008   Data          16  system_stm32f10x.o(.data)
    Uart1TxSem                               0x20000018   Data           4  usart.o(.data)
    Rnum                                     0x2000001c   Data           1  usart.o(.data)
    FreeRTOSRunTimeTicks                     0x20000028   Data           8  timer.o(.data)
    UQRBuf                                   0x20000030   Data          10  timer.o(.data)
    Query_Task_Handler                       0x2000003c   Data           4  query_task.o(.data)
    Heat_Task_Handler                        0x20000040   Data           4  heat_task.o(.data)
    Message_Queue                            0x20000048   Data           4  queue_task.o(.data)
    Queue_Task_Headler                       0x2000004c   Data           4  queue_task.o(.data)
    RQueue_Task_Headler                      0x20000050   Data           4  queue_task.o(.data)
    BIN_SEND_Task_Headler                    0x20000054   Data           4  binarysemaphore.o(.data)
    BIN_RECV_Task_Headler                    0x20000058   Data           4  binarysemaphore.o(.data)
    BinarySemaphore                          0x2000005c   Data           4  binarysemaphore.o(.data)
    NOTIFY_BIN_SEND_Task_Headler             0x20000060   Data           4  notifybintask.o(.data)
    NOTIFY_BIN_RECV_Task_Headler             0x20000064   Data           4  notifybintask.o(.data)
    pxCurrentTCB                             0x2000007c   Data           4  tasks.o(.data)
    __stdout                                 0x200000f8   Data           4  stdout.o(.data)
    UART1_FIFO                               0x200000fc   Data        1212  usart.o(.bss)
    U1                                       0x200005b8   Data        1458  usart.o(.bss)
    URBuf                                    0x20000b6a   Data          10  usart.o(.bss)
    TestList                                 0x20000b74   Data          20  list_task.o(.bss)
    ListItem1                                0x20000b88   Data          20  list_task.o(.bss)
    ListItem2                                0x20000b9c   Data          20  list_task.o(.bss)
    ListItem3                                0x20000bb0   Data          20  list_task.o(.bss)
    InfoBuffer                               0x2000129c   Data        1000  query_task.o(.bss)
    RunTimeInfo                              0x20001684   Data         400  query_task.o(.bss)
    xQueueRegistry                           0x20001814   Data          64  queue.o(.bss)
    __initial_sp                             0x20007008   Data           0  startup_stm32f10x_hd.o(STACK)



==============================================================================

Memory Map of the image

  Image Entry point : 0x080001dd

  Load Region LR_1 (Base: 0x08000000, Size: 0x00005400, Max: 0xffffffff, ABSOLUTE)

    Execution Region ER_RO (Base: 0x08000000, Size: 0x00005304, Max: 0xffffffff, ABSOLUTE)

    Base Addr    Size         Type   Attr      Idx    E Section Name        Object

    0x08000000   0x00000130   Data   RO         1062    RESET               startup_stm32f10x_hd.o
    0x08000130   0x00000000   Code   RO         4174  * .ARM.Collect$$$$00000000  mc_w.l(entry.o)
    0x08000130   0x00000004   Code   RO         4450    .ARM.Collect$$$$00000001  mc_w.l(entry2.o)
    0x08000134   0x00000004   Code   RO         4453    .ARM.Collect$$$$00000004  mc_w.l(entry5.o)
    0x08000138   0x00000000   Code   RO         4455    .ARM.Collect$$$$00000008  mc_w.l(entry7b.o)
    0x08000138   0x00000000   Code   RO         4457    .ARM.Collect$$$$0000000A  mc_w.l(entry8b.o)
    0x08000138   0x00000008   Code   RO         4458    .ARM.Collect$$$$0000000B  mc_w.l(entry9a.o)
    0x08000140   0x00000000   Code   RO         4460    .ARM.Collect$$$$0000000D  mc_w.l(entry10a.o)
    0x08000140   0x00000000   Code   RO         4462    .ARM.Collect$$$$0000000F  mc_w.l(entry11a.o)
    0x08000140   0x00000004   Code   RO         4451    .ARM.Collect$$$$00002712  mc_w.l(entry2.o)
    0x08000144   0x00000096   Code   RO         4097    .emb_text           port.o
    0x080001da   0x00000002   PAD
    0x080001dc   0x00000024   Code   RO         1063  * .text               startup_stm32f10x_hd.o
    0x08000200   0x00000024   Code   RO         4177    .text               mc_w.l(memcpya.o)
    0x08000224   0x00000024   Code   RO         4181    .text               mc_w.l(memseta.o)
    0x08000248   0x0000000e   Code   RO         4183    .text               mc_w.l(strlen.o)
    0x08000256   0x00000012   Code   RO         4185    .text               mc_w.l(strcpy.o)
    0x08000268   0x0000002c   Code   RO         4467    .text               mc_w.l(uidiv.o)
    0x08000294   0x00000062   Code   RO         4469    .text               mc_w.l(uldiv.o)
    0x080002f6   0x00000000   Code   RO         4471    .text               mc_w.l(iusefp.o)
    0x080002f6   0x0000014e   Code   RO         4472    .text               mf_w.l(dadd.o)
    0x08000444   0x000000e4   Code   RO         4474    .text               mf_w.l(dmul.o)
    0x08000528   0x000000de   Code   RO         4476    .text               mf_w.l(ddiv.o)
    0x08000606   0x00000030   Code   RO         4478    .text               mf_w.l(dfixul.o)
    0x08000636   0x00000002   PAD
    0x08000638   0x00000030   Code   RO         4480    .text               mf_w.l(cdrcmple.o)
    0x08000668   0x00000024   Code   RO         4482    .text               mc_w.l(init.o)
    0x0800068c   0x00000000   Code   RO         4484    .text               mc_w.l(semi.o)
    0x0800068c   0x0000001e   Code   RO         4485    .text               mc_w.l(llshl.o)
    0x080006aa   0x00000020   Code   RO         4487    .text               mc_w.l(llushr.o)
    0x080006ca   0x00000024   Code   RO         4489    .text               mc_w.l(llsshr.o)
    0x080006ee   0x00000000   Code   RO         4491    .text               mc_w.l(iusesemip.o)
    0x080006ee   0x000000ba   Code   RO         4492    .text               mf_w.l(depilogue.o)
    0x080007a8   0x00000004   Code   RO          205    i.BusFault_Handler  stm32f10x_it.o
    0x080007ac   0x0000002c   Code   RO          789    i.CreateHeatTask    heat_task.o
    0x080007d8   0x0000002c   Code   RO          766    i.CreateQueryTask   query_task.o
    0x08000804   0x00000002   Code   RO          206    i.DebugMon_Handler  stm32f10x_it.o
    0x08000806   0x00000116   Code   RO         1655    i.GPIO_Init         stm32f10x_gpio.o
    0x0800091c   0x00000004   Code   RO          207    i.HardFault_Handler  stm32f10x_it.o
    0x08000920   0x00000038   Code   RO          790    i.Heat_Tast         heat_task.o
    0x08000958   0x00000004   Code   RO          208    i.MemManage_Handler  stm32f10x_it.o
    0x0800095c   0x00000002   Code   RO          209    i.NMI_Handler       stm32f10x_it.o
    0x0800095e   0x00000002   PAD
    0x08000960   0x00000070   Code   RO         1067    i.NVIC_Init         misc.o
    0x080009d0   0x00000014   Code   RO         1068    i.NVIC_PriorityGroupConfig  misc.o
    0x080009e4   0x000003e4   Code   RO          767    i.Query_Tast        query_task.o
    0x08000dc8   0x00000020   Code   RO         1807    i.RCC_APB1PeriphClockCmd  stm32f10x_rcc.o
    0x08000de8   0x00000020   Code   RO         1809    i.RCC_APB2PeriphClockCmd  stm32f10x_rcc.o
    0x08000e08   0x000000d4   Code   RO         1817    i.RCC_GetClocksFreq  stm32f10x_rcc.o
    0x08000edc   0x00000008   Code   RO          276    i.SetSysClock       system_stm32f10x.o
    0x08000ee4   0x000000e0   Code   RO          277    i.SetSysClockTo72   system_stm32f10x.o
    0x08000fc4   0x00000024   Code   RO            1    i.Start_Tast        main.o
    0x08000fe8   0x00000028   Code   RO         1071    i.SysTick_CLKSourceConfig  misc.o
    0x08001010   0x00000010   Code   RO          439    i.SysTick_Handler   delay.o
    0x08001020   0x00000060   Code   RO          279    i.SystemInit        system_stm32f10x.o
    0x08001080   0x00000080   Code   RO          519    i.TIM2_IRQHandler   timer.o
    0x08001100   0x00000060   Code   RO          520    i.TIM2_Int_Init     timer.o
    0x08001160   0x00000034   Code   RO          521    i.TIM3_IRQHandler   timer.o
    0x08001194   0x0000006c   Code   RO          522    i.TIM3_Int_Init     timer.o
    0x08001200   0x0000009c   Code   RO          523    i.TIM4_IRQHandler   timer.o
    0x0800129c   0x00000018   Code   RO          525    i.TIM5_IRQHandler   timer.o
    0x080012b4   0x00000064   Code   RO          526    i.TIM5_Int_Init     timer.o
    0x08001318   0x00000018   Code   RO          527    i.TIM6_IRQHandler   timer.o
    0x08001330   0x00000064   Code   RO          528    i.TIM6_Int_Init     timer.o
    0x08001394   0x00000018   Code   RO          529    i.TIM7_IRQHandler   timer.o
    0x080013ac   0x00000064   Code   RO          530    i.TIM7_Int_Init     timer.o
    0x08001410   0x00000018   Code   RO          531    i.TIME_INIT         timer.o
    0x08001428   0x00000006   Code   RO         2106    i.TIM_ClearITPendingBit  stm32f10x_tim.o
    0x0800142e   0x00000018   Code   RO         2111    i.TIM_Cmd           stm32f10x_tim.o
    0x08001446   0x00000022   Code   RO         2132    i.TIM_GetITStatus   stm32f10x_tim.o
    0x08001468   0x00000012   Code   RO         2136    i.TIM_ITConfig      stm32f10x_tim.o
    0x0800147a   0x00000002   PAD
    0x0800147c   0x000000a4   Code   RO         2182    i.TIM_TimeBaseInit  stm32f10x_tim.o
    0x08001520   0x0000002c   Code   RO          315    i.UART_PRINTF       usart.o
    0x0800154c   0x0000001e   Code   RO          316    i.UART_PutChar      usart.o
    0x0800156a   0x0000001a   Code   RO          317    i.UART_PutStr       usart.o
    0x08001584   0x000000a4   Code   RO          320    i.USART1_INIT       usart.o
    0x08001628   0x000000a8   Code   RO          321    i.USART1_IRQHandler  usart.o
    0x080016d0   0x00000018   Code   RO         2647    i.USART_Cmd         stm32f10x_usart.o
    0x080016e8   0x0000001a   Code   RO         2650    i.USART_GetFlagStatus  stm32f10x_usart.o
    0x08001702   0x0000004a   Code   RO         2653    i.USART_ITConfig    stm32f10x_usart.o
    0x0800174c   0x000000d8   Code   RO         2654    i.USART_Init        stm32f10x_usart.o
    0x08001824   0x00000008   Code   RO         2664    i.USART_SendData    stm32f10x_usart.o
    0x0800182c   0x00000004   Code   RO          210    i.UsageFault_Handler  stm32f10x_it.o
    0x08001830   0x00000020   Code   RO         4278    i.__0printf$3       mc_w.l(printf3.o)
    0x08001850   0x00000028   Code   RO         4280    i.__0sprintf$3      mc_w.l(printf3.o)
    0x08001878   0x00000024   Code   RO         4428    i.__0vsprintf       mc_w.l(printfa.o)
    0x0800189c   0x0000000e   Code   RO         4496    i.__scatterload_copy  mc_w.l(handlers.o)
    0x080018aa   0x00000002   Code   RO         4497    i.__scatterload_null  mc_w.l(handlers.o)
    0x080018ac   0x0000000e   Code   RO         4498    i.__scatterload_zeroinit  mc_w.l(handlers.o)
    0x080018ba   0x00000002   PAD
    0x080018bc   0x00000164   Code   RO         4429    i._fp_digits        mc_w.l(printfa.o)
    0x08001a20   0x000001b8   Code   RO         4285    i._printf_core      mc_w.l(printf3.o)
    0x08001bd8   0x000006dc   Code   RO         4430    i._printf_core      mc_w.l(printfa.o)
    0x080022b4   0x00000024   Code   RO         4431    i._printf_post_padding  mc_w.l(printfa.o)
    0x080022d8   0x0000002e   Code   RO         4432    i._printf_pre_padding  mc_w.l(printfa.o)
    0x08002306   0x0000000a   Code   RO         4287    i._sputc            mc_w.l(printf3.o)
    0x08002310   0x0000000a   Code   RO         4434    i._sputc            mc_w.l(printfa.o)
    0x0800231a   0x00000002   PAD
    0x0800231c   0x0000005c   Code   RO          440    i.delay_init        delay.o
    0x08002378   0x00000048   Code   RO          442    i.delay_us          delay.o
    0x080023c0   0x00000018   Code   RO          443    i.delay_xms         delay.o
    0x080023d8   0x000000a0   Code   RO         3496    i.eTaskGetState     tasks.o
    0x08002478   0x00000012   Code   RO         4464    i.fputc             mc_w.l(fputc.o)
    0x0800248a   0x00000002   PAD
    0x0800248c   0x00000044   Code   RO            2    i.main              main.o
    0x080024d0   0x00000098   Code   RO         3498    i.prvAddCurrentTaskToDelayedList  tasks.o
    0x08002568   0x000000b8   Code   RO         3499    i.prvAddNewTaskToReadyList  tasks.o
    0x08002620   0x00000074   Code   RO         3900    i.prvCheckForValidListAndQueue  timers.o
    0x08002694   0x00000048   Code   RO         3500    i.prvCheckTasksWaitingTermination  tasks.o
    0x080026dc   0x0000002a   Code   RO         3067    i.prvCopyDataFromQueue  queue.o
    0x08002706   0x0000007c   Code   RO         3068    i.prvCopyDataToQueue  queue.o
    0x08002782   0x00000002   PAD
    0x08002784   0x0000006c   Code   RO         3501    i.prvDeleteTCB      tasks.o
    0x080027f0   0x00000028   Code   RO         3901    i.prvGetNextExpireTime  timers.o
    0x08002818   0x0000007c   Code   RO         4048    i.prvHeapInit       heap_4.o
    0x08002894   0x00000028   Code   RO         3502    i.prvIdleTask       tasks.o
    0x080028bc   0x0000002e   Code   RO         3071    i.prvInitialiseNewQueue  queue.o
    0x080028ea   0x00000002   PAD
    0x080028ec   0x000000d0   Code   RO         3503    i.prvInitialiseNewTask  tasks.o
    0x080029bc   0x00000068   Code   RO         3504    i.prvInitialiseTaskLists  tasks.o
    0x08002a24   0x00000068   Code   RO         4049    i.prvInsertBlockIntoFreeList  heap_4.o
    0x08002a8c   0x00000058   Code   RO         3903    i.prvInsertTimerInActiveList  timers.o
    0x08002ae4   0x0000001a   Code   RO         3072    i.prvIsQueueEmpty   queue.o
    0x08002afe   0x0000001e   Code   RO         3073    i.prvIsQueueFull    queue.o
    0x08002b1c   0x0000006a   Code   RO         3505    i.prvListTasksWithinSingleList  tasks.o
    0x08002b86   0x00000002   PAD
    0x08002b88   0x000000a0   Code   RO         3074    i.prvNotifyQueueSetContainer  queue.o
    0x08002c28   0x00000080   Code   RO         3904    i.prvProcessExpiredTimer  timers.o
    0x08002ca8   0x00000130   Code   RO         3905    i.prvProcessReceivedCommands  timers.o
    0x08002dd8   0x00000074   Code   RO         3906    i.prvProcessTimerOrBlockTask  timers.o
    0x08002e4c   0x00000034   Code   RO         3506    i.prvResetNextTaskUnblockTime  tasks.o
    0x08002e80   0x0000002c   Code   RO         3907    i.prvSampleTimeNow  timers.o
    0x08002eac   0x0000009e   Code   RO         3507    i.prvSearchForNameWithinSingleList  tasks.o
    0x08002f4a   0x00000002   PAD
    0x08002f4c   0x000000bc   Code   RO         3908    i.prvSwitchTimerLists  timers.o
    0x08003008   0x00000016   Code   RO         3508    i.prvTaskCheckFreeStackSpace  tasks.o
    0x0800301e   0x00000002   PAD
    0x08003020   0x00000070   Code   RO         4098    i.prvTaskExitError  port.o
    0x08003090   0x0000001a   Code   RO         3909    i.prvTimerTask      timers.o
    0x080030aa   0x00000092   Code   RO         3075    i.prvUnlockQueue    queue.o
    0x0800313c   0x0000002a   Code   RO         3510    i.prvWriteNameToBuffer  tasks.o
    0x08003166   0x00000002   PAD
    0x08003168   0x00000154   Code   RO         4050    i.pvPortMalloc      heap_4.o
    0x080032bc   0x00000024   Code   RO         4099    i.pxPortInitialiseStack  port.o
    0x080032e0   0x00000028   Code   RO         3027    i.uxListRemove      list.o
    0x08003308   0x0000000c   Code   RO         3513    i.uxTaskGetNumberOfTasks  tasks.o
    0x08003314   0x000000b8   Code   RO         3514    i.uxTaskGetSystemState  tasks.o
    0x080033cc   0x00000018   Code   RO          706    i.vApplicationGetIdleTaskMemory  list_task.o
    0x080033e4   0x00000018   Code   RO          707    i.vApplicationGetTimerTaskMemory  list_task.o
    0x080033fc   0x0000001a   Code   RO         3028    i.vListInitialise   list.o
    0x08003416   0x00000006   Code   RO         3029    i.vListInitialiseItem  list.o
    0x0800341c   0x00000034   Code   RO         3030    i.vListInsert       list.o
    0x08003450   0x00000018   Code   RO         3031    i.vListInsertEnd    list.o
    0x08003468   0x00000088   Code   RO         4101    i.vPortEnterCritical  port.o
    0x080034f0   0x00000070   Code   RO         4102    i.vPortExitCritical  port.o
    0x08003560   0x000000b8   Code   RO         4051    i.vPortFree         heap_4.o
    0x08003618   0x00000028   Code   RO         4103    i.vPortSetupTimerInterrupt  port.o
    0x08003640   0x000000a0   Code   RO         4104    i.vPortValidateInterruptPriority  port.o
    0x080036e0   0x0000002c   Code   RO         3081    i.vQueueAddToRegistry  queue.o
    0x0800370c   0x0000004a   Code   RO         3085    i.vQueueWaitForMessageRestricted  queue.o
    0x08003756   0x00000002   PAD
    0x08003758   0x00000074   Code   RO         3519    i.vTaskDelay        tasks.o
    0x080037cc   0x0000010c   Code   RO         3521    i.vTaskDelete       tasks.o
    0x080038d8   0x00000084   Code   RO         3523    i.vTaskGetInfo      tasks.o
    0x0800395c   0x000000d4   Code   RO         3524    i.vTaskGetRunTimeStats  tasks.o
    0x08003a30   0x00000018   Code   RO         3525    i.vTaskInternalSetTimeOutState  tasks.o
    0x08003a48   0x000000e0   Code   RO         3526    i.vTaskList         tasks.o
    0x08003b28   0x0000000c   Code   RO         3527    i.vTaskMissedYield  tasks.o
    0x08003b34   0x00000100   Code   RO         3528    i.vTaskNotifyGiveFromISR  tasks.o
    0x08003c34   0x00000054   Code   RO         3529    i.vTaskPlaceOnEventList  tasks.o
    0x08003c88   0x0000005c   Code   RO         3530    i.vTaskPlaceOnEventListRestricted  tasks.o
    0x08003ce4   0x000000d8   Code   RO         3538    i.vTaskStartScheduler  tasks.o
    0x08003dbc   0x00000010   Code   RO         3540    i.vTaskSuspendAll   tasks.o
    0x08003dcc   0x000000e8   Code   RO         3541    i.vTaskSwitchContext  tasks.o
    0x08003eb4   0x00000140   Code   RO         4105    i.xPortStartScheduler  port.o
    0x08003ff4   0x00000034   Code   RO         4106    i.xPortSysTickHandler  port.o
    0x08004028   0x000000d0   Code   RO         3093    i.xQueueGenericCreateStatic  queue.o
    0x080040f8   0x000000b0   Code   RO         3094    i.xQueueGenericReset  queue.o
    0x080041a8   0x000001c4   Code   RO         3095    i.xQueueGenericSend  queue.o
    0x0800436c   0x00000110   Code   RO         3096    i.xQueueGenericSendFromISR  queue.o
    0x0800447c   0x000000fc   Code   RO         3097    i.xQueueGiveFromISR  queue.o
    0x08004578   0x00000170   Code   RO         3103    i.xQueueReceive     queue.o
    0x080046e8   0x0000009c   Code   RO         3542    i.xTaskCheckForTimeOut  tasks.o
    0x08004784   0x00000064   Code   RO         3543    i.xTaskCreate       tasks.o
    0x080047e8   0x000000bc   Code   RO         3544    i.xTaskCreateStatic  tasks.o
    0x080048a4   0x000000bc   Code   RO         3548    i.xTaskGetHandle    tasks.o
    0x08004960   0x00000020   Code   RO         3549    i.xTaskGetSchedulerState  tasks.o
    0x08004980   0x0000000c   Code   RO         3550    i.xTaskGetTickCount  tasks.o
    0x0800498c   0x00000160   Code   RO         3552    i.xTaskIncrementTick  tasks.o
    0x08004aec   0x000000d8   Code   RO         3555    i.xTaskPriorityDisinherit  tasks.o
    0x08004bc4   0x000000b4   Code   RO         3557    i.xTaskRemoveFromEventList  tasks.o
    0x08004c78   0x00000120   Code   RO         3558    i.xTaskResumeAll    tasks.o
    0x08004d98   0x00000098   Code   RO         3916    i.xTimerCreateTimerTask  timers.o
    0x08004e30   0x000000a4   Code   RO         3917    i.xTimerGenericCommand  timers.o
    0x08004ed4   0x0000040e   Data   RO          769    .conststring        query_task.o
    0x080052e2   0x00000002   PAD
    0x080052e4   0x00000020   Data   RO         4494    Region$$Table       anon$$obj.o


    Execution Region ER_RW (Base: 0x20000000, Size: 0x000000fc, Max: 0xffffffff, ABSOLUTE)

    Base Addr    Size         Type   Attr      Idx    E Section Name        Object

    0x20000000   0x00000004   Data   RW            3    .data               main.o
    0x20000004   0x00000014   Data   RW          280    .data               system_stm32f10x.o
    0x20000018   0x00000005   Data   RW          324    .data               usart.o
    0x2000001d   0x00000001   PAD
    0x2000001e   0x00000004   Data   RW          444    .data               delay.o
    0x20000022   0x00000006   PAD
    0x20000028   0x00000012   Data   RW          532    .data               timer.o
    0x2000003a   0x00000002   PAD
    0x2000003c   0x00000004   Data   RW          770    .data               query_task.o
    0x20000040   0x00000005   Data   RW          791    .data               heat_task.o
    0x20000045   0x00000003   PAD
    0x20000048   0x0000000c   Data   RW          814    .data               queue_task.o
    0x20000054   0x0000000c   Data   RW          846    .data               binarysemaphore.o
    0x20000060   0x00000008   Data   RW          999    .data               notifybintask.o
    0x20000068   0x00000014   Data   RW         1837    .data               stm32f10x_rcc.o
    0x2000007c   0x00000044   Data   RW         3561    .data               tasks.o
    0x200000c0   0x00000014   Data   RW         3925    .data               timers.o
    0x200000d4   0x00000018   Data   RW         4056    .data               heap_4.o
    0x200000ec   0x0000000c   Data   RW         4107    .data               port.o
    0x200000f8   0x00000004   Data   RW         4466    .data               mc_w.l(stdout.o)


    Execution Region ER_ZI (Base: 0x200000fc, Size: 0x00006f0c, Max: 0xffffffff, ABSOLUTE)

    Base Addr    Size         Type   Attr      Idx    E Section Name        Object

    0x200000fc   0x00000a78   Zero   RW          323    .bss                usart.o
    0x20000b74   0x00000728   Zero   RW          708    .bss                list_task.o
    0x2000129c   0x00000578   Zero   RW          768    .bss                query_task.o
    0x20001814   0x00000040   Zero   RW         3110    .bss                queue.o
    0x20001854   0x000002e4   Zero   RW         3560    .bss                tasks.o
    0x20001b38   0x000000cc   Zero   RW         3924    .bss                timers.o
    0x20001c04   0x00005000   Zero   RW         4055    .bss                heap_4.o
    0x20006c04   0x00000004   PAD
    0x20006c08   0x00000400   Zero   RW         1060    STACK               startup_stm32f10x_hd.o


==============================================================================

Image component sizes


      Code (inc. data)   RO Data    RW Data    ZI Data      Debug   Object Name

         0          0          0         12          0        354   binarysemaphore.o
       204         22          0          4          0       2174   delay.o
         0          0          0          0          0      17436   event_groups_1.o
       752        176          0         24      20480       3719   heap_4.o
       100         36          0          5          0       1137   heat_task.o
       148          0          0          0          0      11046   list.o
        48         18          0          0       1832       2047   list_task.o
       104         24          0          4          0     281925   main.o
       172         22          0          0          0       1993   misc.o
         0          0          0          8          0        332   notifybintask.o
      1118        378          0         12          0       9965   port.o
      1040        574       1038          4       1400       2019   query_task.o
      2420        276          0          0         64      13344   queue.o
         0          0          0         12          0        335   queue_task.o
        36          8        304          0       1024        780   startup_stm32f10x_hd.o
       278          0          0          0          0       1920   stm32f10x_gpio.o
        20          0          0          0          0       2381   stm32f10x_it.o
       276         32          0         20          0       4350   stm32f10x_rcc.o
       246         42          0          0          0       3442   stm32f10x_tim.o
       348          6          0          0          0       4721   stm32f10x_usart.o
         0          0          0          0          0         32   sys.o
       328         28          0         20          0       2005   system_stm32f10x.o
      5200       1178          0         68        740      44616   tasks.o
       936        130          0         18          0       6746   timer.o
      1366        324          0         20        204       8423   timers.o
       432         58          0          5       2680       4035   usart.o

    ----------------------------------------------------------------------
     15592       3332       1376        248      28428     431277   Object Totals
         0          0         32          0          0          0   (incl. Generated)
        20          0          2         12          4          0   (incl. Padding)

    ----------------------------------------------------------------------

      Code (inc. data)   RO Data    RW Data    ZI Data      Debug   Library Member Name

         0          0          0          0          0          0   entry.o
         0          0          0          0          0          0   entry10a.o
         0          0          0          0          0          0   entry11a.o
         8          4          0          0          0          0   entry2.o
         4          0          0          0          0          0   entry5.o
         0          0          0          0          0          0   entry7b.o
         0          0          0          0          0          0   entry8b.o
         8          4          0          0          0          0   entry9a.o
        18          0          0          0          0         80   fputc.o
        30          0          0          0          0          0   handlers.o
        36          8          0          0          0         68   init.o
         0          0          0          0          0          0   iusefp.o
         0          0          0          0          0          0   iusesemip.o
        30          0          0          0          0         68   llshl.o
        36          0          0          0          0         68   llsshr.o
        32          0          0          0          0         68   llushr.o
        36          0          0          0          0         68   memcpya.o
        36          0          0          0          0        108   memseta.o
       522         20          0          0          0        336   printf3.o
      2240         86          0          0          0        508   printfa.o
         0          0          0          0          0          0   semi.o
         0          0          0          4          0          0   stdout.o
        18          0          0          0          0         68   strcpy.o
        14          0          0          0          0         68   strlen.o
        44          0          0          0          0         80   uidiv.o
        98          0          0          0          0         92   uldiv.o
        48          0          0          0          0         68   cdrcmple.o
       334          0          0          0          0        148   dadd.o
       222          0          0          0          0        100   ddiv.o
       186          0          0          0          0        176   depilogue.o
        48          0          0          0          0         68   dfixul.o
       228          0          0          0          0         96   dmul.o

    ----------------------------------------------------------------------
      4284        122          0          4          0       2336   Library Totals
         8          0          0          0          0          0   (incl. Padding)

    ----------------------------------------------------------------------

      Code (inc. data)   RO Data    RW Data    ZI Data      Debug   Library Name

      3210        122          0          4          0       1680   mc_w.l
      1066          0          0          0          0        656   mf_w.l

    ----------------------------------------------------------------------
      4284        122          0          4          0       2336   Library Totals

    ----------------------------------------------------------------------

==============================================================================


      Code (inc. data)   RO Data    RW Data    ZI Data      Debug   

     19876       3454       1376        252      28428     425601   Grand Totals
     19876       3454       1376        252      28428     425601   ELF Image Totals
     19876       3454       1376        252          0          0   ROM Totals

==============================================================================

    Total RO  Size (Code + RO Data)                21252 (  20.75kB)
    Total RW  Size (RW Data + ZI Data)             28680 (  28.01kB)
    Total ROM Size (Code + RO Data + RW Data)      21504 (  21.00kB)

==============================================================================

